Version identifier: 20.1.0.0 | 2020-11-10 | 9bedb6d68
CPXPARAM_Threads                                 4
CPXPARAM_Emphasis_Numerical                      1
CPXPARAM_RandomSeed                              1
CPXPARAM_Simplex_Tolerances_Optimality           1.0000000000000001e-09
CPXPARAM_Simplex_Tolerances_Feasibility          1.0000000000000001e-09
CPXPARAM_MIP_Tolerances_AbsMIPGap                9.9999999999999995e-08
CPXPARAM_MIP_Tolerances_MIPGap                   0
CPXPARAM_MIP_Tolerances_Integrality              0
Found incumbent of value 1348.477500 after 0.01 sec. (0.02 ticks)
Tried aggregator 2 times.
MIP Presolve eliminated 10 rows and 10 columns.
MIP Presolve added 2 rows and 0 columns.
Aggregator did 19 substitutions.
Reduced MIP has 141 rows, 151 columns, and 354 nonzeros.
Reduced MIP has 55 binaries, 0 generals, 0 SOSs, and 0 indicators.
Presolve time = 0.00 sec. (0.34 ticks)
Probing fixed 0 vars, tightened 1 bounds.
Probing time = 0.00 sec. (0.15 ticks)
Tried aggregator 1 time.
Detecting symmetries...
MIP Presolve modified 4 coefficients.
Reduced MIP has 141 rows, 151 columns, and 354 nonzeros.
Reduced MIP has 55 binaries, 0 generals, 0 SOSs, and 0 indicators.
Presolve time = 0.00 sec. (0.27 ticks)
Probing time = 0.00 sec. (0.15 ticks)
MIP emphasis: balance optimality and feasibility.
MIP search method: dynamic search.
Parallel mode: deterministic, using up to 4 threads.
Root relaxation solution time = 0.00 sec. (0.32 ticks)

        Nodes                                         Cuts/
   Node  Left     Objective  IInf  Best Integer    Best Bound    ItCnt     Gap

*     0+    0                         1348.4775        0.0000           100.00%
*     0+    0                         1036.6915        0.0000           100.00%
*     0+    0                         1004.8515        0.0000           100.00%
      0     0      642.4573    25     1004.8515      642.4573       69   36.06%
*     0+    0                          778.5280      642.4573            17.48%
      0     0      687.1710    30      778.5280      Cuts: 65       88   11.73%
      0     0      726.4517     5      778.5280      Cuts: 52      113    6.69%
*     0+    0                          739.2635      726.4517             1.73%
      0     0        cutoff            739.2635                    118    0.00%
Elapsed time = 0.05 sec. (5.80 ticks, tree = 0.01 MB, solutions = 5)

Implied bound cuts applied:  6
Flow cuts applied:  19
Mixed integer rounding cuts applied:  24
Flow path cuts applied:  12
Gomory fractional cuts applied:  8

Root node processing (before b&c):
  Real time             =    0.06 sec. (5.82 ticks)
Parallel b&c, 4 threads:
  Real time             =    0.00 sec. (0.00 ticks)
  Sync time (average)   =    0.00 sec.
  Wait time (average)   =    0.00 sec.
                          ------------
Total (root+branch&cut) =    0.06 sec. (5.82 ticks)
Version identifier: 20.1.0.0 | 2020-11-10 | 9bedb6d68
CPXPARAM_Threads                                 4
CPXPARAM_Emphasis_Numerical                      1
CPXPARAM_RandomSeed                              1
CPXPARAM_Simplex_Tolerances_Optimality           1.0000000000000001e-09
CPXPARAM_Simplex_Tolerances_Feasibility          1.0000000000000001e-09
CPXPARAM_MIP_Tolerances_AbsMIPGap                9.9999999999999995e-08
CPXPARAM_MIP_Tolerances_MIPGap                   0
CPXPARAM_MIP_Tolerances_Integrality              0
Tried aggregator 1 time.
LP Presolve eliminated 118 rows and 130 columns.
Aggregator did 50 substitutions.
All rows and columns eliminated.
Presolve time = 0.00 sec. (0.10 ticks)
