Version identifier: 20.1.0.0 | 2020-11-10 | 9bedb6d68
CPXPARAM_Threads                                 4
CPXPARAM_Emphasis_Numerical                      1
CPXPARAM_RandomSeed                              1
CPXPARAM_Simplex_Tolerances_Optimality           1.0000000000000001e-09
CPXPARAM_Simplex_Tolerances_Feasibility          1.0000000000000001e-09
CPXPARAM_MIP_Tolerances_AbsMIPGap                9.9999999999999995e-08
CPXPARAM_MIP_Tolerances_MIPGap                   0
CPXPARAM_MIP_Tolerances_Integrality              0
Found incumbent of value 924.954000 after 0.00 sec. (0.02 ticks)
Tried aggregator 2 times.
MIP Presolve eliminated 10 rows and 10 columns.
MIP Presolve added 2 rows and 0 columns.
Aggregator did 22 substitutions.
Reduced MIP has 138 rows, 148 columns, and 358 nonzeros.
Reduced MIP has 55 binaries, 0 generals, 0 SOSs, and 0 indicators.
Presolve time = 0.00 sec. (0.34 ticks)
Probing fixed 0 vars, tightened 1 bounds.
Probing time = 0.00 sec. (0.13 ticks)
Tried aggregator 1 time.
Detecting symmetries...
MIP Presolve modified 4 coefficients.
Reduced MIP has 138 rows, 148 columns, and 358 nonzeros.
Reduced MIP has 55 binaries, 0 generals, 0 SOSs, and 0 indicators.
Presolve time = 0.00 sec. (0.26 ticks)
Probing time = 0.00 sec. (0.13 ticks)
MIP emphasis: balance optimality and feasibility.
MIP search method: dynamic search.
Parallel mode: deterministic, using up to 4 threads.
Root relaxation solution time = 0.00 sec. (0.25 ticks)

        Nodes                                         Cuts/
   Node  Left     Objective  IInf  Best Integer    Best Bound    ItCnt     Gap

*     0+    0                          924.9540        0.0000           100.00%
*     0+    0                          919.6900        0.0000           100.00%
      0     0      431.1351    33      919.6900      431.1351       55   53.12%
*     0+    0                          851.6700      431.1351            49.38%
      0     0      512.6091    25      851.6700      Cuts: 87       95   39.81%
*     0+    0                          639.2480      512.6091            19.81%
      0     0      556.1953    28      639.2480      Cuts: 70      160   12.99%
*     0+    0                          620.7825      556.1953            10.40%
      0     0      564.3976    28      620.7825      Cuts: 44      193    9.08%
      0     0      568.5221    26      620.7825      Cuts: 34      220    8.42%
*     0+    0                          618.2275      568.5221             8.04%
      0     0      569.0657    16      618.2275      Cuts: 16      235    7.95%
      0     0      569.7397    22      618.2275       Cuts: 7      250    7.84%
      0     0      569.7735    21      618.2275      Cuts: 10      256    7.84%
      0     0      570.2706    18      618.2275       Cuts: 2      275    7.76%
*     0+    0                          572.7275      570.2706             0.43%
      0     0        cutoff            572.7275      570.2706      284    0.43%
Elapsed time = 0.13 sec. (23.34 ticks, tree = 0.02 MB, solutions = 7)

Implied bound cuts applied:  2
Flow cuts applied:  14
Mixed integer rounding cuts applied:  25
Flow path cuts applied:  25
Gomory fractional cuts applied:  4

Root node processing (before b&c):
  Real time             =    0.11 sec. (23.12 ticks)
Parallel b&c, 4 threads:
  Real time             =    0.01 sec. (0.28 ticks)
  Sync time (average)   =    0.01 sec.
  Wait time (average)   =    0.00 sec.
                          ------------
Total (root+branch&cut) =    0.13 sec. (23.39 ticks)
Version identifier: 20.1.0.0 | 2020-11-10 | 9bedb6d68
CPXPARAM_Threads                                 4
CPXPARAM_Emphasis_Numerical                      1
CPXPARAM_RandomSeed                              1
CPXPARAM_Simplex_Tolerances_Optimality           1.0000000000000001e-09
CPXPARAM_Simplex_Tolerances_Feasibility          1.0000000000000001e-09
CPXPARAM_MIP_Tolerances_AbsMIPGap                9.9999999999999995e-08
CPXPARAM_MIP_Tolerances_MIPGap                   0
CPXPARAM_MIP_Tolerances_Integrality              0
Tried aggregator 1 time.
LP Presolve eliminated 99 rows and 108 columns.
Aggregator did 43 substitutions.
Reduced LP has 26 rows, 29 columns, and 64 nonzeros.
Presolve time = 0.01 sec. (0.13 ticks)
Initializing dual steep norms . . .
