Version identifier: 20.1.0.0 | 2020-11-10 | 9bedb6d68
CPXPARAM_Threads                                 4
CPXPARAM_Emphasis_Numerical                      1
CPXPARAM_RandomSeed                              1
CPXPARAM_Simplex_Tolerances_Optimality           1.0000000000000001e-09
CPXPARAM_Simplex_Tolerances_Feasibility          1.0000000000000001e-09
CPXPARAM_MIP_Tolerances_AbsMIPGap                9.9999999999999995e-08
CPXPARAM_MIP_Tolerances_MIPGap                   0
CPXPARAM_MIP_Tolerances_Integrality              0
Found incumbent of value 1579.800000 after 0.00 sec. (0.02 ticks)
Tried aggregator 2 times.
MIP Presolve eliminated 10 rows and 10 columns.
MIP Presolve added 2 rows and 0 columns.
Aggregator did 30 substitutions.
Reduced MIP has 130 rows, 140 columns, and 347 nonzeros.
Reduced MIP has 55 binaries, 0 generals, 0 SOSs, and 0 indicators.
Presolve time = 0.00 sec. (0.35 ticks)
Probing fixed 0 vars, tightened 1 bounds.
Probing time = 0.00 sec. (0.10 ticks)
Tried aggregator 1 time.
Detecting symmetries...
MIP Presolve modified 4 coefficients.
Reduced MIP has 130 rows, 140 columns, and 347 nonzeros.
Reduced MIP has 55 binaries, 0 generals, 0 SOSs, and 0 indicators.
Presolve time = 0.00 sec. (0.29 ticks)
Probing time = 0.00 sec. (0.10 ticks)
MIP emphasis: balance optimality and feasibility.
MIP search method: dynamic search.
Parallel mode: deterministic, using up to 4 threads.
Root relaxation solution time = 0.00 sec. (0.24 ticks)

        Nodes                                         Cuts/
   Node  Left     Objective  IInf  Best Integer    Best Bound    ItCnt     Gap

*     0+    0                         1579.8000        0.0000           100.00%
      0     0      727.6004    35     1579.8000      727.6004       54   53.94%
*     0+    0                         1064.8000      727.6004            31.67%
      0     0      856.0690    21     1064.8000      Cuts: 81      112   19.60%
      0     0      927.7985    38     1064.8000      Cuts: 92      207   12.87%
*     0+    0                         1020.8000      927.7985             9.11%
      0     0      947.2026    29     1020.8000      Cuts: 84      242    7.21%
*     0+    0                          964.7000      947.2026             1.81%
      0     0      962.2770    40      964.7000      Cuts: 49      292    0.25%
      0     0        cutoff            964.7000                    300    0.00%
Elapsed time = 0.06 sec. (12.70 ticks, tree = 0.01 MB, solutions = 4)

Flow cuts applied:  8
Mixed integer rounding cuts applied:  39
Flow path cuts applied:  18

Root node processing (before b&c):
  Real time             =    0.06 sec. (12.72 ticks)
Parallel b&c, 4 threads:
  Real time             =    0.00 sec. (0.00 ticks)
  Sync time (average)   =    0.00 sec.
  Wait time (average)   =    0.00 sec.
                          ------------
Total (root+branch&cut) =    0.06 sec. (12.72 ticks)
Version identifier: 20.1.0.0 | 2020-11-10 | 9bedb6d68
CPXPARAM_Threads                                 4
CPXPARAM_Emphasis_Numerical                      1
CPXPARAM_RandomSeed                              1
CPXPARAM_Simplex_Tolerances_Optimality           1.0000000000000001e-09
CPXPARAM_Simplex_Tolerances_Feasibility          1.0000000000000001e-09
CPXPARAM_MIP_Tolerances_AbsMIPGap                9.9999999999999995e-08
CPXPARAM_MIP_Tolerances_MIPGap                   0
CPXPARAM_MIP_Tolerances_Integrality              0
Tried aggregator 1 time.
LP Presolve eliminated 101 rows and 110 columns.
Aggregator did 45 substitutions.
Reduced LP has 22 rows, 25 columns, and 54 nonzeros.
Presolve time = 0.00 sec. (0.12 ticks)
Symmetry aggregator did 30 additional substitutions.
Initializing dual steep norms . . .

Dual crossover.
  Dual:  Fixed no variables.
  Primal:  Fixed no variables.
