Version identifier: 20.1.0.0 | 2020-11-10 | 9bedb6d68
CPXPARAM_Threads                                 4
CPXPARAM_Emphasis_Numerical                      1
CPXPARAM_RandomSeed                              1
CPXPARAM_Simplex_Tolerances_Optimality           1.0000000000000001e-09
CPXPARAM_Simplex_Tolerances_Feasibility          1.0000000000000001e-09
CPXPARAM_MIP_Tolerances_AbsMIPGap                9.9999999999999995e-08
CPXPARAM_MIP_Tolerances_MIPGap                   0
CPXPARAM_MIP_Tolerances_Integrality              0
Tried aggregator 2 times.
MIP Presolve eliminated 63 rows and 60 columns.
MIP Presolve added 6 rows and 0 columns.
Aggregator did 123 substitutions.
Reduced MIP has 1224 rows, 1257 columns, and 3097 nonzeros.
Reduced MIP has 450 binaries, 0 generals, 0 SOSs, and 0 indicators.
Presolve time = 0.02 sec. (5.58 ticks)
Found incumbent of value 798876.550000 after 0.03 sec. (11.74 ticks)
Probing fixed 0 vars, tightened 3 bounds.
Probing time = 0.00 sec. (1.69 ticks)
Tried aggregator 1 time.
Detecting symmetries...
MIP Presolve modified 6 coefficients.
Reduced MIP has 1224 rows, 1257 columns, and 3097 nonzeros.
Reduced MIP has 450 binaries, 0 generals, 0 SOSs, and 0 indicators.
Presolve time = 0.02 sec. (4.45 ticks)
Probing time = 0.00 sec. (1.63 ticks)
Clique table members: 26.
MIP emphasis: balance optimality and feasibility.
MIP search method: dynamic search.
Parallel mode: deterministic, using up to 4 threads.
Root relaxation solution time = 0.02 sec. (2.43 ticks)

        Nodes                                         Cuts/
   Node  Left     Objective  IInf  Best Integer    Best Bound    ItCnt     Gap

*     0+    0                       798876.5500        0.0000           100.00%
*     0+    0                       229190.0000        0.0000           100.00%
      0     0    71841.3360   380   229190.0000    71841.3360      468   68.65%
*     0+    0                       215352.7500    71841.3360            66.64%
      0     0   114999.1689   266   215352.7500     Cuts: 406      744   46.60%
*     0+    0                       192801.1000   114999.1689            40.35%
      0     0   147407.9652   150   192801.1000     Cuts: 406      969   23.54%
      0     0   162888.4111   208   192801.1000     Cuts: 406     1271   15.51%
*     0+    0                       181204.6000   162888.4111            10.11%
      0     0   164044.4847    88   181204.6000     Cuts: 208     1385    9.47%
*     0+    0                       170520.1500   164044.4847             3.80%
      0     0   164280.4986   196   170520.1500      Cuts: 52     1459    3.66%
Detecting symmetries...
      0     0   164316.1126   144   170520.1500      Cuts: 59     1484    3.64%
*     0+    0                       170338.0000   164316.1126             3.54%
      0     0   164365.1015   124   170338.0000      Cuts: 43     1510    3.51%
*     0+    0                       169868.0000   164365.1015             3.24%
      0     0   164408.5091   150   169868.0000      Cuts: 26     1553    3.21%
      0     0   164490.6613   192   169868.0000      Cuts: 25     1596    3.17%
      0     0   164568.1779   192   169868.0000      Cuts: 28     1626    3.12%
*     0+    0                       167279.0000   164568.1779             1.62%
      0     0   164589.7855   143   167279.0000      Cuts: 10     1640    1.61%
      0     0   164637.8537   164   167279.0000      Cuts: 22     1656    1.58%
      0     0   164673.3084   184   167279.0000      Cuts: 33     1680    1.56%
      0     0   164705.7987   183   167279.0000      Cuts: 19     1686    1.54%
      0     0   164707.3376   183   167279.0000       Cuts: 6     1688    1.54%
      0     0   164707.3410   183   167279.0000       Cuts: 6     1689    1.54%
*     0+    0                       166976.8000   164707.3410             1.36%
Detecting symmetries...
      0     2   164707.3410   183   166976.8000   165140.3414     1689    1.10%
Elapsed time = 0.91 sec. (419.12 ticks, tree = 0.02 MB, solutions = 10)
*    13+    2                       166387.6000   165140.3414             0.75%
*   214+  117                       166296.5500   165140.3414             0.70%
    287   143   165590.3633    72   166296.5500   165282.3951     6514    0.61%
*   308+  141                       166213.3500   165345.0641             0.52%
*   447+  172                       166084.9500   165444.6485             0.39%
*   468   176      integral     0   166040.6500   165444.6485    10097    0.36%
    550   151   165992.1362    46   166040.6500   165550.7654    11539    0.30%

Clique cuts applied:  1
Cover cuts applied:  6
Implied bound cuts applied:  147
Flow cuts applied:  307
Mixed integer rounding cuts applied:  219
Flow path cuts applied:  66
Multi commodity flow cuts applied:  5
Lift and project cuts applied:  28
Gomory fractional cuts applied:  154

Root node processing (before b&c):
  Real time             =    0.91 sec. (418.33 ticks)
Parallel b&c, 4 threads:
  Real time             =    1.34 sec. (681.57 ticks)
  Sync time (average)   =    0.20 sec.
  Wait time (average)   =    0.00 sec.
                          ------------
Total (root+branch&cut) =    2.25 sec. (1099.91 ticks)
Version identifier: 20.1.0.0 | 2020-11-10 | 9bedb6d68
CPXPARAM_Threads                                 4
CPXPARAM_Emphasis_Numerical                      1
CPXPARAM_RandomSeed                              1
CPXPARAM_Simplex_Tolerances_Optimality           1.0000000000000001e-09
CPXPARAM_Simplex_Tolerances_Feasibility          1.0000000000000001e-09
CPXPARAM_MIP_Tolerances_AbsMIPGap                9.9999999999999995e-08
CPXPARAM_MIP_Tolerances_MIPGap                   0
CPXPARAM_MIP_Tolerances_Integrality              0
Tried aggregator 1 time.
LP Presolve eliminated 733 rows and 763 columns.
Aggregator did 239 substitutions.
Reduced LP has 432 rows, 438 columns, and 1170 nonzeros.
Presolve time = 0.00 sec. (1.18 ticks)
Initializing dual steep norms . . .

Iteration log . . .
Iteration:     1   Dual infeasibility =             0.000000
Iteration:     2   Dual objective     =        130901.450000
