Version identifier: 20.1.0.0 | 2020-11-10 | 9bedb6d68
CPXPARAM_Threads                                 4
CPXPARAM_Emphasis_Numerical                      1
CPXPARAM_RandomSeed                              1
CPXPARAM_Simplex_Tolerances_Optimality           1.0000000000000001e-09
CPXPARAM_Simplex_Tolerances_Feasibility          1.0000000000000001e-09
CPXPARAM_MIP_Tolerances_AbsMIPGap                9.9999999999999995e-08
CPXPARAM_MIP_Tolerances_MIPGap                   0
CPXPARAM_MIP_Tolerances_Integrality              0
Tried aggregator 2 times.
MIP Presolve eliminated 83 rows and 80 columns.
MIP Presolve added 6 rows and 0 columns.
Aggregator did 115 substitutions.
Reduced MIP has 1212 rows, 1245 columns, and 3075 nonzeros.
Reduced MIP has 440 binaries, 0 generals, 0 SOSs, and 0 indicators.
Presolve time = 0.00 sec. (5.45 ticks)
Found incumbent of value 1016324.400000 after 0.02 sec. (10.68 ticks)
Probing fixed 0 vars, tightened 3 bounds.
Probing time = 0.00 sec. (1.58 ticks)
Tried aggregator 1 time.
Detecting symmetries...
MIP Presolve modified 6 coefficients.
Reduced MIP has 1212 rows, 1245 columns, and 3075 nonzeros.
Reduced MIP has 440 binaries, 0 generals, 0 SOSs, and 0 indicators.
Presolve time = 0.02 sec. (4.35 ticks)
Probing time = 0.02 sec. (1.53 ticks)
MIP emphasis: balance optimality and feasibility.
MIP search method: dynamic search.
Parallel mode: deterministic, using up to 4 threads.
Root relaxation solution time = 0.00 sec. (2.28 ticks)

        Nodes                                         Cuts/
   Node  Left     Objective  IInf  Best Integer    Best Bound    ItCnt     Gap

*     0+    0                      1016324.4000        0.0000           100.00%
      0     0    73627.5768   403  1016324.4000    73627.5768      459   92.76%
*     0+    0                       228922.6500    73627.5768            67.84%
      0     0   124628.7702   306   228922.6500     Cuts: 403      719   45.56%
      0     0   168496.4063   239   228922.6500     Cuts: 403      950   26.40%
      0     0   180805.8838   205   228922.6500     Cuts: 403     1195   21.02%
*     0+    0                       213719.3000   180805.8838            15.40%
      0     0   183235.9014   177   213719.3000     Cuts: 293     1357   14.26%
*     0+    0                       196679.1000   183235.9014             6.84%
      0     0   183857.1611   122   196679.1000     Cuts: 133     1428    6.52%
*     0+    0                       195626.6000   183857.1611             6.02%
Detecting symmetries...
      0     0   184202.6875   145   195626.6000      Cuts: 60     1503    5.84%
*     0+    0                       190380.9000   184202.6875             3.25%
      0     0   184333.6437   124   190380.9000      Cuts: 42     1546    3.18%
      0     0   184444.4997   176   190380.9000      Cuts: 27     1594    3.12%
      0     0   184477.8856   162   190380.9000      Cuts: 76     1621    3.10%
      0     0   184497.3480   154   190380.9000      Cuts: 18     1631    3.09%
      0     0   184504.4834   162   190380.9000      Cuts: 15     1643    3.09%
      0     0   184510.0157   162   190380.9000       Cuts: 6     1649    3.08%
*     0+    0                       189917.0500   184510.0157             2.85%
*     0+    0                       187144.9500   184510.0157             1.41%
*     0+    0                       186122.5500   184510.0157             0.87%
Detecting symmetries...
      0     2   184510.0157   162   186122.5500   184634.4623     1649    0.80%
Elapsed time = 0.64 sec. (296.40 ticks, tree = 0.02 MB, solutions = 9)
*    23+    3                       185695.3000   184634.4623             0.57%
*   142+   63                       185650.9500   185068.1276             0.31%
*   305+  121                       185542.3500   185119.4974             0.23%
    339   122   185266.5162    83   185542.3500   185150.5357     4366    0.21%
    801   165   185527.9627    73   185542.3500   185309.6472     8568    0.13%

Implied bound cuts applied:  211
Flow cuts applied:  336
Mixed integer rounding cuts applied:  321
Flow path cuts applied:  44
Gomory fractional cuts applied:  187

Root node processing (before b&c):
  Real time             =    0.64 sec. (295.48 ticks)
Parallel b&c, 4 threads:
  Real time             =    1.03 sec. (614.50 ticks)
  Sync time (average)   =    0.14 sec.
  Wait time (average)   =    0.00 sec.
                          ------------
Total (root+branch&cut) =    1.67 sec. (909.98 ticks)
Version identifier: 20.1.0.0 | 2020-11-10 | 9bedb6d68
CPXPARAM_Threads                                 4
CPXPARAM_Emphasis_Numerical                      1
CPXPARAM_RandomSeed                              1
CPXPARAM_Simplex_Tolerances_Optimality           1.0000000000000001e-09
CPXPARAM_Simplex_Tolerances_Feasibility          1.0000000000000001e-09
CPXPARAM_MIP_Tolerances_AbsMIPGap                9.9999999999999995e-08
CPXPARAM_MIP_Tolerances_MIPGap                   0
CPXPARAM_MIP_Tolerances_Integrality              0
Tried aggregator 1 time.
LP Presolve eliminated 651 rows and 689 columns.
Aggregator did 213 substitutions.
Reduced LP has 540 rows, 538 columns, and 1471 nonzeros.
Presolve time = 0.02 sec. (1.22 ticks)
Initializing dual steep norms . . .

Iteration log . . .
Iteration:     1   Dual objective     =        129060.250000
