Version identifier: 20.1.0.0 | 2020-11-10 | 9bedb6d68
CPXPARAM_Threads                                 4
CPXPARAM_Emphasis_Numerical                      1
CPXPARAM_RandomSeed                              1
CPXPARAM_Simplex_Tolerances_Optimality           1.0000000000000001e-09
CPXPARAM_Simplex_Tolerances_Feasibility          1.0000000000000001e-09
CPXPARAM_MIP_Tolerances_AbsMIPGap                9.9999999999999995e-08
CPXPARAM_MIP_Tolerances_MIPGap                   0
CPXPARAM_MIP_Tolerances_Integrality              0
Found incumbent of value 299612.150000 after 0.00 sec. (0.18 ticks)
Tried aggregator 2 times.
MIP Presolve eliminated 100 rows and 100 columns.
MIP Presolve added 2 rows and 0 columns.
Aggregator did 248 substitutions.
Reduced MIP has 1442 rows, 1452 columns, and 3703 nonzeros.
Reduced MIP has 550 binaries, 0 generals, 0 SOSs, and 0 indicators.
Presolve time = 0.00 sec. (7.83 ticks)
Probing fixed 0 vars, tightened 1 bounds.
Probing time = 0.00 sec. (2.38 ticks)
Tried aggregator 1 time.
Detecting symmetries...
MIP Presolve modified 4 coefficients.
Reduced MIP has 1442 rows, 1452 columns, and 3703 nonzeros.
Reduced MIP has 550 binaries, 0 generals, 0 SOSs, and 0 indicators.
Presolve time = 0.00 sec. (5.95 ticks)
Probing time = 0.00 sec. (2.07 ticks)
MIP emphasis: balance optimality and feasibility.
MIP search method: dynamic search.
Parallel mode: deterministic, using up to 4 threads.
Root relaxation solution time = 0.02 sec. (2.97 ticks)

        Nodes                                         Cuts/
   Node  Left     Objective  IInf  Best Integer    Best Bound    ItCnt     Gap

*     0+    0                       299612.1500        0.0000           100.00%
      0     0    99209.3106   443   299612.1500    99209.3106      539   66.89%
*     0+    0                       292091.2000    99209.3106            66.03%
      0     0   145872.2162   338   292091.2000     Cuts: 460      855   50.06%
      0     0   183400.8231   298   292091.2000     Cuts: 460     1245   37.21%
*     0+    0                       280881.9000   183400.8231            34.71%
      0     0   191761.9951   238   280881.9000     Cuts: 460     1522   31.73%
*     0+    0                       219668.9000   191761.9951            12.70%
      0     0   193916.5943   291   219668.9000     Cuts: 345     1742   11.72%
*     0+    0                       218525.1500   193916.5943            11.26%
      0     0   194772.5574   337   218525.1500     Cuts: 240     1933   10.87%
*     0+    0                       216142.6000   194772.5574             9.89%
Detecting symmetries...
      0     0   195181.2258   266   216142.6000     Cuts: 176     2048    9.70%
      0     0   195429.5102   320   216142.6000     Cuts: 108     2157    9.58%
*     0+    0                       207412.2000   195429.5102             5.78%
      0     0   195535.4747   277   207412.2000      Cuts: 70     2226    5.73%
      0     0   195628.7016   207   207412.2000      Cuts: 71     2259    5.68%
*     0+    0                       198003.1500   195628.7016             1.20%
      0     0   195695.4875   348   198003.1500      Cuts: 41     2311    1.17%
      0     0   195716.1627   346   198003.1500      Cuts: 31     2346    1.16%
      0     0   195735.9155   346   198003.1500      Cuts: 23     2370    1.15%
*     0+    0                       196138.0500   195735.9155             0.21%
Detecting symmetries...
      0     2   195735.9155   346   196138.0500   195735.9155     2370    0.21%
Elapsed time = 0.89 sec. (419.11 ticks, tree = 0.02 MB, solutions = 9)
*    24    11      integral     0   196122.0500   195760.9936     2556    0.18%
*    79     8      integral     0   196084.4500   196058.1807     3382    0.01%

Implied bound cuts applied:  164
Flow cuts applied:  233
Mixed integer rounding cuts applied:  279
Flow path cuts applied:  72
Lift and project cuts applied:  5
Gomory fractional cuts applied:  100

Root node processing (before b&c):
  Real time             =    0.88 sec. (418.08 ticks)
Parallel b&c, 4 threads:
  Real time             =    0.17 sec. (71.44 ticks)
  Sync time (average)   =    0.03 sec.
  Wait time (average)   =    0.00 sec.
                          ------------
Total (root+branch&cut) =    1.05 sec. (489.52 ticks)
Version identifier: 20.1.0.0 | 2020-11-10 | 9bedb6d68
CPXPARAM_Threads                                 4
CPXPARAM_Emphasis_Numerical                      1
CPXPARAM_RandomSeed                              1
CPXPARAM_Simplex_Tolerances_Optimality           1.0000000000000001e-09
CPXPARAM_Simplex_Tolerances_Feasibility          1.0000000000000001e-09
CPXPARAM_MIP_Tolerances_AbsMIPGap                9.9999999999999995e-08
CPXPARAM_MIP_Tolerances_MIPGap                   0
CPXPARAM_MIP_Tolerances_Integrality              0
Tried aggregator 1 time.
LP Presolve eliminated 921 rows and 964 columns.
Aggregator did 345 substitutions.
Reduced LP has 522 rows, 491 columns, and 1287 nonzeros.
Presolve time = 0.00 sec. (1.45 ticks)
Initializing dual steep norms . . .

Iteration log . . .
Iteration:     1   Dual objective     =        184602.350000
