Version identifier: 20.1.0.0 | 2020-11-10 | 9bedb6d68
CPXPARAM_Threads                                 4
CPXPARAM_Emphasis_Numerical                      1
CPXPARAM_RandomSeed                              1
CPXPARAM_Simplex_Tolerances_Optimality           1.0000000000000001e-09
CPXPARAM_Simplex_Tolerances_Feasibility          1.0000000000000001e-09
CPXPARAM_MIP_Tolerances_AbsMIPGap                9.9999999999999995e-08
CPXPARAM_MIP_Tolerances_MIPGap                   0
CPXPARAM_MIP_Tolerances_Integrality              0
Found incumbent of value 1754.750000 after 0.00 sec. (0.02 ticks)
Tried aggregator 2 times.
MIP Presolve eliminated 10 rows and 10 columns.
MIP Presolve added 2 rows and 0 columns.
Aggregator did 26 substitutions.
Reduced MIP has 134 rows, 144 columns, and 349 nonzeros.
Reduced MIP has 55 binaries, 0 generals, 0 SOSs, and 0 indicators.
Presolve time = 0.00 sec. (0.35 ticks)
Probing fixed 0 vars, tightened 1 bounds.
Probing time = 0.00 sec. (0.12 ticks)
Tried aggregator 1 time.
Detecting symmetries...
MIP Presolve modified 4 coefficients.
Reduced MIP has 134 rows, 144 columns, and 349 nonzeros.
Reduced MIP has 55 binaries, 0 generals, 0 SOSs, and 0 indicators.
Presolve time = 0.00 sec. (0.26 ticks)
Probing time = 0.00 sec. (0.11 ticks)
MIP emphasis: balance optimality and feasibility.
MIP search method: dynamic search.
Parallel mode: deterministic, using up to 4 threads.
Root relaxation solution time = 0.00 sec. (0.20 ticks)

        Nodes                                         Cuts/
   Node  Left     Objective  IInf  Best Integer    Best Bound    ItCnt     Gap

*     0+    0                         1754.7500        0.0000           100.00%
      0     0      690.5420    32     1754.7500      690.5420       44   60.65%
      0     0      914.7193    28     1754.7500      Cuts: 81       83   47.87%
*     0+    0                         1181.5000      914.7193            22.58%
      0     0      994.2429    30     1181.5000      Cuts: 77      119   15.85%
      0     0     1015.3276    25     1181.5000      Cuts: 44      146   14.06%
*     0+    0                         1155.5000     1015.3276            12.13%
      0     0     1016.7117    25     1155.5000      Cuts: 32      159   12.01%
      0     0     1020.0264    18     1155.5000      Cuts: 23      171   11.72%
      0     0     1021.9979    21     1155.5000      Cuts: 34      185   11.55%
      0     0     1022.5738    21     1155.5000    MIRcuts: 4      191   11.50%
      0     0     1023.1039    22     1155.5000    MIRcuts: 4      196   11.46%
      0     0     1023.1896    22     1155.5000       Cuts: 3      197   11.45%
      0     0     1023.5289    22     1155.5000    MIRcuts: 4      199   11.42%
*     0+    0                         1083.5000     1023.5289             5.53%
      0     0     1023.7500    14     1083.5000       Cuts: 5      202    5.51%
*     0+    0                         1082.0000     1023.7500             5.38%
*     0+    0                         1049.5000     1023.7500             2.45%
      0     2     1023.7500    14     1049.5000     1035.5725      202    1.33%
Elapsed time = 0.08 sec. (24.21 ticks, tree = 0.02 MB, solutions = 6)

Implied bound cuts applied:  9
Flow cuts applied:  19
Mixed integer rounding cuts applied:  57
Flow path cuts applied:  4
Gomory fractional cuts applied:  10

Root node processing (before b&c):
  Real time             =    0.08 sec. (24.10 ticks)
Parallel b&c, 4 threads:
  Real time             =    0.03 sec. (4.34 ticks)
  Sync time (average)   =    0.01 sec.
  Wait time (average)   =    0.00 sec.
                          ------------
Total (root+branch&cut) =    0.11 sec. (28.44 ticks)
Version identifier: 20.1.0.0 | 2020-11-10 | 9bedb6d68
CPXPARAM_Threads                                 4
CPXPARAM_Emphasis_Numerical                      1
CPXPARAM_RandomSeed                              1
CPXPARAM_Simplex_Tolerances_Optimality           1.0000000000000001e-09
CPXPARAM_Simplex_Tolerances_Feasibility          1.0000000000000001e-09
CPXPARAM_MIP_Tolerances_AbsMIPGap                9.9999999999999995e-08
CPXPARAM_MIP_Tolerances_MIPGap                   0
CPXPARAM_MIP_Tolerances_Integrality              0
Tried aggregator 1 time.
LP Presolve eliminated 95 rows and 107 columns.
Aggregator did 42 substitutions.
Reduced LP has 31 rows, 31 columns, and 75 nonzeros.
Presolve time = 0.00 sec. (0.13 ticks)
Initializing dual steep norms . . .
