Version identifier: 20.1.0.0 | 2020-11-10 | 9bedb6d68
CPXPARAM_Threads                                 4
CPXPARAM_Emphasis_Numerical                      1
CPXPARAM_RandomSeed                              1
CPXPARAM_Simplex_Tolerances_Optimality           1.0000000000000001e-09
CPXPARAM_Simplex_Tolerances_Feasibility          1.0000000000000001e-09
CPXPARAM_MIP_Tolerances_AbsMIPGap                9.9999999999999995e-08
CPXPARAM_MIP_Tolerances_MIPGap                   0
CPXPARAM_MIP_Tolerances_Integrality              0
Found incumbent of value 1751.500000 after 0.00 sec. (0.02 ticks)
Tried aggregator 2 times.
MIP Presolve eliminated 11 rows and 10 columns.
MIP Presolve added 2 rows and 0 columns.
Aggregator did 32 substitutions.
Reduced MIP has 127 rows, 138 columns, and 337 nonzeros.
Reduced MIP has 55 binaries, 0 generals, 0 SOSs, and 0 indicators.
Presolve time = 0.00 sec. (0.35 ticks)
Probing fixed 0 vars, tightened 1 bounds.
Probing time = 0.00 sec. (0.11 ticks)
Tried aggregator 1 time.
Detecting symmetries...
MIP Presolve modified 2 coefficients.
Reduced MIP has 127 rows, 138 columns, and 337 nonzeros.
Reduced MIP has 55 binaries, 0 generals, 0 SOSs, and 0 indicators.
Presolve time = 0.00 sec. (0.28 ticks)
Probing time = 0.00 sec. (0.10 ticks)
MIP emphasis: balance optimality and feasibility.
MIP search method: dynamic search.
Parallel mode: deterministic, using up to 4 threads.
Root relaxation solution time = 0.00 sec. (0.22 ticks)

        Nodes                                         Cuts/
   Node  Left     Objective  IInf  Best Integer    Best Bound    ItCnt     Gap

*     0+    0                         1751.5000        0.0000           100.00%
      0     0      810.0368    30     1751.5000      810.0368       54   53.75%
*     0+    0                         1156.5000      810.0368            29.96%
      0     0      928.8822    24     1156.5000      Cuts: 70       87   19.68%
      0     0      962.5699    30     1156.5000      Cuts: 65      116   16.77%
      0     0      988.7675    30     1156.5000      Cuts: 54      163   14.50%
*     0+    0                         1046.5000      988.7675             5.52%
      0     0     1008.0403    40     1046.5000      Cuts: 44      210    3.68%
      0     0     1010.7363    34     1046.5000      Cuts: 16      232    3.42%

Repeating presolve.
Tried aggregator 2 times.
MIP Presolve eliminated 78 rows and 78 columns.
MIP Presolve modified 2 coefficients.
Aggregator did 1 substitutions.
Reduced MIP has 48 rows, 59 columns, and 126 nonzeros.
Reduced MIP has 22 binaries, 0 generals, 0 SOSs, and 0 indicators.
Presolve time = 0.00 sec. (0.26 ticks)
Probing time = 0.00 sec. (0.01 ticks)
Tried aggregator 1 time.
Detecting symmetries...
Reduced MIP has 48 rows, 59 columns, and 126 nonzeros.
Reduced MIP has 22 binaries, 0 generals, 0 SOSs, and 0 indicators.
Presolve time = 0.00 sec. (0.08 ticks)
Represolve time = 0.02 sec. (0.66 ticks)
Probing time = 0.00 sec. (0.01 ticks)
MIP emphasis: balance optimality and feasibility.
MIP search method: dynamic search.
Parallel mode: deterministic, using up to 4 threads.
Root relaxation solution time = 0.00 sec. (0.31 ticks)

        Nodes                                         Cuts/
   Node  Left     Objective  IInf  Best Integer    Best Bound    ItCnt     Gap

*     0+    0                         1046.5000     1010.7363             3.42%
      0     0     1011.2060    15     1046.5000     1011.2060      278    3.37%
      0     0     1013.8835    16     1046.5000      Cuts: 23      287    3.12%
*     0+    0                         1024.5000     1013.8835             1.04%
      0     0     1014.7845    14     1024.5000       Cuts: 3      291    0.95%
      0     0     1017.6195    14     1024.5000       Cuts: 5      295    0.67%
      0     0     1018.9724    14     1024.5000      Cuts: 10      298    0.54%
      0     0     1019.6552    16     1024.5000      Cuts: 10      302    0.47%
Detecting symmetries...
      0     0     1019.6629    14     1024.5000  Flowpaths: 1      303    0.47%
      0     0        cutoff           1024.5000     1024.5000      303    0.00%
Elapsed time = 0.09 sec. (18.11 ticks, tree = 0.01 MB, solutions = 4)

Mixed integer rounding cuts applied:  10
Flow path cuts applied:  8

Root node processing (before b&c):
  Real time             =    0.09 sec. (18.12 ticks)
Parallel b&c, 4 threads:
  Real time             =    0.00 sec. (0.00 ticks)
  Sync time (average)   =    0.00 sec.
  Wait time (average)   =    0.00 sec.
                          ------------
Total (root+branch&cut) =    0.09 sec. (18.12 ticks)
Version identifier: 20.1.0.0 | 2020-11-10 | 9bedb6d68
CPXPARAM_Threads                                 4
CPXPARAM_Emphasis_Numerical                      1
CPXPARAM_RandomSeed                              1
CPXPARAM_Simplex_Tolerances_Optimality           1.0000000000000001e-09
CPXPARAM_Simplex_Tolerances_Feasibility          1.0000000000000001e-09
CPXPARAM_MIP_Tolerances_AbsMIPGap                9.9999999999999995e-08
CPXPARAM_MIP_Tolerances_MIPGap                   0
CPXPARAM_MIP_Tolerances_Integrality              0
Tried aggregator 1 time.
LP Presolve eliminated 118 rows and 130 columns.
Aggregator did 50 substitutions.
All rows and columns eliminated.
Presolve time = 0.00 sec. (0.10 ticks)
