Version identifier: 20.1.0.0 | 2020-11-10 | 9bedb6d68
CPXPARAM_Threads                                 4
CPXPARAM_Emphasis_Numerical                      1
CPXPARAM_RandomSeed                              1
CPXPARAM_Simplex_Tolerances_Optimality           1.0000000000000001e-09
CPXPARAM_Simplex_Tolerances_Feasibility          1.0000000000000001e-09
CPXPARAM_MIP_Tolerances_AbsMIPGap                9.9999999999999995e-08
CPXPARAM_MIP_Tolerances_MIPGap                   0
CPXPARAM_MIP_Tolerances_Integrality              0
Found incumbent of value 1001.130000 after 0.00 sec. (0.02 ticks)
Tried aggregator 2 times.
MIP Presolve eliminated 10 rows and 10 columns.
MIP Presolve added 2 rows and 0 columns.
Aggregator did 13 substitutions.
Reduced MIP has 147 rows, 157 columns, and 361 nonzeros.
Reduced MIP has 55 binaries, 0 generals, 0 SOSs, and 0 indicators.
Presolve time = 0.00 sec. (0.34 ticks)
Probing fixed 0 vars, tightened 2 bounds.
Probing time = 0.00 sec. (0.17 ticks)
Tried aggregator 1 time.
Detecting symmetries...
MIP Presolve modified 4 coefficients.
Reduced MIP has 147 rows, 157 columns, and 361 nonzeros.
Reduced MIP has 55 binaries, 0 generals, 0 SOSs, and 0 indicators.
Presolve time = 0.00 sec. (0.25 ticks)
Probing time = 0.00 sec. (0.16 ticks)
MIP emphasis: balance optimality and feasibility.
MIP search method: dynamic search.
Parallel mode: deterministic, using up to 4 threads.
Root relaxation solution time = 0.01 sec. (0.22 ticks)

        Nodes                                         Cuts/
   Node  Left     Objective  IInf  Best Integer    Best Bound    ItCnt     Gap

*     0+    0                         1001.1300        0.0000           100.00%
      0     0      298.5442    45     1001.1300      298.5442       53   70.18%
*     0+    0                          837.2600      298.5442            64.34%
      0     0      448.3848    15      837.2600     Cuts: 129      107   46.45%
*     0+    0                          668.7600      448.3848            32.95%
      0     0      477.8954    20      668.7600      Cuts: 56      136   28.54%
*     0+    0                          518.7600      477.8954             7.88%
      0     0      486.9706    15      518.7600      Cuts: 24      149    6.13%
*     0+    0                          513.7600      486.9706             5.21%
      0     0      493.3292    16      513.7600      Cuts: 20      163    3.98%
      0     0      495.2024    19      513.7600      Cuts: 16      174    3.61%
Detecting symmetries...
      0     0      496.8732    18      513.7600       Cuts: 6      186    3.29%
      0     0      497.0875    17      513.7600       Cuts: 5      189    3.25%
*     0+    0                          501.2600      497.0875             0.83%
Detecting symmetries...
      0     2      497.0875    17      501.2600      497.0875      189    0.83%
Elapsed time = 0.06 sec. (17.02 ticks, tree = 0.02 MB, solutions = 6)

Implied bound cuts applied:  29
Flow cuts applied:  13
Mixed integer rounding cuts applied:  41
Flow path cuts applied:  10
Gomory fractional cuts applied:  31

Root node processing (before b&c):
  Real time             =    0.05 sec. (16.90 ticks)
Parallel b&c, 4 threads:
  Real time             =    0.03 sec. (2.23 ticks)
  Sync time (average)   =    0.00 sec.
  Wait time (average)   =    0.00 sec.
                          ------------
Total (root+branch&cut) =    0.08 sec. (19.13 ticks)
Version identifier: 20.1.0.0 | 2020-11-10 | 9bedb6d68
CPXPARAM_Threads                                 4
CPXPARAM_Emphasis_Numerical                      1
CPXPARAM_RandomSeed                              1
CPXPARAM_Simplex_Tolerances_Optimality           1.0000000000000001e-09
CPXPARAM_Simplex_Tolerances_Feasibility          1.0000000000000001e-09
CPXPARAM_MIP_Tolerances_AbsMIPGap                9.9999999999999995e-08
CPXPARAM_MIP_Tolerances_MIPGap                   0
CPXPARAM_MIP_Tolerances_Integrality              0
Tried aggregator 1 time.
LP Presolve eliminated 75 rows and 86 columns.
Aggregator did 23 substitutions.
Reduced LP has 70 rows, 71 columns, and 177 nonzeros.
Presolve time = 0.00 sec. (0.14 ticks)
Initializing dual steep norms . . .

Iteration log . . .
Iteration:     1   Dual objective     =           461.260000
