Version identifier: 20.1.0.0 | 2020-11-10 | 9bedb6d68
CPXPARAM_Threads                                 4
CPXPARAM_Emphasis_Numerical                      1
CPXPARAM_RandomSeed                              1
CPXPARAM_Simplex_Tolerances_Optimality           1.0000000000000001e-09
CPXPARAM_Simplex_Tolerances_Feasibility          1.0000000000000001e-09
CPXPARAM_MIP_Tolerances_AbsMIPGap                9.9999999999999995e-08
CPXPARAM_MIP_Tolerances_MIPGap                   0
CPXPARAM_MIP_Tolerances_Integrality              0
Found incumbent of value 235010.400000 after 0.00 sec. (0.18 ticks)
Tried aggregator 2 times.
MIP Presolve eliminated 101 rows and 100 columns.
MIP Presolve added 2 rows and 0 columns.
Aggregator did 220 substitutions.
Reduced MIP has 1469 rows, 1480 columns, and 3728 nonzeros.
Reduced MIP has 550 binaries, 0 generals, 0 SOSs, and 0 indicators.
Presolve time = 0.00 sec. (7.82 ticks)
Probing fixed 0 vars, tightened 1 bounds.
Probing time = 0.00 sec. (2.49 ticks)
Tried aggregator 1 time.
Detecting symmetries...
MIP Presolve modified 2 coefficients.
Reduced MIP has 1469 rows, 1480 columns, and 3728 nonzeros.
Reduced MIP has 550 binaries, 0 generals, 0 SOSs, and 0 indicators.
Presolve time = 0.02 sec. (6.06 ticks)
Probing time = 0.02 sec. (2.08 ticks)
MIP emphasis: balance optimality and feasibility.
MIP search method: dynamic search.
Parallel mode: deterministic, using up to 4 threads.
Root relaxation solution time = 0.02 sec. (2.73 ticks)

        Nodes                                         Cuts/
   Node  Left     Objective  IInf  Best Integer    Best Bound    ItCnt     Gap

*     0+    0                       235010.4000        0.0000           100.00%
      0     0    86964.8721   381   235010.4000    86964.8721      509   63.00%
*     0+    0                       227146.6500    86964.8721            61.71%
      0     0   127036.7436   255   227146.6500     Cuts: 467      759   44.07%
*     0+    0                       194323.6000   127036.7436            34.63%
      0     0   158135.5790   224   194323.6000     Cuts: 467     1098   18.62%
*     0+    0                       185827.1000   158135.5790            14.90%
*     0+    0                       172341.5500   158135.5790             8.24%
      0     0   163997.1700   281   172341.5500     Cuts: 467     1379    4.84%
      0     0   165054.6965   248   172341.5500     Cuts: 310     1544    4.23%
*     0+    0                       168688.7500   165054.6965             2.15%
      0     0   165483.5697    78   168688.7500     Cuts: 142     1617    1.90%
*     0+    0                       167987.9000   165483.5697             1.49%
Detecting symmetries...
      0     0   165556.5922   151   167987.9000      Cuts: 26     1677    1.45%
*     0+    0                       166134.2000   165556.5922             0.35%
      0     0   165598.3816   306   166134.2000      Cuts: 53     1767    0.32%
*     0+    0                       165697.7000   165598.3816             0.06%
      0     0   165619.0753    54   165697.7000      Cuts: 15     1775    0.05%
*     0+    0                       165688.3000   165619.0753             0.04%
      0     0   165631.9000    51   165688.3000       Cuts: 5     1776    0.03%
*     0+    0                       165631.9000   165631.9000             0.00%
      0     0        cutoff         165631.9000   165631.9000     1776    0.00%
Elapsed time = 0.58 sec. (242.64 ticks, tree = 0.01 MB, solutions = 11)

Implied bound cuts applied:  132
Flow cuts applied:  270
Mixed integer rounding cuts applied:  132
Flow path cuts applied:  91
Gomory fractional cuts applied:  159

Root node processing (before b&c):
  Real time             =    0.58 sec. (242.85 ticks)
Parallel b&c, 4 threads:
  Real time             =    0.00 sec. (0.00 ticks)
  Sync time (average)   =    0.00 sec.
  Wait time (average)   =    0.00 sec.
                          ------------
Total (root+branch&cut) =    0.58 sec. (242.85 ticks)
Version identifier: 20.1.0.0 | 2020-11-10 | 9bedb6d68
CPXPARAM_Threads                                 4
CPXPARAM_Emphasis_Numerical                      1
CPXPARAM_RandomSeed                              1
CPXPARAM_Simplex_Tolerances_Optimality           1.0000000000000001e-09
CPXPARAM_Simplex_Tolerances_Feasibility          1.0000000000000001e-09
CPXPARAM_MIP_Tolerances_AbsMIPGap                9.9999999999999995e-08
CPXPARAM_MIP_Tolerances_MIPGap                   0
CPXPARAM_MIP_Tolerances_Integrality              0
Tried aggregator 1 time.
LP Presolve eliminated 952 rows and 993 columns.
Aggregator did 359 substitutions.
Reduced LP has 477 rows, 448 columns, and 1164 nonzeros.
Presolve time = 0.00 sec. (1.43 ticks)
Initializing dual steep norms . . .

Iteration log . . .
Iteration:     1   Dual objective     =        153773.150000
