Version identifier: 20.1.0.0 | 2020-11-10 | 9bedb6d68
CPXPARAM_Threads                                 4
CPXPARAM_Emphasis_Numerical                      1
CPXPARAM_RandomSeed                              1
CPXPARAM_Simplex_Tolerances_Optimality           1.0000000000000001e-09
CPXPARAM_Simplex_Tolerances_Feasibility          1.0000000000000001e-09
CPXPARAM_MIP_Tolerances_AbsMIPGap                9.9999999999999995e-08
CPXPARAM_MIP_Tolerances_MIPGap                   0
CPXPARAM_MIP_Tolerances_Integrality              0
Found incumbent of value 1699.800000 after 0.00 sec. (0.02 ticks)
Tried aggregator 2 times.
MIP Presolve eliminated 10 rows and 10 columns.
MIP Presolve added 2 rows and 0 columns.
Aggregator did 30 substitutions.
Reduced MIP has 130 rows, 140 columns, and 347 nonzeros.
Reduced MIP has 55 binaries, 0 generals, 0 SOSs, and 0 indicators.
Presolve time = 0.00 sec. (0.35 ticks)
Probing fixed 0 vars, tightened 1 bounds.
Probing time = 0.00 sec. (0.10 ticks)
Tried aggregator 1 time.
Detecting symmetries...
MIP Presolve modified 4 coefficients.
Reduced MIP has 130 rows, 140 columns, and 347 nonzeros.
Reduced MIP has 55 binaries, 0 generals, 0 SOSs, and 0 indicators.
Presolve time = 0.00 sec. (0.29 ticks)
Probing time = 0.00 sec. (0.10 ticks)
MIP emphasis: balance optimality and feasibility.
MIP search method: dynamic search.
Parallel mode: deterministic, using up to 4 threads.
Root relaxation solution time = 0.00 sec. (0.25 ticks)

        Nodes                                         Cuts/
   Node  Left     Objective  IInf  Best Integer    Best Bound    ItCnt     Gap

*     0+    0                         1699.8000        0.0000           100.00%
      0     0      785.1313    30     1699.8000      785.1313       57   53.81%
*     0+    0                         1104.8000      785.1313            28.93%
      0     0      919.5629    24     1104.8000      Cuts: 70       91   16.77%
      0     0      996.0479    35     1104.8000      Cuts: 63      168    9.84%
      0     0     1014.0651    28     1104.8000      Cuts: 57      209    8.21%
*     0+    0                         1024.7000     1014.0651             1.04%
      0     0     1021.1522    27     1024.7000      Cuts: 29      231    0.35%
      0     0     1023.0450    24     1024.7000      Cuts: 24      245    0.16%
      0     0     1023.3950    21     1024.7000       Cuts: 8      250    0.13%
      0     0     1023.8322    21     1024.7000      Cuts: 23      264    0.08%
      0     0        cutoff           1024.7000                    267    0.00%
Elapsed time = 0.06 sec. (13.40 ticks, tree = 0.01 MB, solutions = 3)

Implied bound cuts applied:  2
Flow cuts applied:  6
Mixed integer rounding cuts applied:  29
Flow path cuts applied:  15

Root node processing (before b&c):
  Real time             =    0.06 sec. (13.42 ticks)
Parallel b&c, 4 threads:
  Real time             =    0.00 sec. (0.00 ticks)
  Sync time (average)   =    0.00 sec.
  Wait time (average)   =    0.00 sec.
                          ------------
Total (root+branch&cut) =    0.06 sec. (13.42 ticks)
Version identifier: 20.1.0.0 | 2020-11-10 | 9bedb6d68
CPXPARAM_Threads                                 4
CPXPARAM_Emphasis_Numerical                      1
CPXPARAM_RandomSeed                              1
CPXPARAM_Simplex_Tolerances_Optimality           1.0000000000000001e-09
CPXPARAM_Simplex_Tolerances_Feasibility          1.0000000000000001e-09
CPXPARAM_MIP_Tolerances_AbsMIPGap                9.9999999999999995e-08
CPXPARAM_MIP_Tolerances_MIPGap                   0
CPXPARAM_MIP_Tolerances_Integrality              0
Tried aggregator 1 time.
LP Presolve eliminated 101 rows and 110 columns.
Aggregator did 45 substitutions.
Reduced LP has 22 rows, 25 columns, and 54 nonzeros.
Presolve time = 0.00 sec. (0.12 ticks)
Symmetry aggregator did 30 additional substitutions.
Initializing dual steep norms . . .

Dual crossover.
  Dual:  Fixed no variables.
  Primal:  Fixed no variables.
