Version identifier: 20.1.0.0 | 2020-11-10 | 9bedb6d68
CPXPARAM_Threads                                 4
CPXPARAM_Emphasis_Numerical                      1
CPXPARAM_RandomSeed                              1
CPXPARAM_Simplex_Tolerances_Optimality           1.0000000000000001e-09
CPXPARAM_Simplex_Tolerances_Feasibility          1.0000000000000001e-09
CPXPARAM_MIP_Tolerances_AbsMIPGap                9.9999999999999995e-08
CPXPARAM_MIP_Tolerances_MIPGap                   0
CPXPARAM_MIP_Tolerances_Integrality              0
Tried aggregator 2 times.
MIP Presolve eliminated 83 rows and 80 columns.
MIP Presolve added 6 rows and 0 columns.
Aggregator did 117 substitutions.
Reduced MIP has 1210 rows, 1243 columns, and 3076 nonzeros.
Reduced MIP has 440 binaries, 0 generals, 0 SOSs, and 0 indicators.
Presolve time = 0.02 sec. (5.46 ticks)
Found incumbent of value 930296.050000 after 0.02 sec. (10.60 ticks)
Probing fixed 0 vars, tightened 3 bounds.
Probing time = 0.02 sec. (1.60 ticks)
Tried aggregator 1 time.
Detecting symmetries...
MIP Presolve modified 6 coefficients.
Reduced MIP has 1210 rows, 1243 columns, and 3076 nonzeros.
Reduced MIP has 440 binaries, 0 generals, 0 SOSs, and 0 indicators.
Presolve time = 0.00 sec. (4.35 ticks)
Probing time = 0.00 sec. (1.54 ticks)
MIP emphasis: balance optimality and feasibility.
MIP search method: dynamic search.
Parallel mode: deterministic, using up to 4 threads.
Root relaxation solution time = 0.00 sec. (2.30 ticks)

        Nodes                                         Cuts/
   Node  Left     Objective  IInf  Best Integer    Best Bound    ItCnt     Gap

*     0+    0                       930296.0500        0.0000           100.00%
*     0+    0                       256010.0000        0.0000           100.00%
      0     0    79421.4726   377   256010.0000    79421.4726      461   68.98%
*     0+    0                       248077.6500    79421.4726            67.99%
      0     0   125431.8297   304   248077.6500     Cuts: 402      723   49.44%
      0     0   169644.8345   299   248077.6500     Cuts: 402      962   31.62%
      0     0   184607.4532   280   248077.6500     Cuts: 402     1228   25.58%
*     0+    0                       245834.9000   184607.4532            24.91%
*     0+    0                       238735.0500   184607.4532            22.67%
      0     0   189301.9046   232   238735.0500     Cuts: 370     1432   20.71%
*     0+    0                       202152.4500   189301.9046             6.36%
      0     0   190791.8675   304   202152.4500     Cuts: 190     1584    5.62%
Detecting symmetries...
      0     0   191072.7252   235   202152.4500     Cuts: 118     1668    5.48%
*     0+    0                       195747.8000   191072.7252             2.39%
      0     0   191475.9153   233   195747.8000     Cuts: 100     1746    2.18%
      0     0   191635.9579   141   195747.8000      Cuts: 49     1784    2.10%
      0     0   191714.1476   168   195747.8000      Cuts: 49     1814    2.06%
*     0+    0                       195163.3000   191714.1476             1.77%
      0     0   191786.3975   219   195163.3000      Cuts: 23     1839    1.73%
      0     0   191817.0403   219   195163.3000      Cuts: 39     1860    1.71%
*     0+    0                       193945.5000   191817.0403             1.10%
      0     0   191825.7864   219   193945.5000      Cuts: 16     1867    1.09%
      0     0   191844.4922   217   193945.5000   Flowcuts: 5     1872    1.08%
Detecting symmetries...
      0     2   191844.4922   217   193945.5000   191844.4922     1872    1.08%
Elapsed time = 0.73 sec. (344.32 ticks, tree = 0.02 MB, solutions = 9)
*    10+    1                       193926.1000   191848.7071             1.07%
*    11+    2                       193718.2000   191848.7071             0.97%
*    58+   40                       192813.4500   191943.6802             0.45%
*   212+   61                       192793.8500   192142.0331             0.34%

Implied bound cuts applied:  153
Flow cuts applied:  244
Mixed integer rounding cuts applied:  288
Flow path cuts applied:  90
Lift and project cuts applied:  14
Gomory fractional cuts applied:  132

Root node processing (before b&c):
  Real time             =    0.73 sec. (343.47 ticks)
Parallel b&c, 4 threads:
  Real time             =    0.41 sec. (212.41 ticks)
  Sync time (average)   =    0.06 sec.
  Wait time (average)   =    0.00 sec.
                          ------------
Total (root+branch&cut) =    1.14 sec. (555.88 ticks)
Version identifier: 20.1.0.0 | 2020-11-10 | 9bedb6d68
CPXPARAM_Threads                                 4
CPXPARAM_Emphasis_Numerical                      1
CPXPARAM_RandomSeed                              1
CPXPARAM_Simplex_Tolerances_Optimality           1.0000000000000001e-09
CPXPARAM_Simplex_Tolerances_Feasibility          1.0000000000000001e-09
CPXPARAM_MIP_Tolerances_AbsMIPGap                9.9999999999999995e-08
CPXPARAM_MIP_Tolerances_MIPGap                   0
CPXPARAM_MIP_Tolerances_Integrality              0
Tried aggregator 1 time.
LP Presolve eliminated 679 rows and 726 columns.
Aggregator did 242 substitutions.
Reduced LP has 483 rows, 472 columns, and 1318 nonzeros.
Presolve time = 0.00 sec. (1.20 ticks)
Initializing dual steep norms . . .

Iteration log . . .
Iteration:     1   Dual objective     =        114588.950000
