Version identifier: 20.1.0.0 | 2020-11-10 | 9bedb6d68
CPXPARAM_Threads                                 4
CPXPARAM_Emphasis_Numerical                      1
CPXPARAM_RandomSeed                              1
CPXPARAM_Simplex_Tolerances_Optimality           1.0000000000000001e-09
CPXPARAM_Simplex_Tolerances_Feasibility          1.0000000000000001e-09
CPXPARAM_MIP_Tolerances_AbsMIPGap                9.9999999999999995e-08
CPXPARAM_MIP_Tolerances_MIPGap                   0
CPXPARAM_MIP_Tolerances_Integrality              0
Found incumbent of value 1758.250000 after 0.00 sec. (0.02 ticks)
Tried aggregator 2 times.
MIP Presolve eliminated 11 rows and 10 columns.
MIP Presolve added 2 rows and 0 columns.
Aggregator did 24 substitutions.
Reduced MIP has 135 rows, 146 columns, and 346 nonzeros.
Reduced MIP has 55 binaries, 0 generals, 0 SOSs, and 0 indicators.
Presolve time = 0.00 sec. (0.34 ticks)
Probing fixed 0 vars, tightened 1 bounds.
Probing time = 0.00 sec. (0.13 ticks)
Tried aggregator 1 time.
Detecting symmetries...
MIP Presolve modified 2 coefficients.
Reduced MIP has 135 rows, 146 columns, and 346 nonzeros.
Reduced MIP has 55 binaries, 0 generals, 0 SOSs, and 0 indicators.
Presolve time = 0.00 sec. (0.26 ticks)
Probing time = 0.00 sec. (0.12 ticks)
MIP emphasis: balance optimality and feasibility.
MIP search method: dynamic search.
Parallel mode: deterministic, using up to 4 threads.
Root relaxation solution time = 0.00 sec. (0.21 ticks)

        Nodes                                         Cuts/
   Node  Left     Objective  IInf  Best Integer    Best Bound    ItCnt     Gap

*     0+    0                         1758.2500        0.0000           100.00%
      0     0      796.3093    39     1758.2500      796.3093       49   54.71%
      0     0     1118.4040    35     1758.2500     Cuts: 100       97   36.39%
      0     0     1212.0462    34     1758.2500     Cuts: 122      158   31.07%
*     0+    0                         1312.0000     1212.0462             7.62%
      0     0     1232.6272    38     1312.0000      Cuts: 45      188    6.05%
      0     0     1247.7657    33     1312.0000      Cuts: 52      228    4.90%
      0     0     1249.2812    34     1312.0000      Cuts: 11      245    4.78%
      0     0     1250.2875    35     1312.0000      Cuts: 19      262    4.70%
      0     0     1250.6458    36     1312.0000      Cuts: 10      274    4.68%
      0     0     1251.6975    31     1312.0000      Cuts: 13      285    4.60%
      0     0     1252.6842    35     1312.0000      Cuts: 16      300    4.52%
      0     0     1254.1983    32     1312.0000      Cuts: 18      312    4.41%
*     0+    0                         1269.0000     1254.1983             1.17%
      0     0     1254.2228    32     1269.0000    MIRcuts: 2      314    1.16%
      0     2     1254.2228    32     1269.0000     1254.2228      314    1.16%
Elapsed time = 0.11 sec. (29.59 ticks, tree = 0.02 MB, solutions = 3)

Implied bound cuts applied:  12
Flow cuts applied:  5
Mixed integer rounding cuts applied:  56
Flow path cuts applied:  6
Gomory fractional cuts applied:  15

Root node processing (before b&c):
  Real time             =    0.09 sec. (29.46 ticks)
Parallel b&c, 4 threads:
  Real time             =    0.03 sec. (4.17 ticks)
  Sync time (average)   =    0.01 sec.
  Wait time (average)   =    0.00 sec.
                          ------------
Total (root+branch&cut) =    0.13 sec. (33.63 ticks)
Version identifier: 20.1.0.0 | 2020-11-10 | 9bedb6d68
CPXPARAM_Threads                                 4
CPXPARAM_Emphasis_Numerical                      1
CPXPARAM_RandomSeed                              1
CPXPARAM_Simplex_Tolerances_Optimality           1.0000000000000001e-09
CPXPARAM_Simplex_Tolerances_Feasibility          1.0000000000000001e-09
CPXPARAM_MIP_Tolerances_AbsMIPGap                9.9999999999999995e-08
CPXPARAM_MIP_Tolerances_MIPGap                   0
CPXPARAM_MIP_Tolerances_Integrality              0
Tried aggregator 1 time.
LP Presolve eliminated 91 rows and 111 columns.
Aggregator did 43 substitutions.
Reduced LP has 34 rows, 26 columns, and 77 nonzeros.
Presolve time = 0.00 sec. (0.13 ticks)
Initializing dual steep norms . . .
