Version identifier: 20.1.0.0 | 2020-11-10 | 9bedb6d68
CPXPARAM_Threads                                 4
CPXPARAM_Emphasis_Numerical                      1
CPXPARAM_RandomSeed                              1
CPXPARAM_Simplex_Tolerances_Optimality           1.0000000000000001e-09
CPXPARAM_Simplex_Tolerances_Feasibility          1.0000000000000001e-09
CPXPARAM_MIP_Tolerances_AbsMIPGap                9.9999999999999995e-08
CPXPARAM_MIP_Tolerances_MIPGap                   0
CPXPARAM_MIP_Tolerances_Integrality              0
Found incumbent of value 1745.000000 after 0.00 sec. (0.02 ticks)
Tried aggregator 2 times.
MIP Presolve eliminated 10 rows and 10 columns.
MIP Presolve added 2 rows and 0 columns.
Aggregator did 33 substitutions.
Reduced MIP has 127 rows, 137 columns, and 341 nonzeros.
Reduced MIP has 55 binaries, 0 generals, 0 SOSs, and 0 indicators.
Presolve time = 0.00 sec. (0.35 ticks)
Probing fixed 0 vars, tightened 1 bounds.
Probing time = 0.00 sec. (0.10 ticks)
Tried aggregator 1 time.
Detecting symmetries...
MIP Presolve modified 4 coefficients.
Reduced MIP has 127 rows, 137 columns, and 341 nonzeros.
Reduced MIP has 55 binaries, 0 generals, 0 SOSs, and 0 indicators.
Presolve time = 0.00 sec. (0.29 ticks)
Probing time = 0.00 sec. (0.10 ticks)
MIP emphasis: balance optimality and feasibility.
MIP search method: dynamic search.
Parallel mode: deterministic, using up to 4 threads.
Root relaxation solution time = 0.02 sec. (0.20 ticks)

        Nodes                                         Cuts/
   Node  Left     Objective  IInf  Best Integer    Best Bound    ItCnt     Gap

*     0+    0                         1745.0000        0.0000           100.00%
      0     0      666.8058    31     1745.0000      666.8058       42   61.79%
      0     0      825.9182    28     1745.0000      Cuts: 73       79   52.67%
*     0+    0                         1026.0000      825.9182            19.50%
      0     0      889.8804    30     1026.0000      Cuts: 71      108   13.27%
*     0+    0                          990.0000      889.8804            10.11%
      0     0      911.0017    20      990.0000      Cuts: 60      144    7.98%
      0     0      914.3461    19      990.0000      Cuts: 35      155    7.64%
      0     0      917.1488    18      990.0000      Cuts: 41      171    7.36%
*     0+    0                          950.0000      917.1488             3.46%

Repeating presolve.
Tried aggregator 1 time.
MIP Presolve eliminated 2 rows and 2 columns.
MIP Presolve modified 26 coefficients.
Reduced MIP has 125 rows, 135 columns, and 336 nonzeros.
Reduced MIP has 54 binaries, 0 generals, 0 SOSs, and 0 indicators.
Presolve time = 0.02 sec. (0.17 ticks)
Probing time = 0.00 sec. (0.04 ticks)
Tried aggregator 1 time.
Detecting symmetries...
Reduced MIP has 125 rows, 135 columns, and 336 nonzeros.
Reduced MIP has 54 binaries, 0 generals, 0 SOSs, and 0 indicators.
Presolve time = 0.00 sec. (0.26 ticks)
Represolve time = 0.02 sec. (0.90 ticks)
Probing time = 0.00 sec. (0.03 ticks)
Clique table members: 1.
MIP emphasis: balance optimality and feasibility.
MIP search method: dynamic search.
Parallel mode: deterministic, using up to 4 threads.
Root relaxation solution time = 0.00 sec. (1.03 ticks)

        Nodes                                         Cuts/
   Node  Left     Objective  IInf  Best Integer    Best Bound    ItCnt     Gap

*     0+    0                          950.0000      919.9091             3.17%
      0     0      917.1488    19      950.0000      919.9091      298    3.17%
      0     0      921.5972    18      950.0000      Cuts: 18      317    2.99%
      0     0      923.6020    18      950.0000      Cuts: 20      324    2.78%
      0     0      924.4203    18      950.0000   MIRcuts: 10      328    2.69%
      0     2      924.4203    18      950.0000      927.4536      328    2.37%
Elapsed time = 0.11 sec. (21.90 ticks, tree = 0.02 MB, solutions = 4)

Implied bound cuts applied:  4
Flow cuts applied:  22
Mixed integer rounding cuts applied:  53
Flow path cuts applied:  2
Gomory fractional cuts applied:  6

Root node processing (before b&c):
  Real time             =    0.11 sec. (21.80 ticks)
Parallel b&c, 4 threads:
  Real time             =    0.01 sec. (4.13 ticks)
  Sync time (average)   =    0.00 sec.
  Wait time (average)   =    0.00 sec.
                          ------------
Total (root+branch&cut) =    0.13 sec. (25.93 ticks)
Version identifier: 20.1.0.0 | 2020-11-10 | 9bedb6d68
CPXPARAM_Threads                                 4
CPXPARAM_Emphasis_Numerical                      1
CPXPARAM_RandomSeed                              1
CPXPARAM_Simplex_Tolerances_Optimality           1.0000000000000001e-09
CPXPARAM_Simplex_Tolerances_Feasibility          1.0000000000000001e-09
CPXPARAM_MIP_Tolerances_AbsMIPGap                9.9999999999999995e-08
CPXPARAM_MIP_Tolerances_MIPGap                   0
CPXPARAM_MIP_Tolerances_Integrality              0
Tried aggregator 1 time.
LP Presolve eliminated 89 rows and 107 columns.
Aggregator did 42 substitutions.
Reduced LP has 37 rows, 31 columns, and 87 nonzeros.
Presolve time = 0.00 sec. (0.13 ticks)
Symmetry aggregator did 39 additional substitutions.
Initializing dual steep norms . . .

Dual crossover.
  Dual:  Fixed no variables.
  Primal:  Fixed no variables.
