Version identifier: 20.1.0.0 | 2020-11-10 | 9bedb6d68
CPXPARAM_Threads                                 4
CPXPARAM_Emphasis_Numerical                      1
CPXPARAM_RandomSeed                              1
CPXPARAM_Simplex_Tolerances_Optimality           1.0000000000000001e-09
CPXPARAM_Simplex_Tolerances_Feasibility          1.0000000000000001e-09
CPXPARAM_MIP_Tolerances_AbsMIPGap                9.9999999999999995e-08
CPXPARAM_MIP_Tolerances_MIPGap                   0
CPXPARAM_MIP_Tolerances_Integrality              0
Found incumbent of value 1376.750000 after 0.00 sec. (0.02 ticks)
Tried aggregator 2 times.
MIP Presolve eliminated 10 rows and 10 columns.
MIP Presolve added 2 rows and 0 columns.
Aggregator did 25 substitutions.
Reduced MIP has 135 rows, 145 columns, and 353 nonzeros.
Reduced MIP has 55 binaries, 0 generals, 0 SOSs, and 0 indicators.
Presolve time = 0.00 sec. (0.35 ticks)
Probing fixed 0 vars, tightened 1 bounds.
Probing time = 0.00 sec. (0.11 ticks)
Tried aggregator 1 time.
Detecting symmetries...
MIP Presolve modified 4 coefficients.
Reduced MIP has 135 rows, 145 columns, and 353 nonzeros.
Reduced MIP has 55 binaries, 0 generals, 0 SOSs, and 0 indicators.
Presolve time = 0.00 sec. (0.26 ticks)
Probing time = 0.00 sec. (0.11 ticks)
MIP emphasis: balance optimality and feasibility.
MIP search method: dynamic search.
Parallel mode: deterministic, using up to 4 threads.
Root relaxation solution time = 0.00 sec. (0.21 ticks)

        Nodes                                         Cuts/
   Node  Left     Objective  IInf  Best Integer    Best Bound    ItCnt     Gap

*     0+    0                         1376.7500        0.0000           100.00%
      0     0      592.6149    37     1376.7500      592.6149       48   56.96%
      0     0      793.6196    14     1376.7500      Cuts: 93      106   42.36%
*     0+    0                          988.2500      793.6196            19.69%
*     0+    0                          943.0000      793.6196            15.84%
      0     0      836.2288    27      943.0000      Cuts: 53      139   11.32%
      0     0      850.2028    21      943.0000      Cuts: 66      171    9.84%
*     0+    0                          920.2500      850.2028             7.61%
      0     0      865.2881    25      920.2500      Cuts: 37      204    5.97%
*     0+    0                          874.7500      865.2881             1.08%
      0     0      874.7174    23      874.7500      Cuts: 23      224    0.00%
      0     0        cutoff            874.7500                    225    0.00%
Elapsed time = 0.06 sec. (10.69 ticks, tree = 0.01 MB, solutions = 5)

Implied bound cuts applied:  8
Flow cuts applied:  21
Mixed integer rounding cuts applied:  28
Flow path cuts applied:  16
Gomory fractional cuts applied:  14

Root node processing (before b&c):
  Real time             =    0.06 sec. (10.70 ticks)
Parallel b&c, 4 threads:
  Real time             =    0.00 sec. (0.00 ticks)
  Sync time (average)   =    0.00 sec.
  Wait time (average)   =    0.00 sec.
                          ------------
Total (root+branch&cut) =    0.06 sec. (10.70 ticks)
Version identifier: 20.1.0.0 | 2020-11-10 | 9bedb6d68
CPXPARAM_Threads                                 4
CPXPARAM_Emphasis_Numerical                      1
CPXPARAM_RandomSeed                              1
CPXPARAM_Simplex_Tolerances_Optimality           1.0000000000000001e-09
CPXPARAM_Simplex_Tolerances_Feasibility          1.0000000000000001e-09
CPXPARAM_MIP_Tolerances_AbsMIPGap                9.9999999999999995e-08
CPXPARAM_MIP_Tolerances_MIPGap                   0
CPXPARAM_MIP_Tolerances_Integrality              0
Tried aggregator 1 time.
LP Presolve eliminated 85 rows and 102 columns.
Aggregator did 37 substitutions.
Reduced LP has 46 rows, 41 columns, and 110 nonzeros.
Presolve time = 0.00 sec. (0.13 ticks)
Initializing dual steep norms . . .
