Version identifier: 20.1.0.0 | 2020-11-10 | 9bedb6d68
CPXPARAM_Threads                                 4
CPXPARAM_Emphasis_Numerical                      1
CPXPARAM_RandomSeed                              1
CPXPARAM_Simplex_Tolerances_Optimality           1.0000000000000001e-09
CPXPARAM_Simplex_Tolerances_Feasibility          1.0000000000000001e-09
CPXPARAM_MIP_Tolerances_AbsMIPGap                9.9999999999999995e-08
CPXPARAM_MIP_Tolerances_MIPGap                   0
CPXPARAM_MIP_Tolerances_Integrality              0
Found incumbent of value 1738.100000 after 0.00 sec. (0.02 ticks)
Tried aggregator 2 times.
MIP Presolve eliminated 10 rows and 10 columns.
MIP Presolve added 2 rows and 0 columns.
Aggregator did 19 substitutions.
Reduced MIP has 141 rows, 151 columns, and 354 nonzeros.
Reduced MIP has 55 binaries, 0 generals, 0 SOSs, and 0 indicators.
Presolve time = 0.00 sec. (0.34 ticks)
Probing fixed 0 vars, tightened 1 bounds.
Probing time = 0.00 sec. (0.15 ticks)
Tried aggregator 1 time.
Detecting symmetries...
MIP Presolve modified 4 coefficients.
Reduced MIP has 141 rows, 151 columns, and 354 nonzeros.
Reduced MIP has 55 binaries, 0 generals, 0 SOSs, and 0 indicators.
Presolve time = 0.00 sec. (0.27 ticks)
Probing time = 0.00 sec. (0.15 ticks)
MIP emphasis: balance optimality and feasibility.
MIP search method: dynamic search.
Parallel mode: deterministic, using up to 4 threads.
Root relaxation solution time = 0.00 sec. (0.21 ticks)

        Nodes                                         Cuts/
   Node  Left     Objective  IInf  Best Integer    Best Bound    ItCnt     Gap

*     0+    0                         1738.1000        0.0000           100.00%
      0     0      727.3017    42     1738.1000      727.3017       51   58.16%
      0     0     1172.2760    32     1738.1000     Cuts: 115       98   32.55%
      0     0     1274.6850    25     1738.1000     Cuts: 119      141   26.66%
*     0+    0                         1354.0000     1274.6850             5.86%
      0     0     1298.0785    36     1354.0000      Cuts: 54      177    4.13%
*     0+    0                         1326.0000     1298.0785             2.11%
      0     0     1303.9283    34     1326.0000      Cuts: 36      200    1.66%
      0     0     1308.6402    29     1326.0000      Cuts: 12      230    1.31%
      0     0     1309.8409    30     1326.0000      Cuts: 17      254    1.22%
*     0+    0                         1323.0000     1309.8409             0.99%
      0     0     1311.0478    32     1323.0000       Cuts: 7      270    0.90%
*     0+    0                         1318.0000     1311.0478             0.53%
      0     0     1311.0907    30     1318.0000       Cuts: 3      274    0.52%
      0     0     1311.1365    27     1318.0000   Flowcuts: 2      276    0.52%
      0     2     1311.1506    26     1318.0000     1311.1365      276    0.52%
Elapsed time = 0.13 sec. (25.67 ticks, tree = 0.02 MB, solutions = 5)

Implied bound cuts applied:  16
Flow cuts applied:  17
Mixed integer rounding cuts applied:  45
Flow path cuts applied:  9
Gomory fractional cuts applied:  19

Root node processing (before b&c):
  Real time             =    0.11 sec. (25.54 ticks)
Parallel b&c, 4 threads:
  Real time             =    0.02 sec. (1.62 ticks)
  Sync time (average)   =    0.00 sec.
  Wait time (average)   =    0.00 sec.
                          ------------
Total (root+branch&cut) =    0.13 sec. (27.17 ticks)
Version identifier: 20.1.0.0 | 2020-11-10 | 9bedb6d68
CPXPARAM_Threads                                 4
CPXPARAM_Emphasis_Numerical                      1
CPXPARAM_RandomSeed                              1
CPXPARAM_Simplex_Tolerances_Optimality           1.0000000000000001e-09
CPXPARAM_Simplex_Tolerances_Feasibility          1.0000000000000001e-09
CPXPARAM_MIP_Tolerances_AbsMIPGap                9.9999999999999995e-08
CPXPARAM_MIP_Tolerances_MIPGap                   0
CPXPARAM_MIP_Tolerances_Integrality              0
Tried aggregator 1 time.
LP Presolve eliminated 89 rows and 103 columns.
Aggregator did 37 substitutions.
Reduced LP has 42 rows, 40 columns, and 102 nonzeros.
Presolve time = 0.00 sec. (0.13 ticks)
Initializing dual steep norms . . .

Iteration log . . .
Iteration:     1   Dual objective     =          1318.000000
