Version identifier: 20.1.0.0 | 2020-11-10 | 9bedb6d68
CPXPARAM_Threads                                 4
CPXPARAM_Emphasis_Numerical                      1
CPXPARAM_RandomSeed                              1
CPXPARAM_Simplex_Tolerances_Optimality           1.0000000000000001e-09
CPXPARAM_Simplex_Tolerances_Feasibility          1.0000000000000001e-09
CPXPARAM_MIP_Tolerances_AbsMIPGap                9.9999999999999995e-08
CPXPARAM_MIP_Tolerances_MIPGap                   0
CPXPARAM_MIP_Tolerances_Integrality              0
Found incumbent of value 1621.500000 after 0.00 sec. (0.02 ticks)
Tried aggregator 2 times.
MIP Presolve eliminated 11 rows and 10 columns.
MIP Presolve added 2 rows and 0 columns.
Aggregator did 32 substitutions.
Reduced MIP has 127 rows, 138 columns, and 337 nonzeros.
Reduced MIP has 55 binaries, 0 generals, 0 SOSs, and 0 indicators.
Presolve time = 0.00 sec. (0.35 ticks)
Probing fixed 0 vars, tightened 1 bounds.
Probing time = 0.00 sec. (0.11 ticks)
Tried aggregator 1 time.
Detecting symmetries...
MIP Presolve modified 2 coefficients.
Reduced MIP has 127 rows, 138 columns, and 337 nonzeros.
Reduced MIP has 55 binaries, 0 generals, 0 SOSs, and 0 indicators.
Presolve time = 0.00 sec. (0.28 ticks)
Probing time = 0.00 sec. (0.10 ticks)
MIP emphasis: balance optimality and feasibility.
MIP search method: dynamic search.
Parallel mode: deterministic, using up to 4 threads.
Root relaxation solution time = 0.00 sec. (0.21 ticks)

        Nodes                                         Cuts/
   Node  Left     Objective  IInf  Best Integer    Best Bound    ItCnt     Gap

*     0+    0                         1621.5000        0.0000           100.00%
      0     0      764.6537    35     1621.5000      764.6537       54   52.84%
*     0+    0                         1279.3000      764.6537            40.23%
      0     0      872.8364    30     1279.3000      Cuts: 77      104   31.77%
      0     0      923.0925    36     1279.3000      Cuts: 89      174   27.84%
      0     0      945.8893    33     1279.3000      Cuts: 57      213   26.06%
      0     0      947.6021    35     1279.3000      Cuts: 26      225   25.93%
*     0+    0                         1256.7000      947.6021            24.60%
      0     0      954.4000    36     1256.7000      Cuts: 28      255   24.06%
*     0+    0                         1022.7000      954.4000             6.68%

Repeating presolve.
Tried aggregator 2 times.
MIP Presolve eliminated 78 rows and 78 columns.
MIP Presolve modified 2 coefficients.
Aggregator did 1 substitutions.
Reduced MIP has 48 rows, 59 columns, and 126 nonzeros.
Reduced MIP has 22 binaries, 0 generals, 0 SOSs, and 0 indicators.
Presolve time = 0.00 sec. (0.25 ticks)
Probing time = 0.00 sec. (0.01 ticks)
Tried aggregator 1 time.
Detecting symmetries...
Reduced MIP has 48 rows, 59 columns, and 126 nonzeros.
Reduced MIP has 22 binaries, 0 generals, 0 SOSs, and 0 indicators.
Presolve time = 0.00 sec. (0.08 ticks)
Represolve time = 0.00 sec. (0.72 ticks)
Probing time = 0.00 sec. (0.01 ticks)
MIP emphasis: balance optimality and feasibility.
MIP search method: dynamic search.
Parallel mode: deterministic, using up to 4 threads.
Root relaxation solution time = 0.00 sec. (0.48 ticks)

        Nodes                                         Cuts/
   Node  Left     Objective  IInf  Best Integer    Best Bound    ItCnt     Gap

*     0+    0                         1018.7000      954.4000             6.31%
      0     0      956.9092    16     1018.7000      956.9092      314    6.07%
      0     0      959.9569    14     1018.7000      Cuts: 10      325    5.77%
      0     0      960.6523    13     1018.7000       Cuts: 3      329    5.70%
*     0+    0                         1008.7000      960.6523             4.76%
*     0+    0                         1007.6000      960.6523             4.66%
      0     0        cutoff           1007.6000     1007.6000      329    0.00%
Elapsed time = 0.08 sec. (19.80 ticks, tree = 0.01 MB, solutions = 7)

Flow cuts applied:  1
Mixed integer rounding cuts applied:  16
Flow path cuts applied:  6

Root node processing (before b&c):
  Real time             =    0.08 sec. (19.82 ticks)
Parallel b&c, 4 threads:
  Real time             =    0.00 sec. (0.00 ticks)
  Sync time (average)   =    0.00 sec.
  Wait time (average)   =    0.00 sec.
                          ------------
Total (root+branch&cut) =    0.08 sec. (19.82 ticks)
Version identifier: 20.1.0.0 | 2020-11-10 | 9bedb6d68
CPXPARAM_Threads                                 4
CPXPARAM_Emphasis_Numerical                      1
CPXPARAM_RandomSeed                              1
CPXPARAM_Simplex_Tolerances_Optimality           1.0000000000000001e-09
CPXPARAM_Simplex_Tolerances_Feasibility          1.0000000000000001e-09
CPXPARAM_MIP_Tolerances_AbsMIPGap                9.9999999999999995e-08
CPXPARAM_MIP_Tolerances_MIPGap                   0
CPXPARAM_MIP_Tolerances_Integrality              0
Tried aggregator 1 time.
LP Presolve eliminated 101 rows and 110 columns.
Aggregator did 45 substitutions.
Reduced LP has 22 rows, 25 columns, and 54 nonzeros.
Presolve time = 0.00 sec. (0.12 ticks)
Symmetry aggregator did 30 additional substitutions.
Initializing dual steep norms . . .

Dual crossover.
  Dual:  Fixed no variables.
  Primal:  Fixed no variables.
