Version identifier: 20.1.0.0 | 2020-11-10 | 9bedb6d68
CPXPARAM_Threads                                 4
CPXPARAM_Emphasis_Numerical                      1
CPXPARAM_RandomSeed                              1
CPXPARAM_Simplex_Tolerances_Optimality           1.0000000000000001e-09
CPXPARAM_Simplex_Tolerances_Feasibility          1.0000000000000001e-09
CPXPARAM_MIP_Tolerances_AbsMIPGap                9.9999999999999995e-08
CPXPARAM_MIP_Tolerances_MIPGap                   0
CPXPARAM_MIP_Tolerances_Integrality              0
Found incumbent of value 1266.590000 after 0.01 sec. (0.02 ticks)
Tried aggregator 2 times.
MIP Presolve eliminated 10 rows and 10 columns.
MIP Presolve added 2 rows and 0 columns.
Aggregator did 25 substitutions.
Reduced MIP has 135 rows, 145 columns, and 353 nonzeros.
Reduced MIP has 55 binaries, 0 generals, 0 SOSs, and 0 indicators.
Presolve time = 0.00 sec. (0.35 ticks)
Probing fixed 0 vars, tightened 1 bounds.
Probing time = 0.00 sec. (0.11 ticks)
Tried aggregator 1 time.
Detecting symmetries...
MIP Presolve modified 4 coefficients.
Reduced MIP has 135 rows, 145 columns, and 353 nonzeros.
Reduced MIP has 55 binaries, 0 generals, 0 SOSs, and 0 indicators.
Presolve time = 0.00 sec. (0.26 ticks)
Probing time = 0.00 sec. (0.11 ticks)
MIP emphasis: balance optimality and feasibility.
MIP search method: dynamic search.
Parallel mode: deterministic, using up to 4 threads.
Root relaxation solution time = 0.00 sec. (0.25 ticks)

        Nodes                                         Cuts/
   Node  Left     Objective  IInf  Best Integer    Best Bound    ItCnt     Gap

*     0+    0                         1266.5900        0.0000           100.00%
*     0+    0                         1224.4000        0.0000           100.00%
      0     0      585.5076    33     1224.4000      585.5076       54   52.18%
*     0+    0                         1135.2000      585.5076            48.42%
      0     0      692.7414    24     1135.2000      Cuts: 83       97   38.98%
*     0+    0                          855.8400      692.7414            19.06%
      0     0      751.1167    35      855.8400      Cuts: 78      166   12.24%
*     0+    0                          828.9600      751.1167             9.39%
      0     0      763.4438    32      828.9600      Cuts: 55      202    7.90%
*     0+    0                          816.2100      763.4438             6.46%
      0     0      770.4613    22      816.2100      Cuts: 42      226    5.61%
      0     0      776.1600     8      816.2100      Cuts: 26      246    4.91%
*     0+    0                          776.1600      776.1600             0.00%
      0     0        cutoff            776.1600      776.1600      246    0.00%
Elapsed time = 0.06 sec. (11.96 ticks, tree = 0.01 MB, solutions = 7)

Implied bound cuts applied:  2
Flow cuts applied:  27
Mixed integer rounding cuts applied:  36
Flow path cuts applied:  23
Gomory fractional cuts applied:  6

Root node processing (before b&c):
  Real time             =    0.06 sec. (11.98 ticks)
Parallel b&c, 4 threads:
  Real time             =    0.00 sec. (0.00 ticks)
  Sync time (average)   =    0.00 sec.
  Wait time (average)   =    0.00 sec.
                          ------------
Total (root+branch&cut) =    0.06 sec. (11.98 ticks)
Version identifier: 20.1.0.0 | 2020-11-10 | 9bedb6d68
CPXPARAM_Threads                                 4
CPXPARAM_Emphasis_Numerical                      1
CPXPARAM_RandomSeed                              1
CPXPARAM_Simplex_Tolerances_Optimality           1.0000000000000001e-09
CPXPARAM_Simplex_Tolerances_Feasibility          1.0000000000000001e-09
CPXPARAM_MIP_Tolerances_AbsMIPGap                9.9999999999999995e-08
CPXPARAM_MIP_Tolerances_MIPGap                   0
CPXPARAM_MIP_Tolerances_Integrality              0
Tried aggregator 1 time.
LP Presolve eliminated 99 rows and 109 columns.
Aggregator did 44 substitutions.
Reduced LP has 25 rows, 27 columns, and 61 nonzeros.
Presolve time = 0.00 sec. (0.12 ticks)
Initializing dual steep norms . . .
