Version identifier: 20.1.0.0 | 2020-11-10 | 9bedb6d68
CPXPARAM_Threads                                 4
CPXPARAM_Emphasis_Numerical                      1
CPXPARAM_RandomSeed                              1
CPXPARAM_Simplex_Tolerances_Optimality           1.0000000000000001e-09
CPXPARAM_Simplex_Tolerances_Feasibility          1.0000000000000001e-09
CPXPARAM_MIP_Tolerances_AbsMIPGap                9.9999999999999995e-08
CPXPARAM_MIP_Tolerances_MIPGap                   0
CPXPARAM_MIP_Tolerances_Integrality              0
Found incumbent of value 1345.130000 after 0.00 sec. (0.02 ticks)
Tried aggregator 2 times.
MIP Presolve eliminated 11 rows and 10 columns.
MIP Presolve added 2 rows and 0 columns.
Aggregator did 28 substitutions.
Reduced MIP has 131 rows, 142 columns, and 356 nonzeros.
Reduced MIP has 55 binaries, 0 generals, 0 SOSs, and 0 indicators.
Presolve time = 0.00 sec. (0.35 ticks)
Probing fixed 0 vars, tightened 1 bounds.
Probing time = 0.00 sec. (0.12 ticks)
Tried aggregator 1 time.
Detecting symmetries...
MIP Presolve modified 2 coefficients.
Reduced MIP has 131 rows, 142 columns, and 356 nonzeros.
Reduced MIP has 55 binaries, 0 generals, 0 SOSs, and 0 indicators.
Presolve time = 0.00 sec. (0.26 ticks)
Probing time = 0.00 sec. (0.11 ticks)
MIP emphasis: balance optimality and feasibility.
MIP search method: dynamic search.
Parallel mode: deterministic, using up to 4 threads.
Root relaxation solution time = 0.00 sec. (0.25 ticks)

        Nodes                                         Cuts/
   Node  Left     Objective  IInf  Best Integer    Best Bound    ItCnt     Gap

*     0+    0                         1345.1300       15.0000            98.88%
      0     0      710.4216    25     1345.1300      710.4216       58   47.19%
*     0+    0                         1017.7600      710.4216            30.20%
      0     0      846.2792    26     1017.7600      Cuts: 65       97   16.85%
*     0     0      integral     0      856.7200      Cuts: 72      105    0.00%
      0     0        cutoff            856.7200      856.7200      105    0.00%
Elapsed time = 0.05 sec. (4.59 ticks, tree = 0.01 MB, solutions = 3)

Implied bound cuts applied:  2
Flow cuts applied:  15
Mixed integer rounding cuts applied:  39
Flow path cuts applied:  12
Gomory fractional cuts applied:  16

Root node processing (before b&c):
  Real time             =    0.05 sec. (4.60 ticks)
Parallel b&c, 4 threads:
  Real time             =    0.00 sec. (0.00 ticks)
  Sync time (average)   =    0.00 sec.
  Wait time (average)   =    0.00 sec.
                          ------------
Total (root+branch&cut) =    0.05 sec. (4.60 ticks)
Version identifier: 20.1.0.0 | 2020-11-10 | 9bedb6d68
CPXPARAM_Threads                                 4
CPXPARAM_Emphasis_Numerical                      1
CPXPARAM_RandomSeed                              1
CPXPARAM_Simplex_Tolerances_Optimality           1.0000000000000001e-09
CPXPARAM_Simplex_Tolerances_Feasibility          1.0000000000000001e-09
CPXPARAM_MIP_Tolerances_AbsMIPGap                9.9999999999999995e-08
CPXPARAM_MIP_Tolerances_MIPGap                   0
CPXPARAM_MIP_Tolerances_Integrality              0
Tried aggregator 1 time.
LP Presolve eliminated 118 rows and 130 columns.
Aggregator did 50 substitutions.
All rows and columns eliminated.
Presolve time = 0.00 sec. (0.10 ticks)
