Version identifier: 20.1.0.0 | 2020-11-10 | 9bedb6d68
CPXPARAM_Threads                                 4
CPXPARAM_Emphasis_Numerical                      1
CPXPARAM_RandomSeed                              1
CPXPARAM_Simplex_Tolerances_Optimality           1.0000000000000001e-09
CPXPARAM_Simplex_Tolerances_Feasibility          1.0000000000000001e-09
CPXPARAM_MIP_Tolerances_AbsMIPGap                9.9999999999999995e-08
CPXPARAM_MIP_Tolerances_MIPGap                   0
CPXPARAM_MIP_Tolerances_Integrality              0
Found incumbent of value 1322.270000 after 0.00 sec. (0.02 ticks)
Tried aggregator 2 times.
MIP Presolve eliminated 10 rows and 10 columns.
MIP Presolve added 2 rows and 0 columns.
Aggregator did 26 substitutions.
Reduced MIP has 134 rows, 144 columns, and 349 nonzeros.
Reduced MIP has 55 binaries, 0 generals, 0 SOSs, and 0 indicators.
Presolve time = 0.02 sec. (0.35 ticks)
Probing fixed 0 vars, tightened 1 bounds.
Probing time = 0.00 sec. (0.12 ticks)
Tried aggregator 1 time.
Detecting symmetries...
MIP Presolve modified 4 coefficients.
Reduced MIP has 134 rows, 144 columns, and 349 nonzeros.
Reduced MIP has 55 binaries, 0 generals, 0 SOSs, and 0 indicators.
Presolve time = 0.00 sec. (0.26 ticks)
Probing time = 0.00 sec. (0.11 ticks)
MIP emphasis: balance optimality and feasibility.
MIP search method: dynamic search.
Parallel mode: deterministic, using up to 4 threads.
Root relaxation solution time = 0.01 sec. (0.24 ticks)

        Nodes                                         Cuts/
   Node  Left     Objective  IInf  Best Integer    Best Bound    ItCnt     Gap

*     0+    0                         1322.2700        0.0000           100.00%
      0     0      524.6463    31     1322.2700      524.6463       52   60.32%
*     0+    0                         1235.0400      524.6463            57.52%
      0     0      607.5929    30     1235.0400      Cuts: 80       83   50.80%
*     0+    0                          738.7200      607.5929            17.75%
      0     0      657.1286    36      738.7200      Cuts: 86      138   11.04%
      0     0      677.6625    24      738.7200      Cuts: 49      176    8.27%
      0     0      681.6476    20      738.7200      Cuts: 26      202    7.73%
      0     0      681.9403    22      738.7200       Cuts: 6      207    7.69%
      0     0      681.9880    22      738.7200   Flowcuts: 2      212    7.68%
*     0+    0                          738.3800      681.9880             7.64%
*     0+    0                          722.4800      681.9880             5.60%
      0     2      681.9880    22      722.4800      691.8647      212    4.24%
Elapsed time = 0.09 sec. (16.43 ticks, tree = 0.02 MB, solutions = 5)
*    51+   14                          707.4800      694.2124             1.88%
*    62     5      integral     0      706.4800      696.7040      633    1.38%

Implied bound cuts applied:  6
Flow cuts applied:  14
Mixed integer rounding cuts applied:  28
Flow path cuts applied:  8
Gomory fractional cuts applied:  4

Root node processing (before b&c):
  Real time             =    0.09 sec. (16.34 ticks)
Parallel b&c, 4 threads:
  Real time             =    0.02 sec. (5.54 ticks)
  Sync time (average)   =    0.01 sec.
  Wait time (average)   =    0.00 sec.
                          ------------
Total (root+branch&cut) =    0.11 sec. (21.88 ticks)
Version identifier: 20.1.0.0 | 2020-11-10 | 9bedb6d68
CPXPARAM_Threads                                 4
CPXPARAM_Emphasis_Numerical                      1
CPXPARAM_RandomSeed                              1
CPXPARAM_Simplex_Tolerances_Optimality           1.0000000000000001e-09
CPXPARAM_Simplex_Tolerances_Feasibility          1.0000000000000001e-09
CPXPARAM_MIP_Tolerances_AbsMIPGap                9.9999999999999995e-08
CPXPARAM_MIP_Tolerances_MIPGap                   0
CPXPARAM_MIP_Tolerances_Integrality              0
Tried aggregator 1 time.
LP Presolve eliminated 101 rows and 110 columns.
Aggregator did 45 substitutions.
Reduced LP has 22 rows, 25 columns, and 54 nonzeros.
Presolve time = 0.02 sec. (0.12 ticks)
Initializing dual steep norms . . .
