Version identifier: 20.1.0.0 | 2020-11-10 | 9bedb6d68
CPXPARAM_Threads                                 4
CPXPARAM_Emphasis_Numerical                      1
CPXPARAM_RandomSeed                              1
CPXPARAM_Simplex_Tolerances_Optimality           1.0000000000000001e-09
CPXPARAM_Simplex_Tolerances_Feasibility          1.0000000000000001e-09
CPXPARAM_MIP_Tolerances_AbsMIPGap                9.9999999999999995e-08
CPXPARAM_MIP_Tolerances_MIPGap                   0
CPXPARAM_MIP_Tolerances_Integrality              0
Tried aggregator 2 times.
MIP Presolve eliminated 83 rows and 80 columns.
MIP Presolve added 6 rows and 0 columns.
Aggregator did 125 substitutions.
Reduced MIP has 1202 rows, 1235 columns, and 3090 nonzeros.
Reduced MIP has 440 binaries, 0 generals, 0 SOSs, and 0 indicators.
Presolve time = 0.02 sec. (5.47 ticks)
Found incumbent of value 737313.450000 after 0.03 sec. (11.14 ticks)
Probing fixed 0 vars, tightened 3 bounds.
Probing time = 0.00 sec. (1.54 ticks)
Tried aggregator 1 time.
Detecting symmetries...
MIP Presolve modified 6 coefficients.
Reduced MIP has 1202 rows, 1235 columns, and 3090 nonzeros.
Reduced MIP has 440 binaries, 0 generals, 0 SOSs, and 0 indicators.
Presolve time = 0.02 sec. (4.34 ticks)
Probing time = 0.01 sec. (1.49 ticks)
MIP emphasis: balance optimality and feasibility.
MIP search method: dynamic search.
Parallel mode: deterministic, using up to 4 threads.
Root relaxation solution time = 0.02 sec. (2.25 ticks)

        Nodes                                         Cuts/
   Node  Left     Objective  IInf  Best Integer    Best Bound    ItCnt     Gap

*     0+    0                       737313.4500        0.0000           100.00%
*     0+    0                       237390.0000        0.0000           100.00%
      0     0    79283.0623   365   237390.0000    79283.0623      447   66.60%
*     0+    0                       230242.0500    79283.0623            65.57%
      0     0   135789.2333   263   230242.0500     Cuts: 400      710   41.02%
      0     0   170012.3380   232   230242.0500     Cuts: 400      999   26.16%
      0     0   180743.6768   197   230242.0500     Cuts: 400     1232   21.50%
*     0+    0                       212672.6000   180743.6768            15.01%
      0     0   183506.0230   191   212672.6000     Cuts: 272     1394   13.71%
*     0+    0                       194641.1000   183506.0230             5.72%
      0     0   183970.4643   181   194641.1000     Cuts: 128     1484    5.48%
*     0+    0                       186824.4000   183970.4643             1.53%
Detecting symmetries...
      0     0   184184.5834   158   186824.4000      Cuts: 57     1527    1.41%
*     0+    0                       185820.4000   184184.5834             0.88%
      0     0   184236.2764   103   185820.4000      Cuts: 33     1546    0.85%
*     0+    0                       185364.7500   184236.2764             0.61%
      0     0   184290.9707   218   185364.7500      Cuts: 49     1616    0.58%
      0     0   184328.0216   229   185364.7500      Cuts: 61     1652    0.56%
*     0+    0                       185280.5000   184328.0216             0.51%
      0     0   184343.2098   219   185280.5000      Cuts: 25     1683    0.51%
      0     0   184380.4982   210   185280.5000      Cuts: 26     1717    0.49%
      0     0   184391.2915   216   185280.5000      Cuts: 36     1759    0.48%
      0     0   184399.8656   220   185280.5000      Cuts: 11     1789    0.48%
Detecting symmetries...
      0     2   184399.8656   220   185280.5000   184725.0219     1789    0.30%
Elapsed time = 0.70 sec. (328.30 ticks, tree = 0.02 MB, solutions = 9)
*    58+   35                       185224.1500   184725.0219             0.27%
*    88    44      integral     0   185189.7500   184725.0219     3385    0.25%
*   170+   42                       185169.8500   184841.9651             0.18%
*   196+   34                       185160.5500   184851.8347             0.17%

Implied bound cuts applied:  165
Flow cuts applied:  286
Mixed integer rounding cuts applied:  233
Flow path cuts applied:  63
Lift and project cuts applied:  7
Gomory fractional cuts applied:  161

Root node processing (before b&c):
  Real time             =    0.69 sec. (327.44 ticks)
Parallel b&c, 4 threads:
  Real time             =    0.41 sec. (206.35 ticks)
  Sync time (average)   =    0.04 sec.
  Wait time (average)   =    0.00 sec.
                          ------------
Total (root+branch&cut) =    1.09 sec. (533.78 ticks)
Version identifier: 20.1.0.0 | 2020-11-10 | 9bedb6d68
CPXPARAM_Threads                                 4
CPXPARAM_Emphasis_Numerical                      1
CPXPARAM_RandomSeed                              1
CPXPARAM_Simplex_Tolerances_Optimality           1.0000000000000001e-09
CPXPARAM_Simplex_Tolerances_Feasibility          1.0000000000000001e-09
CPXPARAM_MIP_Tolerances_AbsMIPGap                9.9999999999999995e-08
CPXPARAM_MIP_Tolerances_MIPGap                   0
CPXPARAM_MIP_Tolerances_Integrality              0
Tried aggregator 1 time.
LP Presolve eliminated 695 rows and 745 columns.
Aggregator did 250 substitutions.
Reduced LP has 459 rows, 445 columns, and 1234 nonzeros.
Presolve time = 0.00 sec. (1.18 ticks)
Initializing dual steep norms . . .

Iteration log . . .
Iteration:     1   Dual objective     =        126993.700000
