Version identifier: 20.1.0.0 | 2020-11-10 | 9bedb6d68
CPXPARAM_Threads                                 4
CPXPARAM_Emphasis_Numerical                      1
CPXPARAM_RandomSeed                              1
CPXPARAM_Simplex_Tolerances_Optimality           1.0000000000000001e-09
CPXPARAM_Simplex_Tolerances_Feasibility          1.0000000000000001e-09
CPXPARAM_MIP_Tolerances_AbsMIPGap                9.9999999999999995e-08
CPXPARAM_MIP_Tolerances_MIPGap                   0
CPXPARAM_MIP_Tolerances_Integrality              0
Found incumbent of value 956.232500 after 0.00 sec. (0.02 ticks)
Tried aggregator 2 times.
MIP Presolve eliminated 10 rows and 10 columns.
MIP Presolve added 2 rows and 0 columns.
Aggregator did 19 substitutions.
Reduced MIP has 141 rows, 151 columns, and 354 nonzeros.
Reduced MIP has 55 binaries, 0 generals, 0 SOSs, and 0 indicators.
Presolve time = 0.00 sec. (0.34 ticks)
Probing fixed 0 vars, tightened 1 bounds.
Probing time = 0.00 sec. (0.15 ticks)
Tried aggregator 1 time.
Detecting symmetries...
MIP Presolve modified 4 coefficients.
Reduced MIP has 141 rows, 151 columns, and 354 nonzeros.
Reduced MIP has 55 binaries, 0 generals, 0 SOSs, and 0 indicators.
Presolve time = 0.00 sec. (0.27 ticks)
Probing time = 0.00 sec. (0.15 ticks)
MIP emphasis: balance optimality and feasibility.
MIP search method: dynamic search.
Parallel mode: deterministic, using up to 4 threads.
Root relaxation solution time = 0.00 sec. (0.24 ticks)

        Nodes                                         Cuts/
   Node  Left     Objective  IInf  Best Integer    Best Bound    ItCnt     Gap

*     0+    0                          956.2325        0.0000           100.00%
*     0+    0                          926.8225        0.0000           100.00%
      0     0      446.5828    36      926.8225      446.5828       58   51.82%
      0     0      520.0840    27      926.8225      Cuts: 98       99   43.89%
*     0+    0                          671.2525      520.0840            22.52%
      0     0      541.5679    36      671.2525      Cuts: 82      154   19.32%
      0     0      561.5910    34      671.2525      Cuts: 54      206   16.34%
*     0+    0                          581.2825      561.5910             3.39%
      0     0      566.9543    34      581.2825      Cuts: 37      242    2.46%
*     0+    0                          581.0325      566.9543             2.42%
      0     0      570.6137    29      581.0325      Cuts: 22      277    1.79%
      0     0      572.4113    27      581.0325      Cuts: 33      296    1.48%
      0     0      575.1319    39      581.0325      Cuts: 10      314    1.02%
      0     0      575.3832    40      581.0325      Cuts: 14      326    0.97%
      0     0      575.9075    36      581.0325      Cuts: 18      342    0.88%
      0     0      577.1012    41      581.0325      Cuts: 11      355    0.68%
      0     0      577.6894    30      581.0325      Cuts: 12      372    0.58%
      0     0      578.2443    38      581.0325      Cuts: 21      381    0.48%
      0     0      578.4774    33      581.0325       Cuts: 9      394    0.44%
      0     0      578.6174    35      581.0325       Cuts: 3      399    0.42%
      0     0      579.0134    33      581.0325    MIRcuts: 2      411    0.35%
      0     0      579.0915    33      581.0325       Cuts: 3      414    0.33%
      0     0      579.2591    32      581.0325    MIRcuts: 2      426    0.31%
      0     0      579.2638    31      581.0325  Flowpaths: 1      428    0.30%
*     0+    0                          580.8525      579.2638             0.27%
      0     2      579.2638    30      580.8525      579.2638      428    0.27%
Elapsed time = 0.17 sec. (38.38 ticks, tree = 0.02 MB, solutions = 6)
*     8     1      integral     0      580.6025      580.6025      473    0.00%

Implied bound cuts applied:  4
Flow cuts applied:  1
Mixed integer rounding cuts applied:  30
Flow path cuts applied:  17
Gomory fractional cuts applied:  4

Root node processing (before b&c):
  Real time             =    0.16 sec. (38.27 ticks)
Parallel b&c, 4 threads:
  Real time             =    0.02 sec. (1.09 ticks)
  Sync time (average)   =    0.00 sec.
  Wait time (average)   =    0.00 sec.
                          ------------
Total (root+branch&cut) =    0.17 sec. (39.36 ticks)
Version identifier: 20.1.0.0 | 2020-11-10 | 9bedb6d68
CPXPARAM_Threads                                 4
CPXPARAM_Emphasis_Numerical                      1
CPXPARAM_RandomSeed                              1
CPXPARAM_Simplex_Tolerances_Optimality           1.0000000000000001e-09
CPXPARAM_Simplex_Tolerances_Feasibility          1.0000000000000001e-09
CPXPARAM_MIP_Tolerances_AbsMIPGap                9.9999999999999995e-08
CPXPARAM_MIP_Tolerances_MIPGap                   0
CPXPARAM_MIP_Tolerances_Integrality              0
Tried aggregator 1 time.
LP Presolve eliminated 101 rows and 114 columns.
Aggregator did 46 substitutions.
Reduced LP has 21 rows, 20 columns, and 48 nonzeros.
Presolve time = 0.00 sec. (0.12 ticks)
Initializing dual steep norms . . .

Iteration log . . .
Iteration:     1   Dual infeasibility =             0.300000
