Version identifier: 20.1.0.0 | 2020-11-10 | 9bedb6d68
CPXPARAM_Threads                                 4
CPXPARAM_Emphasis_Numerical                      1
CPXPARAM_RandomSeed                              1
CPXPARAM_Simplex_Tolerances_Optimality           1.0000000000000001e-09
CPXPARAM_Simplex_Tolerances_Feasibility          1.0000000000000001e-09
CPXPARAM_MIP_Tolerances_AbsMIPGap                9.9999999999999995e-08
CPXPARAM_MIP_Tolerances_MIPGap                   0
CPXPARAM_MIP_Tolerances_Integrality              0
Found incumbent of value 1771.400000 after 0.00 sec. (0.02 ticks)
Tried aggregator 2 times.
MIP Presolve eliminated 10 rows and 10 columns.
MIP Presolve added 2 rows and 0 columns.
Aggregator did 33 substitutions.
Reduced MIP has 127 rows, 137 columns, and 341 nonzeros.
Reduced MIP has 55 binaries, 0 generals, 0 SOSs, and 0 indicators.
Presolve time = 0.00 sec. (0.35 ticks)
Probing fixed 0 vars, tightened 1 bounds.
Probing time = 0.00 sec. (0.10 ticks)
Tried aggregator 1 time.
Detecting symmetries...
MIP Presolve modified 4 coefficients.
Reduced MIP has 127 rows, 137 columns, and 341 nonzeros.
Reduced MIP has 55 binaries, 0 generals, 0 SOSs, and 0 indicators.
Presolve time = 0.00 sec. (0.29 ticks)
Probing time = 0.00 sec. (0.10 ticks)
MIP emphasis: balance optimality and feasibility.
MIP search method: dynamic search.
Parallel mode: deterministic, using up to 4 threads.
Root relaxation solution time = 0.00 sec. (0.23 ticks)

        Nodes                                         Cuts/
   Node  Left     Objective  IInf  Best Integer    Best Bound    ItCnt     Gap

*     0+    0                         1771.4000        0.0000           100.00%
      0     0      702.0774    30     1771.4000      702.0774       52   60.37%
*     0+    0                         1168.6000      702.0774            39.92%
      0     0      801.9944    30     1168.6000      Cuts: 69       77   31.37%
*     0+    0                          959.6000      801.9944            16.42%
      0     0      863.9603    35      959.6000      Cuts: 64      127    9.97%
      0     0      890.9132    18      959.6000      Cuts: 51      167    7.16%
      0     0      893.8811    24      959.6000      Cuts: 40      183    6.85%
      0     0      897.2463    26      959.6000      Cuts: 24      212    6.50%
      0     0      899.1756    29      959.6000      Cuts: 24      221    6.30%
      0     0      899.2956    26      959.6000       Cuts: 4      223    6.28%
*     0+    0                          935.6000      899.2956             3.88%
      0     2      899.2956    26      935.6000      899.2956      223    3.88%
Elapsed time = 0.09 sec. (17.93 ticks, tree = 0.02 MB, solutions = 4)

Implied bound cuts applied:  1
Flow cuts applied:  8
Mixed integer rounding cuts applied:  33
Flow path cuts applied:  4

Root node processing (before b&c):
  Real time             =    0.08 sec. (17.83 ticks)
Parallel b&c, 4 threads:
  Real time             =    0.03 sec. (2.53 ticks)
  Sync time (average)   =    0.01 sec.
  Wait time (average)   =    0.00 sec.
                          ------------
Total (root+branch&cut) =    0.11 sec. (20.36 ticks)
Version identifier: 20.1.0.0 | 2020-11-10 | 9bedb6d68
CPXPARAM_Threads                                 4
CPXPARAM_Emphasis_Numerical                      1
CPXPARAM_RandomSeed                              1
CPXPARAM_Simplex_Tolerances_Optimality           1.0000000000000001e-09
CPXPARAM_Simplex_Tolerances_Feasibility          1.0000000000000001e-09
CPXPARAM_MIP_Tolerances_AbsMIPGap                9.9999999999999995e-08
CPXPARAM_MIP_Tolerances_MIPGap                   0
CPXPARAM_MIP_Tolerances_Integrality              0
Tried aggregator 1 time.
LP Presolve eliminated 101 rows and 110 columns.
Aggregator did 45 substitutions.
Reduced LP has 22 rows, 25 columns, and 54 nonzeros.
Presolve time = 0.00 sec. (0.12 ticks)
Symmetry aggregator did 30 additional substitutions.
Initializing dual steep norms . . .

Dual crossover.
  Dual:  Fixed no variables.
  Primal:  Fixed no variables.
