Version identifier: 20.1.0.0 | 2020-11-10 | 9bedb6d68
CPXPARAM_Threads                                 4
CPXPARAM_Emphasis_Numerical                      1
CPXPARAM_RandomSeed                              1
CPXPARAM_Simplex_Tolerances_Optimality           1.0000000000000001e-09
CPXPARAM_Simplex_Tolerances_Feasibility          1.0000000000000001e-09
CPXPARAM_MIP_Tolerances_AbsMIPGap                9.9999999999999995e-08
CPXPARAM_MIP_Tolerances_MIPGap                   0
CPXPARAM_MIP_Tolerances_Integrality              0
Found incumbent of value 1566.250000 after 0.00 sec. (0.02 ticks)
Tried aggregator 2 times.
MIP Presolve eliminated 11 rows and 10 columns.
MIP Presolve added 2 rows and 0 columns.
Aggregator did 26 substitutions.
Reduced MIP has 133 rows, 144 columns, and 350 nonzeros.
Reduced MIP has 55 binaries, 0 generals, 0 SOSs, and 0 indicators.
Presolve time = 0.00 sec. (0.35 ticks)
Probing fixed 0 vars, tightened 1 bounds.
Probing time = 0.00 sec. (0.12 ticks)
Tried aggregator 1 time.
Detecting symmetries...
MIP Presolve modified 2 coefficients.
Reduced MIP has 133 rows, 144 columns, and 350 nonzeros.
Reduced MIP has 55 binaries, 0 generals, 0 SOSs, and 0 indicators.
Presolve time = 0.01 sec. (0.26 ticks)
Probing time = 0.00 sec. (0.12 ticks)
MIP emphasis: balance optimality and feasibility.
MIP search method: dynamic search.
Parallel mode: deterministic, using up to 4 threads.
Root relaxation solution time = 0.00 sec. (0.20 ticks)

        Nodes                                         Cuts/
   Node  Left     Objective  IInf  Best Integer    Best Bound    ItCnt     Gap

*     0+    0                         1566.2500        0.0000           100.00%
      0     0      655.5099    39     1566.2500      655.5099       44   58.15%
      0     0      839.7817    21     1566.2500     Cuts: 115      100   46.38%
*     0+    0                         1010.2500      839.7817            16.87%
      0     0      911.2754    26     1010.2500      Cuts: 50      146    9.80%
*     0+    0                          941.0000      911.2754             3.16%
      0     0      924.8416     5      941.0000      Cuts: 40      177    1.72%
*     0+    0                          927.0000      924.8416             0.23%
      0     0      926.7597    24      927.0000       Cuts: 7      199    0.03%
      0     0        cutoff            927.0000                    201    0.00%
Elapsed time = 0.06 sec. (9.77 ticks, tree = 0.01 MB, solutions = 4)

Implied bound cuts applied:  3
Flow cuts applied:  13
Mixed integer rounding cuts applied:  33
Flow path cuts applied:  12
Gomory fractional cuts applied:  8

Root node processing (before b&c):
  Real time             =    0.06 sec. (9.79 ticks)
Parallel b&c, 4 threads:
  Real time             =    0.00 sec. (0.00 ticks)
  Sync time (average)   =    0.00 sec.
  Wait time (average)   =    0.00 sec.
                          ------------
Total (root+branch&cut) =    0.06 sec. (9.79 ticks)
Version identifier: 20.1.0.0 | 2020-11-10 | 9bedb6d68
CPXPARAM_Threads                                 4
CPXPARAM_Emphasis_Numerical                      1
CPXPARAM_RandomSeed                              1
CPXPARAM_Simplex_Tolerances_Optimality           1.0000000000000001e-09
CPXPARAM_Simplex_Tolerances_Feasibility          1.0000000000000001e-09
CPXPARAM_MIP_Tolerances_AbsMIPGap                9.9999999999999995e-08
CPXPARAM_MIP_Tolerances_MIPGap                   0
CPXPARAM_MIP_Tolerances_Integrality              0
Tried aggregator 1 time.
LP Presolve eliminated 95 rows and 113 columns.
Aggregator did 45 substitutions.
Reduced LP has 28 rows, 22 columns, and 63 nonzeros.
Presolve time = 0.00 sec. (0.12 ticks)
Initializing dual steep norms . . .
