Version identifier: 20.1.0.0 | 2020-11-10 | 9bedb6d68
CPXPARAM_Threads                                 4
CPXPARAM_Emphasis_Numerical                      1
CPXPARAM_RandomSeed                              1
CPXPARAM_Simplex_Tolerances_Optimality           1.0000000000000001e-09
CPXPARAM_Simplex_Tolerances_Feasibility          1.0000000000000001e-09
CPXPARAM_MIP_Tolerances_AbsMIPGap                9.9999999999999995e-08
CPXPARAM_MIP_Tolerances_MIPGap                   0
CPXPARAM_MIP_Tolerances_Integrality              0
Found incumbent of value 1865.000000 after 0.01 sec. (0.02 ticks)
Tried aggregator 2 times.
MIP Presolve eliminated 10 rows and 10 columns.
MIP Presolve added 2 rows and 0 columns.
Aggregator did 33 substitutions.
Reduced MIP has 127 rows, 137 columns, and 341 nonzeros.
Reduced MIP has 55 binaries, 0 generals, 0 SOSs, and 0 indicators.
Presolve time = 0.00 sec. (0.35 ticks)
Probing fixed 0 vars, tightened 1 bounds.
Probing time = 0.00 sec. (0.10 ticks)
Tried aggregator 1 time.
Detecting symmetries...
MIP Presolve modified 4 coefficients.
Reduced MIP has 127 rows, 137 columns, and 341 nonzeros.
Reduced MIP has 55 binaries, 0 generals, 0 SOSs, and 0 indicators.
Presolve time = 0.00 sec. (0.29 ticks)
Probing time = 0.00 sec. (0.10 ticks)
MIP emphasis: balance optimality and feasibility.
MIP search method: dynamic search.
Parallel mode: deterministic, using up to 4 threads.
Root relaxation solution time = 0.00 sec. (0.20 ticks)

        Nodes                                         Cuts/
   Node  Left     Objective  IInf  Best Integer    Best Bound    ItCnt     Gap

*     0+    0                         1865.0000        0.0000           100.00%
      0     0      728.7137    31     1865.0000      728.7137       42   60.93%
      0     0      927.3768    29     1865.0000      Cuts: 73       78   50.27%
*     0+    0                         1266.0000      927.3768            26.75%
      0     0     1003.6871    32     1266.0000      Cuts: 78      111   20.72%
*     0+    0                         1126.0000     1003.6871            10.86%
      0     0     1027.4776    16     1126.0000      Cuts: 44      138    8.75%
      0     0     1032.7768    21     1126.0000      Cuts: 38      149    8.28%
      0     0     1037.5616    17     1126.0000   MIRcuts: 36      161    7.85%
*     0+    0                         1070.0000     1037.5616             3.03%

Repeating presolve.
Tried aggregator 1 time.
MIP Presolve modified 22 coefficients.
Reduced MIP has 127 rows, 137 columns, and 341 nonzeros.
Reduced MIP has 55 binaries, 0 generals, 0 SOSs, and 0 indicators.
Presolve time = 0.00 sec. (0.18 ticks)
Probing time = 0.00 sec. (0.06 ticks)
Tried aggregator 1 time.
Detecting symmetries...
Reduced MIP has 127 rows, 137 columns, and 341 nonzeros.
Reduced MIP has 55 binaries, 0 generals, 0 SOSs, and 0 indicators.
Presolve time = 0.00 sec. (0.25 ticks)
Represolve time = 0.02 sec. (0.93 ticks)
Probing time = 0.00 sec. (0.04 ticks)
MIP emphasis: balance optimality and feasibility.
MIP search method: dynamic search.
Parallel mode: deterministic, using up to 4 threads.
Root relaxation solution time = 0.00 sec. (1.09 ticks)

        Nodes                                         Cuts/
   Node  Left     Objective  IInf  Best Integer    Best Bound    ItCnt     Gap

*     0+    0                         1070.0000     1037.5616             3.03%
      0     0     1037.5616    17     1070.0000     1037.5616      273    3.03%
      0     0     1038.0160    17     1070.0000      Cuts: 12      282    2.99%
      0     0     1038.0525    17     1070.0000    MIRcuts: 4      285    2.99%
      0     2     1038.0525    17     1070.0000     1046.2672      285    2.22%
Elapsed time = 0.11 sec. (21.92 ticks, tree = 0.02 MB, solutions = 4)

Implied bound cuts applied:  4
Flow cuts applied:  17
Mixed integer rounding cuts applied:  48
Flow path cuts applied:  1
Lift and project cuts applied:  4
Gomory fractional cuts applied:  6

Root node processing (before b&c):
  Real time             =    0.11 sec. (21.82 ticks)
Parallel b&c, 4 threads:
  Real time             =    0.02 sec. (3.86 ticks)
  Sync time (average)   =    0.00 sec.
  Wait time (average)   =    0.00 sec.
                          ------------
Total (root+branch&cut) =    0.13 sec. (25.67 ticks)
Version identifier: 20.1.0.0 | 2020-11-10 | 9bedb6d68
CPXPARAM_Threads                                 4
CPXPARAM_Emphasis_Numerical                      1
CPXPARAM_RandomSeed                              1
CPXPARAM_Simplex_Tolerances_Optimality           1.0000000000000001e-09
CPXPARAM_Simplex_Tolerances_Feasibility          1.0000000000000001e-09
CPXPARAM_MIP_Tolerances_AbsMIPGap                9.9999999999999995e-08
CPXPARAM_MIP_Tolerances_MIPGap                   0
CPXPARAM_MIP_Tolerances_Integrality              0
Tried aggregator 1 time.
LP Presolve eliminated 89 rows and 107 columns.
Aggregator did 42 substitutions.
Reduced LP has 37 rows, 31 columns, and 87 nonzeros.
Presolve time = 0.00 sec. (0.13 ticks)
Symmetry aggregator did 39 additional substitutions.
Initializing dual steep norms . . .

Dual crossover.
  Dual:  Fixed no variables.
  Primal:  Fixed no variables.
