Version identifier: 20.1.0.0 | 2020-11-10 | 9bedb6d68
CPXPARAM_Threads                                 4
CPXPARAM_Emphasis_Numerical                      1
CPXPARAM_RandomSeed                              1
CPXPARAM_Simplex_Tolerances_Optimality           1.0000000000000001e-09
CPXPARAM_Simplex_Tolerances_Feasibility          1.0000000000000001e-09
CPXPARAM_MIP_Tolerances_AbsMIPGap                9.9999999999999995e-08
CPXPARAM_MIP_Tolerances_MIPGap                   0
CPXPARAM_MIP_Tolerances_Integrality              0
Found incumbent of value 629871.650000 after 0.00 sec. (0.30 ticks)
Tried aggregator 2 times.
MIP Presolve eliminated 81 rows and 80 columns.
MIP Presolve added 2 rows and 0 columns.
Aggregator did 145 substitutions.
Reduced MIP has 2632 rows, 2655 columns, and 6681 nonzeros.
Reduced MIP has 920 binaries, 0 generals, 0 SOSs, and 0 indicators.
Presolve time = 0.02 sec. (17.30 ticks)
Probing fixed 0 vars, tightened 1 bounds.
Probing time = 0.01 sec. (3.99 ticks)
Tried aggregator 1 time.
Detecting symmetries...
MIP Presolve modified 2 coefficients.
Reduced MIP has 2632 rows, 2655 columns, and 6681 nonzeros.
Reduced MIP has 920 binaries, 0 generals, 0 SOSs, and 0 indicators.
Presolve time = 0.02 sec. (15.44 ticks)
Probing time = 0.02 sec. (2.39 ticks)
MIP emphasis: balance optimality and feasibility.
MIP search method: dynamic search.
Parallel mode: deterministic, using up to 4 threads.
Root relaxation solution time = 0.02 sec. (5.14 ticks)

        Nodes                                         Cuts/
   Node  Left     Objective  IInf  Best Integer    Best Bound    ItCnt     Gap

*     0+    0                       629871.6500        0.0000           100.00%
      0     0    93922.2918   879   629871.6500    93922.2918      946   85.09%
*     0+    0                       510592.7000    93922.2918            81.61%
*     0+    0                       505618.2000    93922.2918            81.42%
      0     0   210856.4460   655   505618.2000     Cuts: 758     1518   58.30%
*     0+    0                       458584.7500   210856.4460            54.02%
      0     0   327710.8870   545   458584.7500     Cuts: 758     2082   28.54%
      0     0   387146.1459   394   458584.7500     Cuts: 758     2566   15.58%
      0     0   399259.8274   273   458584.7500     Cuts: 695     2844   12.94%
*     0+    0                       423089.5500   399259.8274             5.63%
      0     0   400958.5280   145   423089.5500     Cuts: 323     2967    5.23%
*     0+    0                       409252.9500   400958.5280             2.03%
Detecting symmetries...
      0     0   401502.9027    82   409252.9500     Cuts: 112     3043    1.89%
*     0+    0                       403594.5500   401502.9027             0.52%
      0     0   401598.1949    74   403594.5500      Cuts: 49     3080    0.49%
*     0+    0                       401793.7500   401598.1949             0.05%
      0     0   401648.1307    59   401793.7500      Cuts: 22     3095    0.04%
*     0+    0                       401786.7500   401648.1307             0.03%
      0     0   401650.2825    53   401786.7500       Cuts: 4     3097    0.03%
      0     0   401650.5064    53   401786.7500  Flowpaths: 1     3098    0.03%
*     0+    0                       401739.1500   401650.5064             0.02%
*     0+    0                       401732.1500   401650.5064             0.02%
      0     0  -1.00000e+75     0   401732.1500   401650.5064     3098    0.02%
Detecting symmetries...
      0     2   401650.5064    53   401732.1500   401650.5064     3098    0.02%
Elapsed time = 1.23 sec. (604.87 ticks, tree = 0.02 MB, solutions = 11)

Implied bound cuts applied:  85
Flow cuts applied:  1012
Mixed integer rounding cuts applied:  791
Flow path cuts applied:  138
Multi commodity flow cuts applied:  20
Gomory fractional cuts applied:  192

Root node processing (before b&c):
  Real time             =    1.22 sec. (602.98 ticks)
Parallel b&c, 4 threads:
  Real time             =    0.19 sec. (78.67 ticks)
  Sync time (average)   =    0.07 sec.
  Wait time (average)   =    0.00 sec.
                          ------------
Total (root+branch&cut) =    1.41 sec. (681.66 ticks)
Version identifier: 20.1.0.0 | 2020-11-10 | 9bedb6d68
CPXPARAM_Threads                                 4
CPXPARAM_Emphasis_Numerical                      1
CPXPARAM_RandomSeed                              1
CPXPARAM_Simplex_Tolerances_Optimality           1.0000000000000001e-09
CPXPARAM_Simplex_Tolerances_Feasibility          1.0000000000000001e-09
CPXPARAM_MIP_Tolerances_AbsMIPGap                9.9999999999999995e-08
CPXPARAM_MIP_Tolerances_MIPGap                   0
CPXPARAM_MIP_Tolerances_Integrality              0
Tried aggregator 1 time.
LP Presolve eliminated 1390 rows and 1414 columns.
Aggregator did 457 substitutions.
Reduced LP has 1009 rows, 1009 columns, and 2770 nonzeros.
Presolve time = 0.02 sec. (2.46 ticks)
Initializing dual steep norms . . .

Iteration log . . .
Iteration:     1   Dual objective     =        358347.700000
