Version identifier: 20.1.0.0 | 2020-11-10 | 9bedb6d68
CPXPARAM_Threads                                 4
CPXPARAM_Emphasis_Numerical                      1
CPXPARAM_RandomSeed                              1
CPXPARAM_Simplex_Tolerances_Optimality           1.0000000000000001e-09
CPXPARAM_Simplex_Tolerances_Feasibility          1.0000000000000001e-09
CPXPARAM_MIP_Tolerances_AbsMIPGap                9.9999999999999995e-08
CPXPARAM_MIP_Tolerances_MIPGap                   0
CPXPARAM_MIP_Tolerances_Integrality              0
Found incumbent of value 464582.950000 after 0.00 sec. (0.37 ticks)
Tried aggregator 2 times.
MIP Presolve eliminated 101 rows and 100 columns.
MIP Presolve added 2 rows and 0 columns.
Aggregator did 346 substitutions.
Reduced MIP has 3131 rows, 3154 columns, and 7854 nonzeros.
Reduced MIP has 1150 binaries, 0 generals, 0 SOSs, and 0 indicators.
Presolve time = 0.02 sec. (26.02 ticks)
Probing fixed 0 vars, tightened 1 bounds.
Probing time = 0.02 sec. (4.82 ticks)
Tried aggregator 1 time.
Detecting symmetries...
MIP Presolve modified 2 coefficients.
Reduced MIP has 3131 rows, 3154 columns, and 7854 nonzeros.
Reduced MIP has 1150 binaries, 0 generals, 0 SOSs, and 0 indicators.
Presolve time = 0.01 sec. (21.93 ticks)
Probing time = 0.00 sec. (2.70 ticks)
MIP emphasis: balance optimality and feasibility.
MIP search method: dynamic search.
Parallel mode: deterministic, using up to 4 threads.
Root relaxation solution time = 0.02 sec. (6.54 ticks)

        Nodes                                         Cuts/
   Node  Left     Objective  IInf  Best Integer    Best Bound    ItCnt     Gap

*     0+    0                       464582.9500        0.0000           100.00%
      0     0   102428.9976   955   464582.9500   102428.9976     1080   77.95%
      0     0   198564.8379   755   464582.9500     Cuts: 882     1653   57.26%
      0     0   283395.4816   769   464582.9500     Cuts: 882     2243   39.00%
*     0+    0                       434893.1000   283395.4816            34.84%
      0     0   322243.0629   596   434893.1000     Cuts: 882     3016   25.90%
      0     0   336585.8010   562   434893.1000     Cuts: 882     3535   22.60%
*     0+    0                       410308.2500   336585.8010            17.97%
      0     0   341208.7635   538   410308.2500     Cuts: 723     3933   16.84%
Detecting symmetries...
      0     0   343359.8816   518   410308.2500     Cuts: 478     4307   16.32%
*     0+    0                       376397.8500   343359.8816             8.78%
      0     0   344523.6270   319   376397.8500     Cuts: 372     4476    8.47%
      0     0   345080.1624   457   376397.8500     Cuts: 171     4693    8.32%
*     0+    0                       356037.2500   345080.1624             3.08%
      0     0   345355.6788   546   356037.2500     Cuts: 149     4923    3.00%
      0     0   345489.2336   520   356037.2500      Cuts: 92     5051    2.96%
*     0+    0                       353728.0000   345489.2336             2.33%
      0     0   345715.5149   430   353728.0000     Cuts: 171     5135    2.27%
*     0+    0                       352767.1500   345715.5149             2.00%
      0     0   345876.2980   367   352767.1500      Cuts: 87     5246    1.95%
*     0+    0                       351571.5500   345876.2980             1.62%
      0     0   345895.1951   376   351571.5500      Cuts: 95     5296    1.61%
*     0+    0                       347083.3500   345895.1951             0.34%
      0     0   345946.0377   470   347083.3500      Cuts: 66     5355    0.33%
*     0+    0                       346963.3500   345946.0377             0.29%
      0     0   345962.9410   357   346963.3500      Cuts: 94     5453    0.29%
*     0+    0                       346897.3500   345962.9410             0.27%
      0     0   345975.2755   383   346897.3500      Cuts: 23     5486    0.27%
      0     0   345978.7945   416   346897.3500      Cuts: 31     5509    0.26%
*     0+    0                       346559.3500   345978.7945             0.17%
Detecting symmetries...
      0     2   345978.7945   416   346559.3500   345978.7945     5509    0.17%
Elapsed time = 3.06 sec. (1468.64 ticks, tree = 0.02 MB, solutions = 12)
*    85+   52                       346393.3500   346026.6401             0.11%
     85    48   346123.8886   307   346393.3500   346026.6401     8534    0.11%
*    88+   51                       346379.3500   346026.6401             0.10%
*   163+   13                       346313.3500   346245.3536             0.02%

Implied bound cuts applied:  124
Flow cuts applied:  863
Mixed integer rounding cuts applied:  774
Flow path cuts applied:  355
Lift and project cuts applied:  6
Gomory fractional cuts applied:  172

Root node processing (before b&c):
  Real time             =    3.05 sec. (1463.95 ticks)
Parallel b&c, 4 threads:
  Real time             =    0.86 sec. (437.33 ticks)
  Sync time (average)   =    0.12 sec.
  Wait time (average)   =    0.00 sec.
                          ------------
Total (root+branch&cut) =    3.91 sec. (1901.28 ticks)
Version identifier: 20.1.0.0 | 2020-11-10 | 9bedb6d68
CPXPARAM_Threads                                 4
CPXPARAM_Emphasis_Numerical                      1
CPXPARAM_RandomSeed                              1
CPXPARAM_Simplex_Tolerances_Optimality           1.0000000000000001e-09
CPXPARAM_Simplex_Tolerances_Feasibility          1.0000000000000001e-09
CPXPARAM_MIP_Tolerances_AbsMIPGap                9.9999999999999995e-08
CPXPARAM_MIP_Tolerances_MIPGap                   0
CPXPARAM_MIP_Tolerances_Integrality              0
Parallel mode: deterministic, using up to 4 threads for concurrent optimization:
 * Starting dual Simplex on 1 thread...
 * Starting Barrier on 3 threads...
Tried aggregator 1 time.
LP Presolve eliminated 1868 rows and 1917 columns.
Aggregator did 699 substitutions.
Reduced LP has 1009 rows, 984 columns, and 2518 nonzeros.
Presolve time = 0.00 sec. (2.90 ticks)
Initializing dual steep norms . . .

Iteration log . . .
Iteration:     1   Dual objective     =        278323.850000

Dual simplex solved model.

