Version identifier: 20.1.0.0 | 2020-11-10 | 9bedb6d68
CPXPARAM_Threads                                 4
CPXPARAM_Emphasis_Numerical                      1
CPXPARAM_RandomSeed                              1
CPXPARAM_Simplex_Tolerances_Optimality           1.0000000000000001e-09
CPXPARAM_Simplex_Tolerances_Feasibility          1.0000000000000001e-09
CPXPARAM_MIP_Tolerances_AbsMIPGap                9.9999999999999995e-08
CPXPARAM_MIP_Tolerances_MIPGap                   0
CPXPARAM_MIP_Tolerances_Integrality              0
Found incumbent of value 1734.000000 after 0.00 sec. (0.02 ticks)
Tried aggregator 2 times.
MIP Presolve eliminated 11 rows and 10 columns.
MIP Presolve added 2 rows and 0 columns.
Aggregator did 24 substitutions.
Reduced MIP has 135 rows, 146 columns, and 346 nonzeros.
Reduced MIP has 55 binaries, 0 generals, 0 SOSs, and 0 indicators.
Presolve time = 0.00 sec. (0.34 ticks)
Probing fixed 0 vars, tightened 1 bounds.
Probing time = 0.00 sec. (0.13 ticks)
Tried aggregator 1 time.
Detecting symmetries...
MIP Presolve modified 2 coefficients.
Reduced MIP has 135 rows, 146 columns, and 346 nonzeros.
Reduced MIP has 55 binaries, 0 generals, 0 SOSs, and 0 indicators.
Presolve time = 0.00 sec. (0.26 ticks)
Probing time = 0.00 sec. (0.12 ticks)
MIP emphasis: balance optimality and feasibility.
MIP search method: dynamic search.
Parallel mode: deterministic, using up to 4 threads.
Root relaxation solution time = 0.02 sec. (0.21 ticks)

        Nodes                                         Cuts/
   Node  Left     Objective  IInf  Best Integer    Best Bound    ItCnt     Gap

*     0+    0                         1734.0000        0.0000           100.00%
      0     0      802.1452    39     1734.0000      802.1452       53   53.74%
      0     0     1104.4172    30     1734.0000      Cuts: 97      102   36.31%
      0     0     1182.8380    29     1734.0000      Cuts: 83      140   31.79%
*     0+    0                         1491.7500     1182.8380            20.71%
      0     0     1205.5191    23     1491.7500      Cuts: 51      168   19.19%
      0     0     1221.0421    26     1491.7500      Cuts: 61      197   18.15%
*     0+    0                         1402.5000     1221.0421            12.94%
      0     0     1224.6346    33     1402.5000      Cuts: 21      217   12.68%
      0     0     1227.1780    34     1402.5000      Cuts: 20      232   12.50%
      0     0     1227.4237    33     1402.5000      Cuts: 10      238   12.48%
      0     0     1227.9540    33     1402.5000      Cuts: 25      246   12.45%
      0     0     1228.3467    32     1402.5000       Cuts: 6      254   12.42%
      0     0     1228.3984    33     1402.5000      Cuts: 11      256   12.41%
*     0+    0                         1297.5000     1228.3984             5.33%
*     0+    0                         1282.5000     1228.3984             4.22%
      0     2     1228.3984    33     1282.5000     1228.7906      256    4.19%
Elapsed time = 0.11 sec. (27.82 ticks, tree = 0.02 MB, solutions = 5)
*    20+   11                         1274.7500     1229.8390             3.52%
*    27+   11                         1267.7500     1229.8390             2.99%
*    38    18      integral     0     1257.7500     1229.8390      552    2.22%
*    60    23      integral     0     1257.5000     1236.1084      954    1.70%

Implied bound cuts applied:  11
Flow cuts applied:  15
Mixed integer rounding cuts applied:  60
Flow path cuts applied:  15
Lift and project cuts applied:  5
Gomory fractional cuts applied:  15

Root node processing (before b&c):
  Real time             =    0.09 sec. (27.69 ticks)
Parallel b&c, 4 threads:
  Real time             =    0.05 sec. (12.11 ticks)
  Sync time (average)   =    0.01 sec.
  Wait time (average)   =    0.00 sec.
                          ------------
Total (root+branch&cut) =    0.14 sec. (39.80 ticks)
Version identifier: 20.1.0.0 | 2020-11-10 | 9bedb6d68
CPXPARAM_Threads                                 4
CPXPARAM_Emphasis_Numerical                      1
CPXPARAM_RandomSeed                              1
CPXPARAM_Simplex_Tolerances_Optimality           1.0000000000000001e-09
CPXPARAM_Simplex_Tolerances_Feasibility          1.0000000000000001e-09
CPXPARAM_MIP_Tolerances_AbsMIPGap                9.9999999999999995e-08
CPXPARAM_MIP_Tolerances_MIPGap                   0
CPXPARAM_MIP_Tolerances_Integrality              0
Tried aggregator 1 time.
LP Presolve eliminated 91 rows and 109 columns.
Aggregator did 42 substitutions.
Reduced LP has 35 rows, 29 columns, and 81 nonzeros.
Presolve time = 0.00 sec. (0.13 ticks)
Initializing dual steep norms . . .
