Version identifier: 20.1.0.0 | 2020-11-10 | 9bedb6d68
CPXPARAM_Threads                                 4
CPXPARAM_Emphasis_Numerical                      1
CPXPARAM_RandomSeed                              1
CPXPARAM_Simplex_Tolerances_Optimality           1.0000000000000001e-09
CPXPARAM_Simplex_Tolerances_Feasibility          1.0000000000000001e-09
CPXPARAM_MIP_Tolerances_AbsMIPGap                9.9999999999999995e-08
CPXPARAM_MIP_Tolerances_MIPGap                   0
CPXPARAM_MIP_Tolerances_Integrality              0
Found incumbent of value 1299.900000 after 0.00 sec. (0.02 ticks)
Tried aggregator 2 times.
MIP Presolve eliminated 11 rows and 10 columns.
MIP Presolve added 2 rows and 0 columns.
Aggregator did 24 substitutions.
Reduced MIP has 135 rows, 146 columns, and 346 nonzeros.
Reduced MIP has 55 binaries, 0 generals, 0 SOSs, and 0 indicators.
Presolve time = 0.02 sec. (0.34 ticks)
Probing fixed 0 vars, tightened 1 bounds.
Probing time = 0.00 sec. (0.13 ticks)
Tried aggregator 1 time.
Detecting symmetries...
MIP Presolve modified 2 coefficients.
Reduced MIP has 135 rows, 146 columns, and 346 nonzeros.
Reduced MIP has 55 binaries, 0 generals, 0 SOSs, and 0 indicators.
Presolve time = 0.00 sec. (0.26 ticks)
Probing time = 0.00 sec. (0.12 ticks)
MIP emphasis: balance optimality and feasibility.
MIP search method: dynamic search.
Parallel mode: deterministic, using up to 4 threads.
Root relaxation solution time = 0.00 sec. (0.23 ticks)

        Nodes                                         Cuts/
   Node  Left     Objective  IInf  Best Integer    Best Bound    ItCnt     Gap

*     0+    0                         1299.9000        0.0000           100.00%
*     0+    0                         1235.8400        0.0000           100.00%
      0     0      616.0916    33     1235.8400      616.0916       55   50.15%
*     0+    0                         1054.9400      616.0916            41.60%
      0     0      700.9650    30     1054.9400      Cuts: 83       95   33.55%
      0     0      744.2506    37     1054.9400      Cuts: 80      148   29.45%
*     0+    0                         1027.4400      744.2506            27.56%
      0     0      761.9156    34     1027.4400      Cuts: 53      186   25.84%
      0     0      766.3671    29     1027.4400      Cuts: 21      204   25.41%
      0     0      768.6440    35     1027.4400      Cuts: 19      222   25.19%
      0     0      769.9511    35     1027.4400      Cuts: 18      234   25.06%
      0     0      769.9953    36     1027.4400       Cuts: 9      237   25.06%
      0     0      770.0270    35     1027.4400    MIRcuts: 5      241   25.05%
*     0+    0                          876.1600      770.0270            12.11%
*     0+    0                          851.8800      770.0270             9.61%
*     0+    0                          802.1600      770.0270             4.01%
      0     2      770.0270    35      802.1600      770.0270      241    4.01%
Elapsed time = 0.13 sec. (26.92 ticks, tree = 0.02 MB, solutions = 7)

Implied bound cuts applied:  3
Flow cuts applied:  4
Mixed integer rounding cuts applied:  27
Flow path cuts applied:  17

Root node processing (before b&c):
  Real time             =    0.11 sec. (26.81 ticks)
Parallel b&c, 4 threads:
  Real time             =    0.03 sec. (7.16 ticks)
  Sync time (average)   =    0.01 sec.
  Wait time (average)   =    0.00 sec.
                          ------------
Total (root+branch&cut) =    0.14 sec. (33.97 ticks)
Version identifier: 20.1.0.0 | 2020-11-10 | 9bedb6d68
CPXPARAM_Threads                                 4
CPXPARAM_Emphasis_Numerical                      1
CPXPARAM_RandomSeed                              1
CPXPARAM_Simplex_Tolerances_Optimality           1.0000000000000001e-09
CPXPARAM_Simplex_Tolerances_Feasibility          1.0000000000000001e-09
CPXPARAM_MIP_Tolerances_AbsMIPGap                9.9999999999999995e-08
CPXPARAM_MIP_Tolerances_MIPGap                   0
CPXPARAM_MIP_Tolerances_Integrality              0
Tried aggregator 1 time.
LP Presolve eliminated 101 rows and 117 columns.
Aggregator did 48 substitutions.
Reduced LP has 19 rows, 15 columns, and 41 nonzeros.
Presolve time = 0.00 sec. (0.12 ticks)
Initializing dual steep norms . . .

Iteration log . . .
Iteration:     1   Dual infeasibility =             0.300000
