Version identifier: 20.1.0.0 | 2020-11-10 | 9bedb6d68
CPXPARAM_Threads                                 4
CPXPARAM_Emphasis_Numerical                      1
CPXPARAM_RandomSeed                              1
CPXPARAM_Simplex_Tolerances_Optimality           1.0000000000000001e-09
CPXPARAM_Simplex_Tolerances_Feasibility          1.0000000000000001e-09
CPXPARAM_MIP_Tolerances_AbsMIPGap                9.9999999999999995e-08
CPXPARAM_MIP_Tolerances_MIPGap                   0
CPXPARAM_MIP_Tolerances_Integrality              0
Found incumbent of value 1490.750000 after 0.02 sec. (0.02 ticks)
Tried aggregator 2 times.
MIP Presolve eliminated 10 rows and 10 columns.
MIP Presolve added 2 rows and 0 columns.
Aggregator did 26 substitutions.
Reduced MIP has 134 rows, 144 columns, and 349 nonzeros.
Reduced MIP has 55 binaries, 0 generals, 0 SOSs, and 0 indicators.
Presolve time = 0.00 sec. (0.35 ticks)
Probing fixed 0 vars, tightened 1 bounds.
Probing time = 0.00 sec. (0.12 ticks)
Tried aggregator 1 time.
Detecting symmetries...
MIP Presolve modified 4 coefficients.
Reduced MIP has 134 rows, 144 columns, and 349 nonzeros.
Reduced MIP has 55 binaries, 0 generals, 0 SOSs, and 0 indicators.
Presolve time = 0.00 sec. (0.26 ticks)
Probing time = 0.00 sec. (0.11 ticks)
MIP emphasis: balance optimality and feasibility.
MIP search method: dynamic search.
Parallel mode: deterministic, using up to 4 threads.
Root relaxation solution time = 0.00 sec. (0.20 ticks)

        Nodes                                         Cuts/
   Node  Left     Objective  IInf  Best Integer    Best Bound    ItCnt     Gap

*     0+    0                         1490.7500        0.0000           100.00%
      0     0      548.4159    33     1490.7500      548.4159       44   63.21%
      0     0      707.8849    26     1490.7500      Cuts: 84       82   52.51%
*     0+    0                          928.0000      707.8849            23.72%
      0     0      762.9769    24      928.0000      Cuts: 67      113   17.78%
*     0+    0                          848.5000      762.9769            10.08%
      0     0      777.1878    17      848.5000      Cuts: 34      137    8.40%
      0     0      786.9533    15      848.5000      Cuts: 32      155    7.25%
*     0+    0                          840.5000      786.9533             6.37%
*     0+    0                          833.0000      786.9533             5.53%
*     0+    0                          810.5000      786.9533             2.91%
      0     2      786.9533    15      810.5000      786.9533      155    2.91%
Elapsed time = 0.08 sec. (14.50 ticks, tree = 0.02 MB, solutions = 6)

Implied bound cuts applied:  9
Flow cuts applied:  19
Mixed integer rounding cuts applied:  53
Flow path cuts applied:  2
Gomory fractional cuts applied:  13

Root node processing (before b&c):
  Real time             =    0.08 sec. (14.39 ticks)
Parallel b&c, 4 threads:
  Real time             =    0.02 sec. (7.81 ticks)
  Sync time (average)   =    0.00 sec.
  Wait time (average)   =    0.00 sec.
                          ------------
Total (root+branch&cut) =    0.09 sec. (22.21 ticks)
Version identifier: 20.1.0.0 | 2020-11-10 | 9bedb6d68
CPXPARAM_Threads                                 4
CPXPARAM_Emphasis_Numerical                      1
CPXPARAM_RandomSeed                              1
CPXPARAM_Simplex_Tolerances_Optimality           1.0000000000000001e-09
CPXPARAM_Simplex_Tolerances_Feasibility          1.0000000000000001e-09
CPXPARAM_MIP_Tolerances_AbsMIPGap                9.9999999999999995e-08
CPXPARAM_MIP_Tolerances_MIPGap                   0
CPXPARAM_MIP_Tolerances_Integrality              0
Tried aggregator 1 time.
LP Presolve eliminated 85 rows and 102 columns.
Aggregator did 37 substitutions.
Reduced LP has 46 rows, 41 columns, and 110 nonzeros.
Presolve time = 0.00 sec. (0.13 ticks)
Initializing dual steep norms . . .
