Version identifier: 20.1.0.0 | 2020-11-10 | 9bedb6d68
CPXPARAM_Threads                                 4
CPXPARAM_Emphasis_Numerical                      1
CPXPARAM_RandomSeed                              1
CPXPARAM_Simplex_Tolerances_Optimality           1.0000000000000001e-09
CPXPARAM_Simplex_Tolerances_Feasibility          1.0000000000000001e-09
CPXPARAM_MIP_Tolerances_AbsMIPGap                9.9999999999999995e-08
CPXPARAM_MIP_Tolerances_MIPGap                   0
CPXPARAM_MIP_Tolerances_Integrality              0
Found incumbent of value 1300.200000 after 0.00 sec. (0.02 ticks)
Tried aggregator 2 times.
MIP Presolve eliminated 10 rows and 10 columns.
MIP Presolve added 2 rows and 0 columns.
Aggregator did 19 substitutions.
Reduced MIP has 141 rows, 151 columns, and 354 nonzeros.
Reduced MIP has 55 binaries, 0 generals, 0 SOSs, and 0 indicators.
Presolve time = 0.00 sec. (0.34 ticks)
Probing fixed 0 vars, tightened 1 bounds.
Probing time = 0.00 sec. (0.15 ticks)
Tried aggregator 1 time.
Detecting symmetries...
MIP Presolve modified 4 coefficients.
Reduced MIP has 141 rows, 151 columns, and 354 nonzeros.
Reduced MIP has 55 binaries, 0 generals, 0 SOSs, and 0 indicators.
Presolve time = 0.00 sec. (0.27 ticks)
Probing time = 0.00 sec. (0.15 ticks)
MIP emphasis: balance optimality and feasibility.
MIP search method: dynamic search.
Parallel mode: deterministic, using up to 4 threads.
Root relaxation solution time = 0.00 sec. (0.21 ticks)

        Nodes                                         Cuts/
   Node  Left     Objective  IInf  Best Integer    Best Bound    ItCnt     Gap

*     0+    0                         1300.2000        0.0000           100.00%
      0     0      471.1235    44     1300.2000      471.1235       52   63.77%
      0     0      677.2905    24     1300.2000     Cuts: 118      101   47.91%
      0     0      720.5509    25     1300.2000      Cuts: 57      134   44.58%
*     0+    0                          889.4000      720.5509            18.98%
      0     0      726.2816    19      889.4000      Cuts: 27      149   18.34%
      0     0      728.5365    20      889.4000      Cuts: 14      159   18.09%
*     0+    0                          766.4000      728.5365             4.94%
      0     0      729.3710    18      766.4000       Cuts: 7      167    4.83%
      0     0      733.2863    16      766.4000      Cuts: 19      181    4.32%
      0     0      734.4248    23      766.4000      Cuts: 23      186    4.17%
*     0+    0                          765.4000      734.4248             4.05%
      0     0      734.8550    23      765.4000       Cuts: 6      191    3.99%
      0     2      734.8550    21      765.4000      734.8550      191    3.99%
Elapsed time = 0.09 sec. (19.13 ticks, tree = 0.02 MB, solutions = 4)

Implied bound cuts applied:  28
Flow cuts applied:  20
Mixed integer rounding cuts applied:  49
Flow path cuts applied:  9
Lift and project cuts applied:  1
Gomory fractional cuts applied:  26

Root node processing (before b&c):
  Real time             =    0.09 sec. (19.01 ticks)
Parallel b&c, 4 threads:
  Real time             =    0.02 sec. (7.82 ticks)
  Sync time (average)   =    0.00 sec.
  Wait time (average)   =    0.00 sec.
                          ------------
Total (root+branch&cut) =    0.11 sec. (26.83 ticks)
Version identifier: 20.1.0.0 | 2020-11-10 | 9bedb6d68
CPXPARAM_Threads                                 4
CPXPARAM_Emphasis_Numerical                      1
CPXPARAM_RandomSeed                              1
CPXPARAM_Simplex_Tolerances_Optimality           1.0000000000000001e-09
CPXPARAM_Simplex_Tolerances_Feasibility          1.0000000000000001e-09
CPXPARAM_MIP_Tolerances_AbsMIPGap                9.9999999999999995e-08
CPXPARAM_MIP_Tolerances_MIPGap                   0
CPXPARAM_MIP_Tolerances_Integrality              0
Tried aggregator 1 time.
LP Presolve eliminated 77 rows and 93 columns.
Aggregator did 29 substitutions.
Reduced LP has 62 rows, 58 columns, and 154 nonzeros.
Presolve time = 0.02 sec. (0.14 ticks)
Initializing dual steep norms . . .

Iteration log . . .
Iteration:     1   Dual objective     =           725.400000
