Version identifier: 20.1.0.0 | 2020-11-10 | 9bedb6d68
CPXPARAM_Threads                                 4
CPXPARAM_Emphasis_Numerical                      1
CPXPARAM_RandomSeed                              1
CPXPARAM_Simplex_Tolerances_Optimality           1.0000000000000001e-09
CPXPARAM_Simplex_Tolerances_Feasibility          1.0000000000000001e-09
CPXPARAM_MIP_Tolerances_AbsMIPGap                9.9999999999999995e-08
CPXPARAM_MIP_Tolerances_MIPGap                   0
CPXPARAM_MIP_Tolerances_Integrality              0
Found incumbent of value 950.077500 after 0.00 sec. (0.02 ticks)
Tried aggregator 2 times.
MIP Presolve eliminated 10 rows and 10 columns.
MIP Presolve added 2 rows and 0 columns.
Aggregator did 19 substitutions.
Reduced MIP has 141 rows, 151 columns, and 354 nonzeros.
Reduced MIP has 55 binaries, 0 generals, 0 SOSs, and 0 indicators.
Presolve time = 0.00 sec. (0.34 ticks)
Probing fixed 0 vars, tightened 1 bounds.
Probing time = 0.00 sec. (0.15 ticks)
Tried aggregator 1 time.
Detecting symmetries...
MIP Presolve modified 4 coefficients.
Reduced MIP has 141 rows, 151 columns, and 354 nonzeros.
Reduced MIP has 55 binaries, 0 generals, 0 SOSs, and 0 indicators.
Presolve time = 0.00 sec. (0.27 ticks)
Probing time = 0.00 sec. (0.15 ticks)
MIP emphasis: balance optimality and feasibility.
MIP search method: dynamic search.
Parallel mode: deterministic, using up to 4 threads.
Root relaxation solution time = 0.00 sec. (0.24 ticks)

        Nodes                                         Cuts/
   Node  Left     Objective  IInf  Best Integer    Best Bound    ItCnt     Gap

*     0+    0                          950.0775        0.0000           100.00%
*     0+    0                          925.4915        0.0000           100.00%
      0     0      453.7288    36      925.4915      453.7288       57   50.97%
      0     0      518.2834    31      925.4915      Cuts: 98      102   44.00%
*     0+    0                          797.6765      518.2834            35.03%
      0     0      550.5538    36      797.6765      Cuts: 81      154   30.98%
      0     0      564.2411    41      797.6765      Cuts: 68      190   29.26%
      0     0      570.9916    37      797.6765      Cuts: 39      223   28.42%
*     0+    0                          783.3585      570.9916            27.11%
      0     0      572.4165    34      783.3585      Cuts: 22      243   26.93%
      0     0      573.0016    34      783.3585       Cuts: 9      254   26.85%
      0     0      573.4915    38      783.3585  Flowpaths: 3      262   26.79%
      0     0      573.4919    36      783.3585       Cuts: 5      263   26.79%
      0     0      573.4927    38      783.3585  Flowpaths: 1      264   26.79%
*     0+    0                          615.6180      573.4927             6.84%
*     0+    0                          596.5930      573.4927             3.87%
      0     2      573.4927    38      596.5930      573.4927      264    3.87%
Elapsed time = 0.13 sec. (31.19 ticks, tree = 0.02 MB, solutions = 6)
*    15+    3                          592.6285      573.7577             3.18%

Implied bound cuts applied:  9
Flow cuts applied:  6
Mixed integer rounding cuts applied:  32
Flow path cuts applied:  21
Gomory fractional cuts applied:  3

Root node processing (before b&c):
  Real time             =    0.11 sec. (31.07 ticks)
Parallel b&c, 4 threads:
  Real time             =    0.03 sec. (8.14 ticks)
  Sync time (average)   =    0.00 sec.
  Wait time (average)   =    0.00 sec.
                          ------------
Total (root+branch&cut) =    0.14 sec. (39.21 ticks)
Version identifier: 20.1.0.0 | 2020-11-10 | 9bedb6d68
CPXPARAM_Threads                                 4
CPXPARAM_Emphasis_Numerical                      1
CPXPARAM_RandomSeed                              1
CPXPARAM_Simplex_Tolerances_Optimality           1.0000000000000001e-09
CPXPARAM_Simplex_Tolerances_Feasibility          1.0000000000000001e-09
CPXPARAM_MIP_Tolerances_AbsMIPGap                9.9999999999999995e-08
CPXPARAM_MIP_Tolerances_MIPGap                   0
CPXPARAM_MIP_Tolerances_Integrality              0
Tried aggregator 1 time.
LP Presolve eliminated 100 rows and 113 columns.
Aggregator did 45 substitutions.
Reduced LP has 23 rows, 22 columns, and 53 nonzeros.
Presolve time = 0.00 sec. (0.12 ticks)
Initializing dual steep norms . . .

Iteration log . . .
Iteration:     1   Dual infeasibility =             0.300000
