Version identifier: 20.1.0.0 | 2020-11-10 | 9bedb6d68
CPXPARAM_Threads                                 4
CPXPARAM_Emphasis_Numerical                      1
CPXPARAM_RandomSeed                              1
CPXPARAM_Simplex_Tolerances_Optimality           1.0000000000000001e-09
CPXPARAM_Simplex_Tolerances_Feasibility          1.0000000000000001e-09
CPXPARAM_MIP_Tolerances_AbsMIPGap                9.9999999999999995e-08
CPXPARAM_MIP_Tolerances_MIPGap                   0
CPXPARAM_MIP_Tolerances_Integrality              0
Found incumbent of value 1710.100000 after 0.00 sec. (0.02 ticks)
Tried aggregator 2 times.
MIP Presolve eliminated 10 rows and 10 columns.
MIP Presolve added 2 rows and 0 columns.
Aggregator did 21 substitutions.
Reduced MIP has 139 rows, 149 columns, and 356 nonzeros.
Reduced MIP has 55 binaries, 0 generals, 0 SOSs, and 0 indicators.
Presolve time = 0.00 sec. (0.34 ticks)
Probing fixed 0 vars, tightened 1 bounds.
Probing time = 0.00 sec. (0.14 ticks)
Tried aggregator 1 time.
Detecting symmetries...
MIP Presolve modified 4 coefficients.
Reduced MIP has 139 rows, 149 columns, and 356 nonzeros.
Reduced MIP has 55 binaries, 0 generals, 0 SOSs, and 0 indicators.
Presolve time = 0.00 sec. (0.26 ticks)
Probing time = 0.00 sec. (0.14 ticks)
MIP emphasis: balance optimality and feasibility.
MIP search method: dynamic search.
Parallel mode: deterministic, using up to 4 threads.
Root relaxation solution time = 0.01 sec. (0.21 ticks)

        Nodes                                         Cuts/
   Node  Left     Objective  IInf  Best Integer    Best Bound    ItCnt     Gap

*     0+    0                         1710.1000        0.0000           100.00%
      0     0      646.5598    33     1710.1000      646.5598       46   62.19%
      0     0      934.4735    23     1710.1000      Cuts: 88       85   45.36%
*     0+    0                         1171.6000      934.4735            20.24%
      0     0     1001.9850    26     1171.6000      Cuts: 70      115   14.48%
      0     0     1028.2174    16     1171.6000      Cuts: 40      141   12.24%
      0     0     1033.8852    23     1171.6000      Cuts: 38      157   11.75%
      0     0     1036.3155    14     1171.6000      Cuts: 16      167   11.55%
      0     0     1041.8218    21     1171.6000      Cuts: 27      186   11.08%
      0     0     1043.3478    22     1171.6000       Cuts: 7      195   10.95%
      0     0     1043.5164    22     1171.6000       Cuts: 2      198   10.93%
      0     0     1043.5701    22     1171.6000  Flowpaths: 1      199   10.93%
*     0+    0                         1138.2000     1043.5701             8.31%
*     0+    0                         1061.2000     1043.5701             1.66%
      0     2     1043.5850    21     1061.2000     1049.7273      199    1.08%
Elapsed time = 0.09 sec. (19.55 ticks, tree = 0.02 MB, solutions = 4)

Implied bound cuts applied:  11
Flow cuts applied:  20
Mixed integer rounding cuts applied:  23
Flow path cuts applied:  15
Gomory fractional cuts applied:  13

Root node processing (before b&c):
  Real time             =    0.08 sec. (19.44 ticks)
Parallel b&c, 4 threads:
  Real time             =    0.02 sec. (2.50 ticks)
  Sync time (average)   =    0.00 sec.
  Wait time (average)   =    0.00 sec.
                          ------------
Total (root+branch&cut) =    0.09 sec. (21.94 ticks)
Version identifier: 20.1.0.0 | 2020-11-10 | 9bedb6d68
CPXPARAM_Threads                                 4
CPXPARAM_Emphasis_Numerical                      1
CPXPARAM_RandomSeed                              1
CPXPARAM_Simplex_Tolerances_Optimality           1.0000000000000001e-09
CPXPARAM_Simplex_Tolerances_Feasibility          1.0000000000000001e-09
CPXPARAM_MIP_Tolerances_AbsMIPGap                9.9999999999999995e-08
CPXPARAM_MIP_Tolerances_MIPGap                   0
CPXPARAM_MIP_Tolerances_Integrality              0
Tried aggregator 1 time.
LP Presolve eliminated 94 rows and 103 columns.
Aggregator did 39 substitutions.
Reduced LP has 35 rows, 38 columns, and 88 nonzeros.
Presolve time = 0.00 sec. (0.13 ticks)
Initializing dual steep norms . . .

Iteration log . . .
Iteration:     1   Dual objective     =          1061.200000
