Version identifier: 20.1.0.0 | 2020-11-10 | 9bedb6d68
CPXPARAM_Threads                                 4
CPXPARAM_Emphasis_Numerical                      1
CPXPARAM_RandomSeed                              1
CPXPARAM_Simplex_Tolerances_Optimality           1.0000000000000001e-09
CPXPARAM_Simplex_Tolerances_Feasibility          1.0000000000000001e-09
CPXPARAM_MIP_Tolerances_AbsMIPGap                9.9999999999999995e-08
CPXPARAM_MIP_Tolerances_MIPGap                   0
CPXPARAM_MIP_Tolerances_Integrality              0
Found incumbent of value 1307.950000 after 0.00 sec. (0.02 ticks)
Tried aggregator 2 times.
MIP Presolve eliminated 11 rows and 10 columns.
MIP Presolve added 2 rows and 0 columns.
Aggregator did 24 substitutions.
Reduced MIP has 135 rows, 146 columns, and 346 nonzeros.
Reduced MIP has 55 binaries, 0 generals, 0 SOSs, and 0 indicators.
Presolve time = 0.00 sec. (0.34 ticks)
Probing fixed 0 vars, tightened 1 bounds.
Probing time = 0.00 sec. (0.13 ticks)
Tried aggregator 1 time.
Detecting symmetries...
MIP Presolve modified 2 coefficients.
Reduced MIP has 135 rows, 146 columns, and 346 nonzeros.
Reduced MIP has 55 binaries, 0 generals, 0 SOSs, and 0 indicators.
Presolve time = 0.00 sec. (0.26 ticks)
Probing time = 0.00 sec. (0.12 ticks)
MIP emphasis: balance optimality and feasibility.
MIP search method: dynamic search.
Parallel mode: deterministic, using up to 4 threads.
Root relaxation solution time = 0.00 sec. (0.23 ticks)

        Nodes                                         Cuts/
   Node  Left     Objective  IInf  Best Integer    Best Bound    ItCnt     Gap

*     0+    0                         1307.9500        0.0000           100.00%
*     0+    0                         1237.6000        0.0000           100.00%
      0     0      606.2025    33     1237.6000      606.2025       54   51.02%
*     0+    0                         1069.2000      606.2025            43.30%
      0     0      702.3456    24     1069.2000      Cuts: 84       98   34.31%
*     0+    0                          897.2000      702.3456            21.72%
      0     0      725.1366    31      897.2000      Cuts: 69      137   19.18%
*     0+    0                          813.8000      725.1366            10.89%
      0     0      749.3135    36      813.8000      Cuts: 61      187    7.92%
*     0+    0                          787.6000      749.3135             4.86%
      0     0      764.4935    35      787.6000      Cuts: 47      230    2.93%
      0     0      771.1781    40      787.6000      Cuts: 52      273    2.09%
      0     0      771.5086    36      787.6000      Cuts: 11      292    2.04%
      0     0      772.0141    37      787.6000      Cuts: 12      302    1.98%
      0     0      773.4851    37      787.6000       Cuts: 6      311    1.79%
*     0+    0                          785.2000      773.4851             1.49%
      0     0      773.9407    38      785.2000      Cuts: 21      318    1.43%
      0     0      773.9478    38      785.2000       Cuts: 3      320    1.43%
      0     0      774.5872    34      785.2000       Cuts: 5      332    1.35%
      0     0      774.6029    34      785.2000    MIRcuts: 3      334    1.35%

Repeating presolve.
Tried aggregator 2 times.
MIP Presolve eliminated 31 rows and 34 columns.
MIP Presolve modified 4 coefficients.
Aggregator did 1 substitutions.
Reduced MIP has 103 rows, 111 columns, and 258 nonzeros.
Reduced MIP has 40 binaries, 0 generals, 0 SOSs, and 0 indicators.
Presolve time = 0.00 sec. (0.43 ticks)
Probing time = 0.00 sec. (0.03 ticks)
Tried aggregator 1 time.
Detecting symmetries...
Reduced MIP has 103 rows, 111 columns, and 258 nonzeros.
Reduced MIP has 40 binaries, 0 generals, 0 SOSs, and 0 indicators.
Presolve time = 0.00 sec. (0.17 ticks)
Represolve time = 0.02 sec. (1.07 ticks)
Probing time = 0.00 sec. (0.02 ticks)
MIP emphasis: balance optimality and feasibility.
MIP search method: dynamic search.
Parallel mode: deterministic, using up to 4 threads.
Root relaxation solution time = 0.00 sec. (1.20 ticks)

        Nodes                                         Cuts/
   Node  Left     Objective  IInf  Best Integer    Best Bound    ItCnt     Gap

*     0+    0                          785.2000      776.4762             1.11%
      0     0      774.6228    30      785.2000      776.4762      453    1.11%
      0     0      774.6228    29      785.2000      Cuts: 14      456    1.11%
      0     0      774.6228    31      785.2000       Cuts: 8      459    1.11%
      0     0        cutoff            785.2000      785.2000      459    0.00%
Elapsed time = 0.16 sec. (43.50 ticks, tree = 0.01 MB, solutions = 7)

Implied bound cuts applied:  1
Flow cuts applied:  2
Mixed integer rounding cuts applied:  22
Flow path cuts applied:  14
Lift and project cuts applied:  1
Gomory fractional cuts applied:  1

Root node processing (before b&c):
  Real time             =    0.17 sec. (43.52 ticks)
Parallel b&c, 4 threads:
  Real time             =    0.00 sec. (0.00 ticks)
  Sync time (average)   =    0.00 sec.
  Wait time (average)   =    0.00 sec.
                          ------------
Total (root+branch&cut) =    0.17 sec. (43.52 ticks)
Version identifier: 20.1.0.0 | 2020-11-10 | 9bedb6d68
CPXPARAM_Threads                                 4
CPXPARAM_Emphasis_Numerical                      1
CPXPARAM_RandomSeed                              1
CPXPARAM_Simplex_Tolerances_Optimality           1.0000000000000001e-09
CPXPARAM_Simplex_Tolerances_Feasibility          1.0000000000000001e-09
CPXPARAM_MIP_Tolerances_AbsMIPGap                9.9999999999999995e-08
CPXPARAM_MIP_Tolerances_MIPGap                   0
CPXPARAM_MIP_Tolerances_Integrality              0
Tried aggregator 1 time.
LP Presolve eliminated 101 rows and 117 columns.
Aggregator did 48 substitutions.
Reduced LP has 19 rows, 15 columns, and 41 nonzeros.
Presolve time = 0.00 sec. (0.12 ticks)
Initializing dual steep norms . . .

Iteration log . . .
Iteration:     1   Dual infeasibility =             0.300000
