Version identifier: 20.1.0.0 | 2020-11-10 | 9bedb6d68
CPXPARAM_Threads                                 4
CPXPARAM_Emphasis_Numerical                      1
CPXPARAM_RandomSeed                              1
CPXPARAM_Simplex_Tolerances_Optimality           1.0000000000000001e-09
CPXPARAM_Simplex_Tolerances_Feasibility          1.0000000000000001e-09
CPXPARAM_MIP_Tolerances_AbsMIPGap                9.9999999999999995e-08
CPXPARAM_MIP_Tolerances_MIPGap                   0
CPXPARAM_MIP_Tolerances_Integrality              0
Found incumbent of value 258457.900000 after 0.00 sec. (0.18 ticks)
Tried aggregator 2 times.
MIP Presolve eliminated 101 rows and 100 columns.
MIP Presolve added 2 rows and 0 columns.
Aggregator did 176 substitutions.
Reduced MIP has 1513 rows, 1524 columns, and 3785 nonzeros.
Reduced MIP has 550 binaries, 0 generals, 0 SOSs, and 0 indicators.
Presolve time = 0.00 sec. (7.79 ticks)
Probing fixed 0 vars, tightened 1 bounds.
Probing time = 0.02 sec. (3.29 ticks)
Tried aggregator 1 time.
Detecting symmetries...
MIP Presolve modified 2 coefficients.
Reduced MIP has 1513 rows, 1524 columns, and 3785 nonzeros.
Reduced MIP has 550 binaries, 0 generals, 0 SOSs, and 0 indicators.
Presolve time = 0.01 sec. (6.22 ticks)
Probing time = 0.02 sec. (2.12 ticks)
MIP emphasis: balance optimality and feasibility.
MIP search method: dynamic search.
Parallel mode: deterministic, using up to 4 threads.
Root relaxation solution time = 0.02 sec. (3.11 ticks)

        Nodes                                         Cuts/
   Node  Left     Objective  IInf  Best Integer    Best Bound    ItCnt     Gap

*     0+    0                       258457.9000        0.0000           100.00%
      0     0    99130.8059   393   258457.9000    99130.8059      557   61.65%
      0     0   127340.1528   342   258457.9000     Cuts: 478      819   50.73%
      0     0   151681.8647   334   258457.9000     Cuts: 478     1026   41.31%
*     0+    0                       194162.0500   151681.8647            21.88%
      0     0   175097.0015   168   194162.0500     Cuts: 478     1497    9.82%
      0     0   177567.1552   323   194162.0500     Cuts: 429     1793    8.55%
      0     0   180777.6116   407   194162.0500     Cuts: 350     2312    6.89%
*     0+    0                       186021.1000   180777.6116             2.82%
Detecting symmetries...
      0     0   181825.4406   363   186021.1000     Cuts: 250     2536    2.26%
      0     0   182725.5164   241   186021.1000     Cuts: 203     2726    1.77%
      0     0   182932.5216   321   186021.1000      Cuts: 58     2834    1.66%
      0     0   182977.7456    96   186021.1000     Cuts: 150     2875    1.64%
*     0+    0                       184293.3500   182977.7456             0.71%
      0     0   183070.1461   297   184293.3500      Cuts: 22     2991    0.66%
*     0+    0                       184156.1500   183070.1461             0.59%
      0     0   183093.1647   119   184156.1500     Cuts: 138     3028    0.58%
      0     0   183123.5829   284   184156.1500      Cuts: 20     3145    0.56%
      0     0   183145.7220   279   184156.1500      Cuts: 74     3205    0.55%
*     0+    0                       183814.2000   183145.7220             0.36%
      0     0   183154.1033   266   183814.2000      Cuts: 34     3240    0.36%
*     0+    0                       183415.8000   183154.1033             0.14%
Detecting symmetries...
      0     2   183154.1033   266   183415.8000   183154.1033     3240    0.14%
Elapsed time = 1.20 sec. (660.52 ticks, tree = 0.02 MB, solutions = 7)
*    29     7      integral     0   183219.1500   183213.6444     3747    0.00%

Implied bound cuts applied:  42
Flow cuts applied:  231
Mixed integer rounding cuts applied:  166
Flow path cuts applied:  241
Gomory fractional cuts applied:  30

Root node processing (before b&c):
  Real time             =    1.19 sec. (658.42 ticks)
Parallel b&c, 4 threads:
  Real time             =    0.11 sec. (41.73 ticks)
  Sync time (average)   =    0.03 sec.
  Wait time (average)   =    0.00 sec.
                          ------------
Total (root+branch&cut) =    1.30 sec. (700.15 ticks)
Version identifier: 20.1.0.0 | 2020-11-10 | 9bedb6d68
CPXPARAM_Threads                                 4
CPXPARAM_Emphasis_Numerical                      1
CPXPARAM_RandomSeed                              1
CPXPARAM_Simplex_Tolerances_Optimality           1.0000000000000001e-09
CPXPARAM_Simplex_Tolerances_Feasibility          1.0000000000000001e-09
CPXPARAM_MIP_Tolerances_AbsMIPGap                9.9999999999999995e-08
CPXPARAM_MIP_Tolerances_MIPGap                   0
CPXPARAM_MIP_Tolerances_Integrality              0
Tried aggregator 1 time.
LP Presolve eliminated 1025 rows and 1054 columns.
Aggregator did 400 substitutions.
Reduced LP has 363 rows, 346 columns, and 893 nonzeros.
Presolve time = 0.00 sec. (1.39 ticks)
Initializing dual steep norms . . .

Iteration log . . .
Iteration:     1   Dual objective     =        152077.350000
