Version identifier: 20.1.0.0 | 2020-11-10 | 9bedb6d68
CPXPARAM_Threads                                 4
CPXPARAM_Emphasis_Numerical                      1
CPXPARAM_RandomSeed                              1
CPXPARAM_Simplex_Tolerances_Optimality           1.0000000000000001e-09
CPXPARAM_Simplex_Tolerances_Feasibility          1.0000000000000001e-09
CPXPARAM_MIP_Tolerances_AbsMIPGap                9.9999999999999995e-08
CPXPARAM_MIP_Tolerances_MIPGap                   0
CPXPARAM_MIP_Tolerances_Integrality              0
Found incumbent of value 298677.500000 after 0.00 sec. (0.15 ticks)
Tried aggregator 2 times.
MIP Presolve eliminated 81 rows and 80 columns.
MIP Presolve added 2 rows and 0 columns.
Aggregator did 81 substitutions.
Reduced MIP has 1268 rows, 1279 columns, and 3229 nonzeros.
Reduced MIP has 440 binaries, 0 generals, 0 SOSs, and 0 indicators.
Presolve time = 0.02 sec. (5.34 ticks)
Probing fixed 0 vars, tightened 1 bounds.
Probing time = 0.02 sec. (1.77 ticks)
Tried aggregator 1 time.
Detecting symmetries...
MIP Presolve modified 2 coefficients.
Reduced MIP has 1268 rows, 1279 columns, and 3229 nonzeros.
Reduced MIP has 440 binaries, 0 generals, 0 SOSs, and 0 indicators.
Presolve time = 0.00 sec. (4.52 ticks)
Probing time = 0.00 sec. (1.71 ticks)
MIP emphasis: balance optimality and feasibility.
MIP search method: dynamic search.
Parallel mode: deterministic, using up to 4 threads.
Root relaxation solution time = 0.01 sec. (2.38 ticks)

        Nodes                                         Cuts/
   Node  Left     Objective  IInf  Best Integer    Best Bound    ItCnt     Gap

*     0+    0                       298677.5000        0.0000           100.00%
      0     0    61922.8591   395   298677.5000    61922.8591      468   79.27%
*     0+    0                       194515.1000    61922.8591            68.17%
      0     0    95048.8629   299   194515.1000     Cuts: 417      711   51.14%
*     0+    0                       184298.3500    95048.8629            48.43%
      0     0   137791.1857   182   184298.3500     Cuts: 417      977   25.23%
      0     0   146420.6981    67   184298.3500     Cuts: 400     1216   20.55%
*     0+    0                       153014.6000   146420.6981             4.31%
      0     0   147054.9133   201   153014.6000      Cuts: 53     1313    3.89%
*     0+    0                       148615.4500   147054.9133             1.05%
      0     0   147301.0751    70   148615.4500     Cuts: 172     1351    0.88%
Detecting symmetries...
      0     0   147430.3051    65   148615.4500      Cuts: 31     1386    0.80%
      0     0   147536.7036    64   148615.4500      Cuts: 18     1400    0.73%
*     0+    0                       148426.7500   147536.7036             0.60%
      0     0   147593.6815    62   148426.7500       Cuts: 8     1403    0.56%
      0     0   147594.7173    67   148426.7500   Flowcuts: 7     1408    0.56%
      0     0   147596.2403    64   148426.7500    MIRcuts: 2     1417    0.56%
Detecting symmetries...
      0     2   147596.2403    64   148426.7500   147824.8401     1417    0.41%
Elapsed time = 0.55 sec. (223.16 ticks, tree = 0.02 MB, solutions = 6)
*    15+    2                       148165.9500   147824.8401             0.23%
*    16+    2                       148023.9500   147824.8401             0.13%
*    21+    1                       148023.9500   147824.8401             0.13%
*    67+   10                       148003.7000   147854.1058             0.10%

Implied bound cuts applied:  200
Flow cuts applied:  192
Mixed integer rounding cuts applied:  241
Flow path cuts applied:  76
Gomory fractional cuts applied:  155

Root node processing (before b&c):
  Real time             =    0.55 sec. (222.34 ticks)
Parallel b&c, 4 threads:
  Real time             =    0.13 sec. (64.64 ticks)
  Sync time (average)   =    0.03 sec.
  Wait time (average)   =    0.00 sec.
                          ------------
Total (root+branch&cut) =    0.67 sec. (286.98 ticks)
Version identifier: 20.1.0.0 | 2020-11-10 | 9bedb6d68
CPXPARAM_Threads                                 4
CPXPARAM_Emphasis_Numerical                      1
CPXPARAM_RandomSeed                              1
CPXPARAM_Simplex_Tolerances_Optimality           1.0000000000000001e-09
CPXPARAM_Simplex_Tolerances_Feasibility          1.0000000000000001e-09
CPXPARAM_MIP_Tolerances_AbsMIPGap                9.9999999999999995e-08
CPXPARAM_MIP_Tolerances_MIPGap                   0
CPXPARAM_MIP_Tolerances_Integrality              0
Tried aggregator 1 time.
LP Presolve eliminated 656 rows and 676 columns.
Aggregator did 196 substitutions.
Reduced LP has 576 rows, 568 columns, and 1602 nonzeros.
Presolve time = 0.00 sec. (1.22 ticks)
Initializing dual steep norms . . .

Iteration log . . .
Iteration:     1   Dual objective     =         50372.050000
