Version identifier: 20.1.0.0 | 2020-11-10 | 9bedb6d68
CPXPARAM_Threads                                 4
CPXPARAM_Emphasis_Numerical                      1
CPXPARAM_RandomSeed                              1
CPXPARAM_Simplex_Tolerances_Optimality           1.0000000000000001e-09
CPXPARAM_Simplex_Tolerances_Feasibility          1.0000000000000001e-09
CPXPARAM_MIP_Tolerances_AbsMIPGap                9.9999999999999995e-08
CPXPARAM_MIP_Tolerances_MIPGap                   0
CPXPARAM_MIP_Tolerances_Integrality              0
Found incumbent of value 1302.250000 after 0.00 sec. (0.02 ticks)
Tried aggregator 2 times.
MIP Presolve eliminated 11 rows and 10 columns.
MIP Presolve added 2 rows and 0 columns.
Aggregator did 26 substitutions.
Reduced MIP has 133 rows, 144 columns, and 350 nonzeros.
Reduced MIP has 55 binaries, 0 generals, 0 SOSs, and 0 indicators.
Presolve time = 0.00 sec. (0.35 ticks)
Probing fixed 0 vars, tightened 1 bounds.
Probing time = 0.00 sec. (0.12 ticks)
Tried aggregator 1 time.
Detecting symmetries...
MIP Presolve modified 2 coefficients.
Reduced MIP has 133 rows, 144 columns, and 350 nonzeros.
Reduced MIP has 55 binaries, 0 generals, 0 SOSs, and 0 indicators.
Presolve time = 0.00 sec. (0.26 ticks)
Probing time = 0.00 sec. (0.12 ticks)
MIP emphasis: balance optimality and feasibility.
MIP search method: dynamic search.
Parallel mode: deterministic, using up to 4 threads.
Root relaxation solution time = 0.00 sec. (0.19 ticks)

        Nodes                                         Cuts/
   Node  Left     Objective  IInf  Best Integer    Best Bound    ItCnt     Gap

*     0+    0                         1302.2500        0.0000           100.00%
      0     0      524.6210    39     1302.2500      524.6210       44   59.71%
      0     0      656.7819    17     1302.2500     Cuts: 115       97   49.57%
*     0+    0                         1113.7500      656.7819            41.03%
*     0+    0                          752.7500      656.7819            12.75%
      0     0      705.9517    24      752.7500      Cuts: 43      131    6.22%
*     0+    0                          712.2500      705.9517             0.88%
      0     0      710.2792     5      712.2500      Cuts: 46      140    0.28%
      0     0      711.2500     3      712.2500       Cuts: 3      146    0.14%
*     0+    0                          711.2500      711.2500             0.00%
      0     0        cutoff            711.2500      711.2500      146    0.00%
Elapsed time = 0.06 sec. (8.27 ticks, tree = 0.01 MB, solutions = 5)

Implied bound cuts applied:  7
Flow cuts applied:  29
Mixed integer rounding cuts applied:  47
Flow path cuts applied:  10
Gomory fractional cuts applied:  15

Root node processing (before b&c):
  Real time             =    0.06 sec. (8.28 ticks)
Parallel b&c, 4 threads:
  Real time             =    0.00 sec. (0.00 ticks)
  Sync time (average)   =    0.00 sec.
  Wait time (average)   =    0.00 sec.
                          ------------
Total (root+branch&cut) =    0.06 sec. (8.28 ticks)
Version identifier: 20.1.0.0 | 2020-11-10 | 9bedb6d68
CPXPARAM_Threads                                 4
CPXPARAM_Emphasis_Numerical                      1
CPXPARAM_RandomSeed                              1
CPXPARAM_Simplex_Tolerances_Optimality           1.0000000000000001e-09
CPXPARAM_Simplex_Tolerances_Feasibility          1.0000000000000001e-09
CPXPARAM_MIP_Tolerances_AbsMIPGap                9.9999999999999995e-08
CPXPARAM_MIP_Tolerances_MIPGap                   0
CPXPARAM_MIP_Tolerances_Integrality              0
Tried aggregator 1 time.
LP Presolve eliminated 87 rows and 109 columns.
Aggregator did 41 substitutions.
Reduced LP has 40 rows, 30 columns, and 91 nonzeros.
Presolve time = 0.01 sec. (0.13 ticks)
Initializing dual steep norms . . .
