Version identifier: 20.1.0.0 | 2020-11-10 | 9bedb6d68
CPXPARAM_Threads                                 4
CPXPARAM_Emphasis_Numerical                      1
CPXPARAM_RandomSeed                              1
CPXPARAM_Simplex_Tolerances_Optimality           1.0000000000000001e-09
CPXPARAM_Simplex_Tolerances_Feasibility          1.0000000000000001e-09
CPXPARAM_MIP_Tolerances_AbsMIPGap                9.9999999999999995e-08
CPXPARAM_MIP_Tolerances_MIPGap                   0
CPXPARAM_MIP_Tolerances_Integrality              0
Found incumbent of value 961.380000 after 0.00 sec. (0.02 ticks)
Tried aggregator 2 times.
MIP Presolve eliminated 10 rows and 10 columns.
MIP Presolve added 2 rows and 0 columns.
Aggregator did 13 substitutions.
Reduced MIP has 147 rows, 157 columns, and 361 nonzeros.
Reduced MIP has 55 binaries, 0 generals, 0 SOSs, and 0 indicators.
Presolve time = 0.02 sec. (0.34 ticks)
Probing fixed 0 vars, tightened 2 bounds.
Probing time = 0.00 sec. (0.17 ticks)
Tried aggregator 1 time.
Detecting symmetries...
MIP Presolve modified 4 coefficients.
Reduced MIP has 147 rows, 157 columns, and 361 nonzeros.
Reduced MIP has 55 binaries, 0 generals, 0 SOSs, and 0 indicators.
Presolve time = 0.00 sec. (0.25 ticks)
Probing time = 0.00 sec. (0.16 ticks)
MIP emphasis: balance optimality and feasibility.
MIP search method: dynamic search.
Parallel mode: deterministic, using up to 4 threads.
Root relaxation solution time = 0.02 sec. (0.22 ticks)

        Nodes                                         Cuts/
   Node  Left     Objective  IInf  Best Integer    Best Bound    ItCnt     Gap

*     0+    0                          961.3800        0.0000           100.00%
      0     0      300.2408    45      961.3800      300.2408       55   68.77%
*     0+    0                          827.2600      300.2408            63.71%
      0     0      445.1159    14      827.2600     Cuts: 127      102   46.19%
*     0+    0                          702.0100      445.1159            36.59%
*     0+    0                          662.2600      445.1159            32.79%
      0     0      471.9221    14      662.2600      Cuts: 37      123   28.74%
*     0+    0                          506.7600      471.9221             6.87%
      0     0      482.6494    15      506.7600      Cuts: 21      139    4.76%
      0     0      487.5954    13      506.7600      Cuts: 34      160    3.78%
      0     0      489.1168    20      506.7600      Cuts: 23      175    3.48%
Detecting symmetries...
      0     0      492.5864    17      506.7600      Cuts: 10      189    2.80%
      0     0      493.2741    20      506.7600      Cuts: 18      197    2.66%
      0     0      495.0917    16      506.7600      Cuts: 13      209    2.30%
*     0+    0                          501.7600      495.0917             1.33%
Detecting symmetries...
      0     2      495.0917    16      501.7600      495.0917      209    1.33%
Elapsed time = 0.09 sec. (17.80 ticks, tree = 0.02 MB, solutions = 6)

Implied bound cuts applied:  27
Flow cuts applied:  17
Mixed integer rounding cuts applied:  33
Flow path cuts applied:  13
Gomory fractional cuts applied:  31

Root node processing (before b&c):
  Real time             =    0.09 sec. (17.67 ticks)
Parallel b&c, 4 threads:
  Real time             =    0.00 sec. (1.25 ticks)
  Sync time (average)   =    0.00 sec.
  Wait time (average)   =    0.00 sec.
                          ------------
Total (root+branch&cut) =    0.09 sec. (18.92 ticks)
Version identifier: 20.1.0.0 | 2020-11-10 | 9bedb6d68
CPXPARAM_Threads                                 4
CPXPARAM_Emphasis_Numerical                      1
CPXPARAM_RandomSeed                              1
CPXPARAM_Simplex_Tolerances_Optimality           1.0000000000000001e-09
CPXPARAM_Simplex_Tolerances_Feasibility          1.0000000000000001e-09
CPXPARAM_MIP_Tolerances_AbsMIPGap                9.9999999999999995e-08
CPXPARAM_MIP_Tolerances_MIPGap                   0
CPXPARAM_MIP_Tolerances_Integrality              0
Tried aggregator 1 time.
LP Presolve eliminated 76 rows and 87 columns.
Aggregator did 24 substitutions.
Reduced LP has 68 rows, 69 columns, and 172 nonzeros.
Presolve time = 0.00 sec. (0.14 ticks)
Initializing dual steep norms . . .

Iteration log . . .
Iteration:     1   Dual objective     =           461.760000
