Version identifier: 20.1.0.0 | 2020-11-10 | 9bedb6d68
CPXPARAM_Threads                                 4
CPXPARAM_Emphasis_Numerical                      1
CPXPARAM_RandomSeed                              1
CPXPARAM_Simplex_Tolerances_Optimality           1.0000000000000001e-09
CPXPARAM_Simplex_Tolerances_Feasibility          1.0000000000000001e-09
CPXPARAM_MIP_Tolerances_AbsMIPGap                9.9999999999999995e-08
CPXPARAM_MIP_Tolerances_MIPGap                   0
CPXPARAM_MIP_Tolerances_Integrality              0
Found incumbent of value 583.222875 after 0.00 sec. (0.02 ticks)
Tried aggregator 2 times.
MIP Presolve eliminated 10 rows and 10 columns.
MIP Presolve added 2 rows and 0 columns.
Aggregator did 13 substitutions.
Reduced MIP has 147 rows, 157 columns, and 361 nonzeros.
Reduced MIP has 55 binaries, 0 generals, 0 SOSs, and 0 indicators.
Presolve time = 0.00 sec. (0.34 ticks)
Probing fixed 0 vars, tightened 2 bounds.
Probing time = 0.00 sec. (0.17 ticks)
Tried aggregator 1 time.
Detecting symmetries...
MIP Presolve modified 4 coefficients.
Reduced MIP has 147 rows, 157 columns, and 361 nonzeros.
Reduced MIP has 55 binaries, 0 generals, 0 SOSs, and 0 indicators.
Presolve time = 0.00 sec. (0.25 ticks)
Probing time = 0.02 sec. (0.16 ticks)
MIP emphasis: balance optimality and feasibility.
MIP search method: dynamic search.
Parallel mode: deterministic, using up to 4 threads.
Root relaxation solution time = 0.00 sec. (0.28 ticks)

        Nodes                                         Cuts/
   Node  Left     Objective  IInf  Best Integer    Best Bound    ItCnt     Gap

*     0+    0                          583.2229        0.0000           100.00%
*     0+    0                          519.1124        0.0000           100.00%
      0     0      273.7002    36      519.1124      273.7002       65   47.28%
      0     0      309.9916    32      519.1124     Cuts: 105      116   40.28%
*     0+    0                          389.3489      309.9916            20.38%
      0     0      323.6371    34      389.3489      Cuts: 93      158   16.88%
      0     0      329.4774    33      389.3489      Cuts: 50      191   15.38%
      0     0      332.7706    32      389.3489      Cuts: 27      231   14.53%
*     0+    0                          337.3314      332.7706             1.35%
      0     0      333.4225    32      337.3314      Cuts: 17      247    1.16%
Detecting symmetries...
      0     0      335.6418    28      337.3314      Cuts: 15      266    0.50%
      0     0      336.3675    17      337.3314      Cuts: 10      281    0.29%
      0     0      336.4916    36      337.3314      Cuts: 37      298    0.25%
      0     0      336.5479     4      337.3314      Cuts: 33      305    0.23%
      0     0      336.5479     2      337.3314       Cuts: 7      307    0.23%
*     0+    0                          336.5479      336.5479             0.00%
      0     0        cutoff            336.5479      336.5479      307    0.00%
Elapsed time = 0.06 sec. (17.92 ticks, tree = 0.01 MB, solutions = 5)

Implied bound cuts applied:  7
Flow cuts applied:  7
Mixed integer rounding cuts applied:  44
Flow path cuts applied:  21
Gomory fractional cuts applied:  7

Root node processing (before b&c):
  Real time             =    0.08 sec. (17.93 ticks)
Parallel b&c, 4 threads:
  Real time             =    0.00 sec. (0.00 ticks)
  Sync time (average)   =    0.00 sec.
  Wait time (average)   =    0.00 sec.
                          ------------
Total (root+branch&cut) =    0.08 sec. (17.93 ticks)
Version identifier: 20.1.0.0 | 2020-11-10 | 9bedb6d68
CPXPARAM_Threads                                 4
CPXPARAM_Emphasis_Numerical                      1
CPXPARAM_RandomSeed                              1
CPXPARAM_Simplex_Tolerances_Optimality           1.0000000000000001e-09
CPXPARAM_Simplex_Tolerances_Feasibility          1.0000000000000001e-09
CPXPARAM_MIP_Tolerances_AbsMIPGap                9.9999999999999995e-08
CPXPARAM_MIP_Tolerances_MIPGap                   0
CPXPARAM_MIP_Tolerances_Integrality              0
Tried aggregator 1 time.
LP Presolve eliminated 99 rows and 112 columns.
Aggregator did 44 substitutions.
Reduced LP has 25 rows, 24 columns, and 58 nonzeros.
Presolve time = 0.00 sec. (0.11 ticks)
Initializing dual steep norms . . .

Iteration log . . .
Iteration:     1   Dual infeasibility =             0.000000
