Version identifier: 20.1.0.0 | 2020-11-10 | 9bedb6d68
CPXPARAM_Threads                                 4
CPXPARAM_Emphasis_Numerical                      1
CPXPARAM_RandomSeed                              1
CPXPARAM_Simplex_Tolerances_Optimality           1.0000000000000001e-09
CPXPARAM_Simplex_Tolerances_Feasibility          1.0000000000000001e-09
CPXPARAM_MIP_Tolerances_AbsMIPGap                9.9999999999999995e-08
CPXPARAM_MIP_Tolerances_MIPGap                   0
CPXPARAM_MIP_Tolerances_Integrality              0
Found incumbent of value 579.812625 after 0.00 sec. (0.02 ticks)
Tried aggregator 2 times.
MIP Presolve eliminated 10 rows and 10 columns.
MIP Presolve added 2 rows and 0 columns.
Aggregator did 13 substitutions.
Reduced MIP has 147 rows, 157 columns, and 361 nonzeros.
Reduced MIP has 55 binaries, 0 generals, 0 SOSs, and 0 indicators.
Presolve time = 0.00 sec. (0.34 ticks)
Probing fixed 0 vars, tightened 2 bounds.
Probing time = 0.00 sec. (0.17 ticks)
Tried aggregator 1 time.
Detecting symmetries...
MIP Presolve modified 4 coefficients.
Reduced MIP has 147 rows, 157 columns, and 361 nonzeros.
Reduced MIP has 55 binaries, 0 generals, 0 SOSs, and 0 indicators.
Presolve time = 0.00 sec. (0.25 ticks)
Probing time = 0.00 sec. (0.16 ticks)
MIP emphasis: balance optimality and feasibility.
MIP search method: dynamic search.
Parallel mode: deterministic, using up to 4 threads.
Root relaxation solution time = 0.00 sec. (0.28 ticks)

        Nodes                                         Cuts/
   Node  Left     Objective  IInf  Best Integer    Best Bound    ItCnt     Gap

*     0+    0                          579.8126        0.0000           100.00%
*     0+    0                          518.3803        0.0000           100.00%
      0     0      277.5137    33      518.3803      277.5137       67   46.47%
      0     0      309.1701    36      518.3803      Cuts: 97      113   40.36%
      0     0      331.2560    21      518.3803      Cuts: 86      160   36.10%
*     0+    0                          471.8281      331.2560            29.79%
      0     0      337.6449    32      471.8281      Cuts: 44      192   28.44%
      0     0      341.9441    29      471.8281      Cuts: 26      212   27.53%
*     0+    0                          447.2391      341.9441            23.54%
      0     0      342.6104    12      447.2391      Cuts: 15      228   23.39%
*     0+    0                          342.6104      342.6104             0.00%
      0     0        cutoff            342.6104      342.6104      228    0.00%
Elapsed time = 0.06 sec. (11.47 ticks, tree = 0.01 MB, solutions = 5)

Implied bound cuts applied:  10
Flow cuts applied:  6
Mixed integer rounding cuts applied:  28
Flow path cuts applied:  14
Gomory fractional cuts applied:  12

Root node processing (before b&c):
  Real time             =    0.06 sec. (11.48 ticks)
Parallel b&c, 4 threads:
  Real time             =    0.00 sec. (0.00 ticks)
  Sync time (average)   =    0.00 sec.
  Wait time (average)   =    0.00 sec.
                          ------------
Total (root+branch&cut) =    0.06 sec. (11.48 ticks)
Version identifier: 20.1.0.0 | 2020-11-10 | 9bedb6d68
CPXPARAM_Threads                                 4
CPXPARAM_Emphasis_Numerical                      1
CPXPARAM_RandomSeed                              1
CPXPARAM_Simplex_Tolerances_Optimality           1.0000000000000001e-09
CPXPARAM_Simplex_Tolerances_Feasibility          1.0000000000000001e-09
CPXPARAM_MIP_Tolerances_AbsMIPGap                9.9999999999999995e-08
CPXPARAM_MIP_Tolerances_MIPGap                   0
CPXPARAM_MIP_Tolerances_Integrality              0
Tried aggregator 1 time.
LP Presolve eliminated 98 rows and 111 columns.
Aggregator did 43 substitutions.
Reduced LP has 27 rows, 26 columns, and 63 nonzeros.
Presolve time = 0.00 sec. (0.11 ticks)
Initializing dual steep norms . . .

Iteration log . . .
Iteration:     1   Dual infeasibility =             0.000000
