Version identifier: 20.1.0.0 | 2020-11-10 | 9bedb6d68
CPXPARAM_Threads                                 4
CPXPARAM_Emphasis_Numerical                      1
CPXPARAM_RandomSeed                              1
CPXPARAM_Simplex_Tolerances_Optimality           1.0000000000000001e-09
CPXPARAM_Simplex_Tolerances_Feasibility          1.0000000000000001e-09
CPXPARAM_MIP_Tolerances_AbsMIPGap                9.9999999999999995e-08
CPXPARAM_MIP_Tolerances_MIPGap                   0
CPXPARAM_MIP_Tolerances_Integrality              0
Found incumbent of value 926.118525 after 0.00 sec. (0.02 ticks)
Tried aggregator 2 times.
MIP Presolve eliminated 10 rows and 10 columns.
MIP Presolve added 2 rows and 0 columns.
Aggregator did 21 substitutions.
Reduced MIP has 139 rows, 149 columns, and 367 nonzeros.
Reduced MIP has 55 binaries, 0 generals, 0 SOSs, and 0 indicators.
Presolve time = 0.00 sec. (0.35 ticks)
Probing fixed 0 vars, tightened 1 bounds.
Probing time = 0.00 sec. (0.15 ticks)
Tried aggregator 1 time.
Detecting symmetries...
MIP Presolve modified 4 coefficients.
Reduced MIP has 139 rows, 149 columns, and 367 nonzeros.
Reduced MIP has 55 binaries, 0 generals, 0 SOSs, and 0 indicators.
Presolve time = 0.00 sec. (0.25 ticks)
Probing time = 0.00 sec. (0.14 ticks)
MIP emphasis: balance optimality and feasibility.
MIP search method: dynamic search.
Parallel mode: deterministic, using up to 4 threads.
Root relaxation solution time = 0.00 sec. (0.32 ticks)

        Nodes                                         Cuts/
   Node  Left     Objective  IInf  Best Integer    Best Bound    ItCnt     Gap

*     0+    0                          926.1185       86.0586            90.71%
*     0+    0                          675.8217       86.0586            87.27%
*     0+    0                          653.7952       86.0586            86.84%
      0     0      504.7408    10      653.7952      504.7408       61   22.80%
*     0+    0                          574.8083      504.7408            12.19%
*     0     0      integral     0      507.8257      Cuts: 37       65    0.00%
      0     0        cutoff            507.8257      507.8257       65    0.00%
Elapsed time = 0.05 sec. (2.72 ticks, tree = 0.01 MB, solutions = 5)

Implied bound cuts applied:  4
Flow cuts applied:  9
Mixed integer rounding cuts applied:  13
Flow path cuts applied:  1
Lift and project cuts applied:  1
Gomory fractional cuts applied:  9

Root node processing (before b&c):
  Real time             =    0.05 sec. (2.74 ticks)
Parallel b&c, 4 threads:
  Real time             =    0.00 sec. (0.00 ticks)
  Sync time (average)   =    0.00 sec.
  Wait time (average)   =    0.00 sec.
                          ------------
Total (root+branch&cut) =    0.05 sec. (2.74 ticks)
Version identifier: 20.1.0.0 | 2020-11-10 | 9bedb6d68
CPXPARAM_Threads                                 4
CPXPARAM_Emphasis_Numerical                      1
CPXPARAM_RandomSeed                              1
CPXPARAM_Simplex_Tolerances_Optimality           1.0000000000000001e-09
CPXPARAM_Simplex_Tolerances_Feasibility          1.0000000000000001e-09
CPXPARAM_MIP_Tolerances_AbsMIPGap                9.9999999999999995e-08
CPXPARAM_MIP_Tolerances_MIPGap                   0
CPXPARAM_MIP_Tolerances_Integrality              0
Tried aggregator 1 time.
LP Presolve eliminated 118 rows and 130 columns.
Aggregator did 50 substitutions.
All rows and columns eliminated.
Presolve time = 0.00 sec. (0.10 ticks)
