Version identifier: 20.1.0.0 | 2020-11-10 | 9bedb6d68
CPXPARAM_Threads                                 4
CPXPARAM_Emphasis_Numerical                      1
CPXPARAM_RandomSeed                              1
CPXPARAM_Simplex_Tolerances_Optimality           1.0000000000000001e-09
CPXPARAM_Simplex_Tolerances_Feasibility          1.0000000000000001e-09
CPXPARAM_MIP_Tolerances_AbsMIPGap                9.9999999999999995e-08
CPXPARAM_MIP_Tolerances_MIPGap                   0
CPXPARAM_MIP_Tolerances_Integrality              0
Found incumbent of value 1125.130000 after 0.00 sec. (0.02 ticks)
Tried aggregator 2 times.
MIP Presolve eliminated 11 rows and 10 columns.
MIP Presolve added 2 rows and 0 columns.
Aggregator did 28 substitutions.
Reduced MIP has 131 rows, 142 columns, and 356 nonzeros.
Reduced MIP has 55 binaries, 0 generals, 0 SOSs, and 0 indicators.
Presolve time = 0.00 sec. (0.35 ticks)
Probing fixed 0 vars, tightened 1 bounds.
Probing time = 0.00 sec. (0.12 ticks)
Tried aggregator 1 time.
Detecting symmetries...
MIP Presolve modified 2 coefficients.
Reduced MIP has 131 rows, 142 columns, and 356 nonzeros.
Reduced MIP has 55 binaries, 0 generals, 0 SOSs, and 0 indicators.
Presolve time = 0.00 sec. (0.26 ticks)
Probing time = 0.00 sec. (0.11 ticks)
MIP emphasis: balance optimality and feasibility.
MIP search method: dynamic search.
Parallel mode: deterministic, using up to 4 threads.
Root relaxation solution time = 0.00 sec. (0.22 ticks)

        Nodes                                         Cuts/
   Node  Left     Objective  IInf  Best Integer    Best Bound    ItCnt     Gap

*     0+    0                         1125.1300        0.0000           100.00%
      0     0      581.7494    29     1125.1300      581.7494       51   48.29%
*     0+    0                         1070.0100      581.7494            45.63%
      0     0      730.7665    25     1070.0100      Cuts: 73      102   31.70%
      0     0      743.1572    21     1070.0100      Cuts: 64      123   30.55%
      0     0      748.4000     1     1070.0100      Cuts: 31      143   30.06%
*     0+    0                          748.4000      748.4000             0.00%
      0     0        cutoff            748.4000      748.4000      143    0.00%
Elapsed time = 0.05 sec. (6.99 ticks, tree = 0.01 MB, solutions = 3)

Implied bound cuts applied:  5
Flow cuts applied:  19
Mixed integer rounding cuts applied:  30
Flow path cuts applied:  6
Gomory fractional cuts applied:  11

Root node processing (before b&c):
  Real time             =    0.05 sec. (7.00 ticks)
Parallel b&c, 4 threads:
  Real time             =    0.00 sec. (0.00 ticks)
  Sync time (average)   =    0.00 sec.
  Wait time (average)   =    0.00 sec.
                          ------------
Total (root+branch&cut) =    0.05 sec. (7.00 ticks)
Version identifier: 20.1.0.0 | 2020-11-10 | 9bedb6d68
CPXPARAM_Threads                                 4
CPXPARAM_Emphasis_Numerical                      1
CPXPARAM_RandomSeed                              1
CPXPARAM_Simplex_Tolerances_Optimality           1.0000000000000001e-09
CPXPARAM_Simplex_Tolerances_Feasibility          1.0000000000000001e-09
CPXPARAM_MIP_Tolerances_AbsMIPGap                9.9999999999999995e-08
CPXPARAM_MIP_Tolerances_MIPGap                   0
CPXPARAM_MIP_Tolerances_Integrality              0
Tried aggregator 1 time.
LP Presolve eliminated 99 rows and 109 columns.
Aggregator did 44 substitutions.
Reduced LP has 25 rows, 27 columns, and 61 nonzeros.
Presolve time = 0.00 sec. (0.12 ticks)
Initializing dual steep norms . . .
