Version identifier: 20.1.0.0 | 2020-11-10 | 9bedb6d68
CPXPARAM_Threads                                 4
CPXPARAM_Emphasis_Numerical                      1
CPXPARAM_RandomSeed                              1
CPXPARAM_Simplex_Tolerances_Optimality           1.0000000000000001e-09
CPXPARAM_Simplex_Tolerances_Feasibility          1.0000000000000001e-09
CPXPARAM_MIP_Tolerances_AbsMIPGap                9.9999999999999995e-08
CPXPARAM_MIP_Tolerances_MIPGap                   0
CPXPARAM_MIP_Tolerances_Integrality              0
Found incumbent of value 1474.980000 after 0.00 sec. (0.02 ticks)
Tried aggregator 2 times.
MIP Presolve eliminated 10 rows and 10 columns.
MIP Presolve added 2 rows and 0 columns.
Aggregator did 13 substitutions.
Reduced MIP has 147 rows, 157 columns, and 361 nonzeros.
Reduced MIP has 55 binaries, 0 generals, 0 SOSs, and 0 indicators.
Presolve time = 0.00 sec. (0.34 ticks)
Probing fixed 0 vars, tightened 2 bounds.
Probing time = 0.00 sec. (0.17 ticks)
Tried aggregator 1 time.
Detecting symmetries...
MIP Presolve modified 4 coefficients.
Reduced MIP has 147 rows, 157 columns, and 361 nonzeros.
Reduced MIP has 55 binaries, 0 generals, 0 SOSs, and 0 indicators.
Presolve time = 0.00 sec. (0.25 ticks)
Probing time = 0.00 sec. (0.16 ticks)
MIP emphasis: balance optimality and feasibility.
MIP search method: dynamic search.
Parallel mode: deterministic, using up to 4 threads.
Root relaxation solution time = 0.01 sec. (0.23 ticks)

        Nodes                                         Cuts/
   Node  Left     Objective  IInf  Best Integer    Best Bound    ItCnt     Gap

*     0+    0                         1474.9800        0.0000           100.00%
      0     0      623.8879    44     1474.9800      623.8879       57   57.70%
      0     0     1031.0493    28     1474.9800     Cuts: 124      107   30.10%
      0     0     1106.7153    23     1474.9800      Cuts: 79      146   24.97%
*     0+    0                         1264.2800     1106.7153            12.46%
      0     0     1123.5726    21     1264.2800      Cuts: 53      174   11.13%
      0     0     1138.3808    30     1264.2800      Cuts: 38      209    9.96%
*     0+    0                         1207.5200     1138.3808             5.73%
      0     0     1141.2430    21     1207.5200      Cuts: 28      226    5.49%
Detecting symmetries...
      0     0     1143.3439    20     1207.5200       Cuts: 5      240    5.31%
      0     0     1145.1329    28     1207.5200      Cuts: 20      252    5.17%
      0     0     1145.8837    22     1207.5200      Cuts: 19      266    5.10%
      0     0     1146.1831    32     1207.5200       Cuts: 5      276    5.08%
      0     0     1146.1877    20     1207.5200  Flowpaths: 2      277    5.08%
      0     0     1146.2179    20     1207.5200  Flowpaths: 1      278    5.08%
      0     0     1146.4194    22     1207.5200    MIRcuts: 5      281    5.06%
      0     0     1146.9085    20     1207.5200    MIRcuts: 2      290    5.02%
      0     0     1147.0098    20     1207.5200       Cuts: 5      293    5.01%
*     0+    0                         1159.5200     1147.0098             1.08%
Detecting symmetries...
      0     2     1147.0098    20     1159.5200     1147.0098      293    1.08%
Elapsed time = 0.14 sec. (29.94 ticks, tree = 0.02 MB, solutions = 4)
*     4+    2                         1153.5200     1148.5127             0.43%

Implied bound cuts applied:  20
Flow cuts applied:  19
Mixed integer rounding cuts applied:  34
Flow path cuts applied:  13
Gomory fractional cuts applied:  22

Root node processing (before b&c):
  Real time             =    0.14 sec. (29.82 ticks)
Parallel b&c, 4 threads:
  Real time             =    0.01 sec. (1.90 ticks)
  Sync time (average)   =    0.01 sec.
  Wait time (average)   =    0.00 sec.
                          ------------
Total (root+branch&cut) =    0.16 sec. (31.72 ticks)
Version identifier: 20.1.0.0 | 2020-11-10 | 9bedb6d68
CPXPARAM_Threads                                 4
CPXPARAM_Emphasis_Numerical                      1
CPXPARAM_RandomSeed                              1
CPXPARAM_Simplex_Tolerances_Optimality           1.0000000000000001e-09
CPXPARAM_Simplex_Tolerances_Feasibility          1.0000000000000001e-09
CPXPARAM_MIP_Tolerances_AbsMIPGap                9.9999999999999995e-08
CPXPARAM_MIP_Tolerances_MIPGap                   0
CPXPARAM_MIP_Tolerances_Integrality              0
Tried aggregator 1 time.
LP Presolve eliminated 90 rows and 99 columns.
Aggregator did 35 substitutions.
Reduced LP has 43 rows, 46 columns, and 108 nonzeros.
Presolve time = 0.00 sec. (0.13 ticks)
Initializing dual steep norms . . .

Iteration log . . .
Iteration:     1   Dual objective     =          1153.520000
