Version identifier: 20.1.0.0 | 2020-11-10 | 9bedb6d68
CPXPARAM_Threads                                 4
CPXPARAM_Emphasis_Numerical                      1
CPXPARAM_RandomSeed                              1
CPXPARAM_Simplex_Tolerances_Optimality           1.0000000000000001e-09
CPXPARAM_Simplex_Tolerances_Feasibility          1.0000000000000001e-09
CPXPARAM_MIP_Tolerances_AbsMIPGap                9.9999999999999995e-08
CPXPARAM_MIP_Tolerances_MIPGap                   0
CPXPARAM_MIP_Tolerances_Integrality              0
Found incumbent of value 548.663300 after 0.00 sec. (0.02 ticks)
Tried aggregator 2 times.
MIP Presolve eliminated 10 rows and 10 columns.
MIP Presolve added 2 rows and 0 columns.
Aggregator did 17 substitutions.
Reduced MIP has 143 rows, 153 columns, and 361 nonzeros.
Reduced MIP has 55 binaries, 0 generals, 0 SOSs, and 0 indicators.
Presolve time = 0.00 sec. (0.34 ticks)
Probing fixed 0 vars, tightened 1 bounds.
Probing time = 0.00 sec. (0.16 ticks)
Tried aggregator 1 time.
Detecting symmetries...
MIP Presolve modified 4 coefficients.
Reduced MIP has 143 rows, 153 columns, and 361 nonzeros.
Reduced MIP has 55 binaries, 0 generals, 0 SOSs, and 0 indicators.
Presolve time = 0.00 sec. (0.25 ticks)
Probing time = 0.00 sec. (0.15 ticks)
MIP emphasis: balance optimality and feasibility.
MIP search method: dynamic search.
Parallel mode: deterministic, using up to 4 threads.
Root relaxation solution time = 0.02 sec. (0.26 ticks)

        Nodes                                         Cuts/
   Node  Left     Objective  IInf  Best Integer    Best Bound    ItCnt     Gap

*     0+    0                          548.6633        0.0000           100.00%
*     0+    0                          521.7744        0.0000           100.00%
      0     0      233.8983    36      521.7744      233.8983       62   55.17%
*     0+    0                          437.3764      233.8983            46.52%
      0     0      251.5635    26      437.3764     Cuts: 106      105   42.48%
*     0+    0                          270.5567      251.5635             7.02%
      0     0      267.4490    25      270.5567      Cuts: 60      159    1.15%
*     0+    0                          268.2430      267.4490             0.30%
      0     0      268.0013     6      268.2430      Cuts: 45      166    0.09%
*     0+    0                          268.1760      268.0013             0.07%
      0     0      268.0584     3      268.1760       Cuts: 7      168    0.04%
*     0+    0                          268.0584      268.0584             0.00%
      0     0        cutoff            268.0584      268.0584      168    0.00%
Elapsed time = 0.05 sec. (8.92 ticks, tree = 0.01 MB, solutions = 7)

Implied bound cuts applied:  6
Flow cuts applied:  17
Mixed integer rounding cuts applied:  42
Flow path cuts applied:  18
Gomory fractional cuts applied:  9

Root node processing (before b&c):
  Real time             =    0.05 sec. (8.93 ticks)
Parallel b&c, 4 threads:
  Real time             =    0.00 sec. (0.00 ticks)
  Sync time (average)   =    0.00 sec.
  Wait time (average)   =    0.00 sec.
                          ------------
Total (root+branch&cut) =    0.05 sec. (8.93 ticks)
Version identifier: 20.1.0.0 | 2020-11-10 | 9bedb6d68
CPXPARAM_Threads                                 4
CPXPARAM_Emphasis_Numerical                      1
CPXPARAM_RandomSeed                              1
CPXPARAM_Simplex_Tolerances_Optimality           1.0000000000000001e-09
CPXPARAM_Simplex_Tolerances_Feasibility          1.0000000000000001e-09
CPXPARAM_MIP_Tolerances_AbsMIPGap                9.9999999999999995e-08
CPXPARAM_MIP_Tolerances_MIPGap                   0
CPXPARAM_MIP_Tolerances_Integrality              0
Tried aggregator 1 time.
LP Presolve eliminated 100 rows and 113 columns.
Aggregator did 46 substitutions.
Reduced LP has 22 rows, 21 columns, and 52 nonzeros.
Presolve time = 0.00 sec. (0.11 ticks)
Initializing dual steep norms . . .

Iteration log . . .
Iteration:     1   Dual infeasibility =             0.000000
Iteration:     2   Dual objective     =           268.058425
