Version identifier: 20.1.0.0 | 2020-11-10 | 9bedb6d68
CPXPARAM_Threads                                 4
CPXPARAM_Emphasis_Numerical                      1
CPXPARAM_RandomSeed                              1
CPXPARAM_Simplex_Tolerances_Optimality           1.0000000000000001e-09
CPXPARAM_Simplex_Tolerances_Feasibility          1.0000000000000001e-09
CPXPARAM_MIP_Tolerances_AbsMIPGap                9.9999999999999995e-08
CPXPARAM_MIP_Tolerances_MIPGap                   0
CPXPARAM_MIP_Tolerances_Integrality              0
Found incumbent of value 311802.300000 after 0.00 sec. (0.18 ticks)
Tried aggregator 2 times.
MIP Presolve eliminated 101 rows and 100 columns.
MIP Presolve added 2 rows and 0 columns.
Aggregator did 226 substitutions.
Reduced MIP has 1463 rows, 1474 columns, and 3674 nonzeros.
Reduced MIP has 550 binaries, 0 generals, 0 SOSs, and 0 indicators.
Presolve time = 0.02 sec. (7.81 ticks)
Probing fixed 0 vars, tightened 1 bounds.
Probing time = 0.01 sec. (2.60 ticks)
Tried aggregator 1 time.
Detecting symmetries...
MIP Presolve modified 2 coefficients.
Reduced MIP has 1463 rows, 1474 columns, and 3674 nonzeros.
Reduced MIP has 550 binaries, 0 generals, 0 SOSs, and 0 indicators.
Presolve time = 0.00 sec. (6.02 ticks)
Probing time = 0.02 sec. (2.10 ticks)
MIP emphasis: balance optimality and feasibility.
MIP search method: dynamic search.
Parallel mode: deterministic, using up to 4 threads.
Root relaxation solution time = 0.02 sec. (2.98 ticks)

        Nodes                                         Cuts/
   Node  Left     Objective  IInf  Best Integer    Best Bound    ItCnt     Gap

*     0+    0                       311802.3000        0.0000           100.00%
      0     0    97877.2014   482   311802.3000    97877.2014      551   68.61%
*     0+    0                       308188.3000    97877.2014            68.24%
      0     0   145125.9893   319   308188.3000     Cuts: 465      822   52.91%
*     0+    0                       242739.3500   145125.9893            40.21%
      0     0   179124.6577   281   242739.3500     Cuts: 465     1109   26.21%
      0     0   195743.1857   342   242739.3500     Cuts: 465     1489   19.36%
*     0+    0                       227460.4500   195743.1857            13.94%
      0     0   199414.3240   488   227460.4500     Cuts: 465     1877   12.33%
*     0+    0                       209319.9500   199414.3240             4.73%
      0     0   200289.6733    77   209319.9500     Cuts: 361     2027    4.31%
*     0+    0                       203902.9500   200289.6733             1.77%
Detecting symmetries...
      0     0   200797.4661   188   203902.9500     Cuts: 110     2163    1.52%
*     0+    0                       202372.9500   200797.4661             0.78%
      0     0   201012.8771   102   202372.9500     Cuts: 112     2286    0.67%
      0     0   201134.4610   488   202372.9500      Cuts: 94     2424    0.61%
*     0+    0                       202219.6500   201134.4610             0.54%
      0     0   201174.0344   285   202219.6500      Cuts: 94     2536    0.52%
      0     0   201219.2191    53   202219.6500      Cuts: 76     2556    0.49%
*     0+    0                       201280.7500   201219.2191             0.03%
      0     0   201226.3500    40   201280.7500      Cuts: 10     2565    0.03%
*     0+    0                       201226.3500   201226.3500             0.00%
      0     0        cutoff         201226.3500   201226.3500     2565    0.00%
Elapsed time = 0.91 sec. (412.14 ticks, tree = 0.01 MB, solutions = 10)

Implied bound cuts applied:  95
Flow cuts applied:  309
Mixed integer rounding cuts applied:  226
Flow path cuts applied:  95
Gomory fractional cuts applied:  77

Root node processing (before b&c):
  Real time             =    0.92 sec. (412.34 ticks)
Parallel b&c, 4 threads:
  Real time             =    0.00 sec. (0.00 ticks)
  Sync time (average)   =    0.00 sec.
  Wait time (average)   =    0.00 sec.
                          ------------
Total (root+branch&cut) =    0.92 sec. (412.34 ticks)
Version identifier: 20.1.0.0 | 2020-11-10 | 9bedb6d68
CPXPARAM_Threads                                 4
CPXPARAM_Emphasis_Numerical                      1
CPXPARAM_RandomSeed                              1
CPXPARAM_Simplex_Tolerances_Optimality           1.0000000000000001e-09
CPXPARAM_Simplex_Tolerances_Feasibility          1.0000000000000001e-09
CPXPARAM_MIP_Tolerances_AbsMIPGap                9.9999999999999995e-08
CPXPARAM_MIP_Tolerances_MIPGap                   0
CPXPARAM_MIP_Tolerances_Integrality              0
Tried aggregator 1 time.
LP Presolve eliminated 956 rows and 984 columns.
Aggregator did 351 substitutions.
Reduced LP has 481 rows, 465 columns, and 1180 nonzeros.
Presolve time = 0.02 sec. (1.43 ticks)
Initializing dual steep norms . . .

Iteration log . . .
Iteration:     1   Dual objective     =        194038.950000
