Version identifier: 20.1.0.0 | 2020-11-10 | 9bedb6d68
CPXPARAM_Threads                                 4
CPXPARAM_Emphasis_Numerical                      1
CPXPARAM_RandomSeed                              1
CPXPARAM_Simplex_Tolerances_Optimality           1.0000000000000001e-09
CPXPARAM_Simplex_Tolerances_Feasibility          1.0000000000000001e-09
CPXPARAM_MIP_Tolerances_AbsMIPGap                9.9999999999999995e-08
CPXPARAM_MIP_Tolerances_MIPGap                   0
CPXPARAM_MIP_Tolerances_Integrality              0
Found incumbent of value 1494.250000 after 0.00 sec. (0.02 ticks)
Tried aggregator 2 times.
MIP Presolve eliminated 11 rows and 10 columns.
MIP Presolve added 2 rows and 0 columns.
Aggregator did 24 substitutions.
Reduced MIP has 135 rows, 146 columns, and 346 nonzeros.
Reduced MIP has 55 binaries, 0 generals, 0 SOSs, and 0 indicators.
Presolve time = 0.00 sec. (0.34 ticks)
Probing fixed 0 vars, tightened 1 bounds.
Probing time = 0.00 sec. (0.13 ticks)
Tried aggregator 1 time.
Detecting symmetries...
MIP Presolve modified 2 coefficients.
Reduced MIP has 135 rows, 146 columns, and 346 nonzeros.
Reduced MIP has 55 binaries, 0 generals, 0 SOSs, and 0 indicators.
Presolve time = 0.00 sec. (0.26 ticks)
Probing time = 0.00 sec. (0.12 ticks)
MIP emphasis: balance optimality and feasibility.
MIP search method: dynamic search.
Parallel mode: deterministic, using up to 4 threads.
Root relaxation solution time = 0.00 sec. (0.20 ticks)

        Nodes                                         Cuts/
   Node  Left     Objective  IInf  Best Integer    Best Bound    ItCnt     Gap

*     0+    0                         1494.2500        0.0000           100.00%
      0     0      625.1098    41     1494.2500      625.1098       49   58.17%
      0     0      841.6090    25     1494.2500     Cuts: 105      104   43.68%
      0     0      890.6872    23     1494.2500      Cuts: 94      144   40.39%
*     0+    0                          999.7500      890.6872            10.91%
      0     0      908.9179    29      999.7500      Cuts: 55      181    9.09%
      0     0      912.8104    24      999.7500      Cuts: 19      196    8.70%
*     0+    0                          954.7500      912.8104             4.39%
      0     0      914.4305    23      954.7500       Cuts: 6      203    4.22%
*     0+    0                          949.7500      914.4305             3.72%
      0     0      915.8808    31      949.7500      Cuts: 23      214    3.57%
      0     0      918.9008    29      949.7500      Cuts: 20      230    3.25%
      0     0      920.7539    30      949.7500      Cuts: 25      258    3.05%
      0     0      922.7980    31      949.7500      Cuts: 29      279    2.84%
      0     0      924.7704    30      949.7500       Cuts: 5      290    2.63%
      0     0      926.9121    29      949.7500      Cuts: 14      301    2.40%
      0     0      927.0747    30      949.7500       Cuts: 6      306    2.39%
      0     0      927.0801    28      949.7500    MIRcuts: 2      308    2.39%
*     0+    0                          944.7500      927.0801             1.87%
      0     2      927.0801    26      944.7500      927.0801      308    1.87%
Elapsed time = 0.11 sec. (28.95 ticks, tree = 0.02 MB, solutions = 5)

Implied bound cuts applied:  16
Flow cuts applied:  10
Mixed integer rounding cuts applied:  54
Flow path cuts applied:  13
Gomory fractional cuts applied:  19

Root node processing (before b&c):
  Real time             =    0.11 sec. (28.83 ticks)
Parallel b&c, 4 threads:
  Real time             =    0.03 sec. (7.29 ticks)
  Sync time (average)   =    0.02 sec.
  Wait time (average)   =    0.00 sec.
                          ------------
Total (root+branch&cut) =    0.14 sec. (36.11 ticks)
Version identifier: 20.1.0.0 | 2020-11-10 | 9bedb6d68
CPXPARAM_Threads                                 4
CPXPARAM_Emphasis_Numerical                      1
CPXPARAM_RandomSeed                              1
CPXPARAM_Simplex_Tolerances_Optimality           1.0000000000000001e-09
CPXPARAM_Simplex_Tolerances_Feasibility          1.0000000000000001e-09
CPXPARAM_MIP_Tolerances_AbsMIPGap                9.9999999999999995e-08
CPXPARAM_MIP_Tolerances_MIPGap                   0
CPXPARAM_MIP_Tolerances_Integrality              0
Tried aggregator 1 time.
LP Presolve eliminated 77 rows and 104 columns.
Aggregator did 36 substitutions.
Reduced LP has 55 rows, 40 columns, and 126 nonzeros.
Presolve time = 0.00 sec. (0.13 ticks)
Initializing dual steep norms . . .
