Version identifier: 20.1.0.0 | 2020-11-10 | 9bedb6d68
CPXPARAM_Threads                                 4
CPXPARAM_Emphasis_Numerical                      1
CPXPARAM_RandomSeed                              1
CPXPARAM_Simplex_Tolerances_Optimality           1.0000000000000001e-09
CPXPARAM_Simplex_Tolerances_Feasibility          1.0000000000000001e-09
CPXPARAM_MIP_Tolerances_AbsMIPGap                9.9999999999999995e-08
CPXPARAM_MIP_Tolerances_MIPGap                   0
CPXPARAM_MIP_Tolerances_Integrality              0
Found incumbent of value 566.019700 after 0.00 sec. (0.02 ticks)
Tried aggregator 2 times.
MIP Presolve eliminated 10 rows and 10 columns.
MIP Presolve added 2 rows and 0 columns.
Aggregator did 19 substitutions.
Reduced MIP has 141 rows, 151 columns, and 363 nonzeros.
Reduced MIP has 55 binaries, 0 generals, 0 SOSs, and 0 indicators.
Presolve time = 0.00 sec. (0.34 ticks)
Probing fixed 0 vars, tightened 1 bounds.
Probing time = 0.00 sec. (0.14 ticks)
Tried aggregator 1 time.
Detecting symmetries...
MIP Presolve modified 4 coefficients.
Reduced MIP has 141 rows, 151 columns, and 363 nonzeros.
Reduced MIP has 55 binaries, 0 generals, 0 SOSs, and 0 indicators.
Presolve time = 0.00 sec. (0.25 ticks)
Probing time = 0.00 sec. (0.14 ticks)
MIP emphasis: balance optimality and feasibility.
MIP search method: dynamic search.
Parallel mode: deterministic, using up to 4 threads.
Root relaxation solution time = 0.00 sec. (0.26 ticks)

        Nodes                                         Cuts/
   Node  Left     Objective  IInf  Best Integer    Best Bound    ItCnt     Gap

*     0+    0                          566.0197        0.0000           100.00%
*     0+    0                          515.6695        0.0000           100.00%
      0     0      265.5515    34      515.6695      265.5515       57   48.50%
*     0+    0                          486.8805      265.5515            45.46%
      0     0      305.2293    24      486.8805      Cuts: 96      102   37.31%
*     0+    0                          365.0404      305.2293            16.38%
      0     0      327.1717    30      365.0404      Cuts: 69      148   10.37%
*     0+    0                          354.5976      327.1717             7.73%
      0     0      336.5252    22      354.5976      Cuts: 46      182    5.10%
      0     0      338.3669    26      354.5976      Cuts: 32      207    4.58%
      0     0      339.9831    20      354.5976      Cuts: 19      238    4.12%
Detecting symmetries...
      0     0      340.7994    18      354.5976      Cuts: 19      250    3.89%
      0     0      340.8185    18      354.5976       Cuts: 6      255    3.89%
*     0+    0                          354.5951      340.8185             3.89%
      0     0      341.6085    24      354.5951       Cuts: 7      277    3.66%
      0     0      341.9968    20      354.5951      Cuts: 12      294    3.55%
*     0+    0                          344.5701      341.9968             0.75%
      0     0      342.0345    21      344.5701      Cuts: 10      300    0.74%
      0     0      342.5150    16      344.5701       Cuts: 4      312    0.60%
      0     0      342.6476    22      344.5701      Cuts: 11      322    0.56%
      0     0      342.7398    19      344.5701       Cuts: 9      332    0.53%
      0     0      342.7734    20      344.5701       Cuts: 7      342    0.52%
Detecting symmetries...
      0     2      342.7734    20      344.5701      342.7734      342    0.52%
Elapsed time = 0.11 sec. (26.10 ticks, tree = 0.02 MB, solutions = 7)

Implied bound cuts applied:  3
Flow cuts applied:  16
Mixed integer rounding cuts applied:  28
Flow path cuts applied:  16
Gomory fractional cuts applied:  7

Root node processing (before b&c):
  Real time             =    0.09 sec. (25.99 ticks)
Parallel b&c, 4 threads:
  Real time             =    0.02 sec. (0.75 ticks)
  Sync time (average)   =    0.01 sec.
  Wait time (average)   =    0.00 sec.
                          ------------
Total (root+branch&cut) =    0.11 sec. (26.74 ticks)
Version identifier: 20.1.0.0 | 2020-11-10 | 9bedb6d68
CPXPARAM_Threads                                 4
CPXPARAM_Emphasis_Numerical                      1
CPXPARAM_RandomSeed                              1
CPXPARAM_Simplex_Tolerances_Optimality           1.0000000000000001e-09
CPXPARAM_Simplex_Tolerances_Feasibility          1.0000000000000001e-09
CPXPARAM_MIP_Tolerances_AbsMIPGap                9.9999999999999995e-08
CPXPARAM_MIP_Tolerances_MIPGap                   0
CPXPARAM_MIP_Tolerances_Integrality              0
Tried aggregator 1 time.
LP Presolve eliminated 98 rows and 107 columns.
Aggregator did 42 substitutions.
Reduced LP has 28 rows, 31 columns, and 69 nonzeros.
Presolve time = 0.02 sec. (0.13 ticks)
Initializing dual steep norms . . .
