Version identifier: 20.1.0.0 | 2020-11-10 | 9bedb6d68
CPXPARAM_Threads                                 4
CPXPARAM_Emphasis_Numerical                      1
CPXPARAM_RandomSeed                              1
CPXPARAM_Simplex_Tolerances_Optimality           1.0000000000000001e-09
CPXPARAM_Simplex_Tolerances_Feasibility          1.0000000000000001e-09
CPXPARAM_MIP_Tolerances_AbsMIPGap                9.9999999999999995e-08
CPXPARAM_MIP_Tolerances_MIPGap                   0
CPXPARAM_MIP_Tolerances_Integrality              0
Found incumbent of value 1651.400000 after 0.00 sec. (0.02 ticks)
Tried aggregator 2 times.
MIP Presolve eliminated 10 rows and 10 columns.
MIP Presolve added 2 rows and 0 columns.
Aggregator did 33 substitutions.
Reduced MIP has 127 rows, 137 columns, and 341 nonzeros.
Reduced MIP has 55 binaries, 0 generals, 0 SOSs, and 0 indicators.
Presolve time = 0.00 sec. (0.35 ticks)
Probing fixed 0 vars, tightened 1 bounds.
Probing time = 0.00 sec. (0.10 ticks)
Tried aggregator 1 time.
Detecting symmetries...
MIP Presolve modified 4 coefficients.
Reduced MIP has 127 rows, 137 columns, and 341 nonzeros.
Reduced MIP has 55 binaries, 0 generals, 0 SOSs, and 0 indicators.
Presolve time = 0.00 sec. (0.29 ticks)
Probing time = 0.00 sec. (0.10 ticks)
MIP emphasis: balance optimality and feasibility.
MIP search method: dynamic search.
Parallel mode: deterministic, using up to 4 threads.
Root relaxation solution time = 0.00 sec. (0.21 ticks)

        Nodes                                         Cuts/
   Node  Left     Objective  IInf  Best Integer    Best Bound    ItCnt     Gap

*     0+    0                         1651.4000        0.0000           100.00%
      0     0      649.9876    30     1651.4000      649.9876       45   60.64%
*     0+    0                         1128.6000      649.9876            42.41%
      0     0      754.7598    31     1128.6000      Cuts: 66       77   33.12%
*     0+    0                          919.6000      754.7598            17.93%
      0     0      812.6601    35      919.6000      Cuts: 84      133   11.63%
      0     0      835.9391    23      919.6000      Cuts: 48      179    9.10%
      0     0      842.8374    25      919.6000      Cuts: 26      204    8.35%
      0     0      845.6645    27      919.6000      Cuts: 30      220    8.04%
*     0+    0                          875.6000      845.6645             3.42%

Repeating presolve.
Tried aggregator 1 time.
MIP Presolve modified 20 coefficients.
Reduced MIP has 127 rows, 137 columns, and 341 nonzeros.
Reduced MIP has 55 binaries, 0 generals, 0 SOSs, and 0 indicators.
Presolve time = 0.00 sec. (0.17 ticks)
Probing time = 0.00 sec. (0.04 ticks)
Tried aggregator 1 time.
Detecting symmetries...
Reduced MIP has 127 rows, 137 columns, and 341 nonzeros.
Reduced MIP has 55 binaries, 0 generals, 0 SOSs, and 0 indicators.
Presolve time = 0.00 sec. (0.23 ticks)
Represolve time = 0.00 sec. (0.84 ticks)
Probing time = 0.00 sec. (0.03 ticks)
MIP emphasis: balance optimality and feasibility.
MIP search method: dynamic search.
Parallel mode: deterministic, using up to 4 threads.
Root relaxation solution time = 0.00 sec. (1.27 ticks)

        Nodes                                         Cuts/
   Node  Left     Objective  IInf  Best Integer    Best Bound    ItCnt     Gap

*     0+    0                          875.6000      845.6645             3.42%
      0     0      845.6645    27      875.6000      845.6645      348    3.42%
      0     0      846.4215    26      875.6000      Cuts: 22      367    3.33%
      0     0      849.4283    23      875.6000      Cuts: 13      385    2.99%
      0     0      852.1260    24      875.6000      Cuts: 18      402    2.68%
      0     0      852.2783    24      875.6000       Cuts: 7      406    2.66%
      0     0      852.4815    21      875.6000    MIRcuts: 2      409    2.64%
      0     0      852.5519    21      875.6000       Cuts: 3      411    2.63%
      0     0      852.5648    22      875.6000   Flowcuts: 2      414    2.63%
      0     0        cutoff            875.6000      875.6000      414    0.00%
Elapsed time = 0.11 sec. (30.53 ticks, tree = 0.01 MB, solutions = 4)

Implied bound cuts applied:  1
Flow cuts applied:  6
Mixed integer rounding cuts applied:  38
Flow path cuts applied:  3
Lift and project cuts applied:  1
Gomory fractional cuts applied:  2

Root node processing (before b&c):
  Real time             =    0.11 sec. (30.54 ticks)
Parallel b&c, 4 threads:
  Real time             =    0.00 sec. (0.00 ticks)
  Sync time (average)   =    0.00 sec.
  Wait time (average)   =    0.00 sec.
                          ------------
Total (root+branch&cut) =    0.11 sec. (30.54 ticks)
Version identifier: 20.1.0.0 | 2020-11-10 | 9bedb6d68
CPXPARAM_Threads                                 4
CPXPARAM_Emphasis_Numerical                      1
CPXPARAM_RandomSeed                              1
CPXPARAM_Simplex_Tolerances_Optimality           1.0000000000000001e-09
CPXPARAM_Simplex_Tolerances_Feasibility          1.0000000000000001e-09
CPXPARAM_MIP_Tolerances_AbsMIPGap                9.9999999999999995e-08
CPXPARAM_MIP_Tolerances_MIPGap                   0
CPXPARAM_MIP_Tolerances_Integrality              0
Tried aggregator 1 time.
LP Presolve eliminated 101 rows and 110 columns.
Aggregator did 45 substitutions.
Reduced LP has 22 rows, 25 columns, and 54 nonzeros.
Presolve time = 0.00 sec. (0.12 ticks)
Symmetry aggregator did 30 additional substitutions.
Initializing dual steep norms . . .

Dual crossover.
  Dual:  Fixed no variables.
  Primal:  Fixed no variables.
