Version identifier: 20.1.0.0 | 2020-11-10 | 9bedb6d68
CPXPARAM_Threads                                 4
CPXPARAM_Emphasis_Numerical                      1
CPXPARAM_RandomSeed                              1
CPXPARAM_Simplex_Tolerances_Optimality           1.0000000000000001e-09
CPXPARAM_Simplex_Tolerances_Feasibility          1.0000000000000001e-09
CPXPARAM_MIP_Tolerances_AbsMIPGap                9.9999999999999995e-08
CPXPARAM_MIP_Tolerances_MIPGap                   0
CPXPARAM_MIP_Tolerances_Integrality              0
Found incumbent of value 1741.500000 after 0.00 sec. (0.02 ticks)
Tried aggregator 2 times.
MIP Presolve eliminated 11 rows and 10 columns.
MIP Presolve added 2 rows and 0 columns.
Aggregator did 32 substitutions.
Reduced MIP has 127 rows, 138 columns, and 337 nonzeros.
Reduced MIP has 55 binaries, 0 generals, 0 SOSs, and 0 indicators.
Presolve time = 0.00 sec. (0.35 ticks)
Probing fixed 0 vars, tightened 1 bounds.
Probing time = 0.00 sec. (0.11 ticks)
Tried aggregator 1 time.
Detecting symmetries...
MIP Presolve modified 2 coefficients.
Reduced MIP has 127 rows, 138 columns, and 337 nonzeros.
Reduced MIP has 55 binaries, 0 generals, 0 SOSs, and 0 indicators.
Presolve time = 0.02 sec. (0.28 ticks)
Probing time = 0.00 sec. (0.10 ticks)
MIP emphasis: balance optimality and feasibility.
MIP search method: dynamic search.
Parallel mode: deterministic, using up to 4 threads.
Root relaxation solution time = 0.00 sec. (0.22 ticks)

        Nodes                                         Cuts/
   Node  Left     Objective  IInf  Best Integer    Best Bound    ItCnt     Gap

*     0+    0                         1741.5000        0.0000           100.00%
      0     0      824.9858    30     1741.5000      824.9858       53   52.63%
*     0+    0                         1233.5000      824.9858            33.12%
      0     0      926.2208    30     1233.5000      Cuts: 70       78   24.91%
      0     0      977.1670    35     1233.5000      Cuts: 84      123   20.78%
      0     0     1001.0796    40     1233.5000      Cuts: 56      152   18.84%
      0     0     1003.3582    35     1233.5000      Cuts: 18      166   18.66%
      0     0     1003.8984    27     1233.5000       Cuts: 7      179   18.61%
*     0+    0                         1113.6000     1003.8984             9.85%
*     0+    0                         1048.7000     1003.8984             4.27%

Repeating presolve.
Tried aggregator 2 times.
MIP Presolve eliminated 78 rows and 78 columns.
MIP Presolve modified 2 coefficients.
Aggregator did 1 substitutions.
Reduced MIP has 48 rows, 59 columns, and 126 nonzeros.
Reduced MIP has 22 binaries, 0 generals, 0 SOSs, and 0 indicators.
Presolve time = 0.02 sec. (0.25 ticks)
Probing time = 0.00 sec. (0.01 ticks)
Tried aggregator 1 time.
Detecting symmetries...
Reduced MIP has 48 rows, 59 columns, and 126 nonzeros.
Reduced MIP has 22 binaries, 0 generals, 0 SOSs, and 0 indicators.
Presolve time = 0.00 sec. (0.08 ticks)
Represolve time = 0.02 sec. (0.67 ticks)
Probing time = 0.00 sec. (0.01 ticks)
MIP emphasis: balance optimality and feasibility.
MIP search method: dynamic search.
Parallel mode: deterministic, using up to 4 threads.
Root relaxation solution time = 0.00 sec. (0.37 ticks)

        Nodes                                         Cuts/
   Node  Left     Objective  IInf  Best Integer    Best Bound    ItCnt     Gap

*     0+    0                         1048.7000     1003.8984             4.27%
      0     0     1004.7501    14     1048.7000     1004.7501      234    4.19%
      0     0     1008.2184    16     1048.7000       Cuts: 7      241    3.86%
      0     0     1009.3895    15     1048.7000       Cuts: 5      247    3.75%
      0     0     1012.7188    11     1048.7000       Cuts: 8      255    3.43%
      0     0     1013.5452    14     1048.7000       Cuts: 5      260    3.35%
Detecting symmetries...
      0     0        cutoff           1048.7000     1048.7000      260    0.00%
Elapsed time = 0.09 sec. (18.02 ticks, tree = 0.01 MB, solutions = 4)

Mixed integer rounding cuts applied:  13
Flow path cuts applied:  4
Lift and project cuts applied:  1

Root node processing (before b&c):
  Real time             =    0.09 sec. (18.03 ticks)
Parallel b&c, 4 threads:
  Real time             =    0.00 sec. (0.00 ticks)
  Sync time (average)   =    0.00 sec.
  Wait time (average)   =    0.00 sec.
                          ------------
Total (root+branch&cut) =    0.09 sec. (18.03 ticks)
Version identifier: 20.1.0.0 | 2020-11-10 | 9bedb6d68
CPXPARAM_Threads                                 4
CPXPARAM_Emphasis_Numerical                      1
CPXPARAM_RandomSeed                              1
CPXPARAM_Simplex_Tolerances_Optimality           1.0000000000000001e-09
CPXPARAM_Simplex_Tolerances_Feasibility          1.0000000000000001e-09
CPXPARAM_MIP_Tolerances_AbsMIPGap                9.9999999999999995e-08
CPXPARAM_MIP_Tolerances_MIPGap                   0
CPXPARAM_MIP_Tolerances_Integrality              0
Tried aggregator 1 time.
LP Presolve eliminated 118 rows and 130 columns.
Aggregator did 50 substitutions.
All rows and columns eliminated.
Presolve time = 0.00 sec. (0.10 ticks)
