Version identifier: 20.1.0.0 | 2020-11-10 | 9bedb6d68
CPXPARAM_Threads                                 4
CPXPARAM_Emphasis_Numerical                      1
CPXPARAM_RandomSeed                              1
CPXPARAM_Simplex_Tolerances_Optimality           1.0000000000000001e-09
CPXPARAM_Simplex_Tolerances_Feasibility          1.0000000000000001e-09
CPXPARAM_MIP_Tolerances_AbsMIPGap                9.9999999999999995e-08
CPXPARAM_MIP_Tolerances_MIPGap                   0
CPXPARAM_MIP_Tolerances_Integrality              0
Found incumbent of value 1597.000000 after 0.00 sec. (0.02 ticks)
Tried aggregator 2 times.
MIP Presolve eliminated 11 rows and 10 columns.
MIP Presolve added 2 rows and 0 columns.
Aggregator did 34 substitutions.
Reduced MIP has 125 rows, 136 columns, and 349 nonzeros.
Reduced MIP has 55 binaries, 0 generals, 0 SOSs, and 0 indicators.
Presolve time = 0.00 sec. (0.35 ticks)
Probing fixed 0 vars, tightened 1 bounds.
Probing time = 0.00 sec. (0.10 ticks)
Tried aggregator 1 time.
Detecting symmetries...
MIP Presolve modified 2 coefficients.
Reduced MIP has 125 rows, 136 columns, and 349 nonzeros.
Reduced MIP has 55 binaries, 0 generals, 0 SOSs, and 0 indicators.
Presolve time = 0.00 sec. (0.29 ticks)
Probing time = 0.00 sec. (0.10 ticks)
MIP emphasis: balance optimality and feasibility.
MIP search method: dynamic search.
Parallel mode: deterministic, using up to 4 threads.
Root relaxation solution time = 0.01 sec. (0.19 ticks)

        Nodes                                         Cuts/
   Node  Left     Objective  IInf  Best Integer    Best Bound    ItCnt     Gap

*     0+    0                         1597.0000        0.0000           100.00%
      0     0      802.6008    35     1597.0000      802.6008       45   49.74%
      0     0     1099.9000    18     1597.0000      Cuts: 77       99   31.13%
*     0+    0                         1271.0000     1099.9000            13.46%
      0     0     1122.2614    23     1271.0000      Cuts: 39      121   11.70%
      0     0     1128.5833     8     1271.0000      Cuts: 47      134   11.21%
*     0+    0                         1165.2500     1128.5833             3.15%
*     0+    0                         1130.2500     1128.5833             0.15%
      0     0     1129.0000     9     1130.2500       Cuts: 5      136    0.11%
*     0+    0                         1129.0000     1129.0000             0.00%
      0     0        cutoff           1129.0000     1129.0000      136    0.00%
Elapsed time = 0.05 sec. (7.37 ticks, tree = 0.01 MB, solutions = 5)

Implied bound cuts applied:  4
Flow cuts applied:  25
Mixed integer rounding cuts applied:  33
Flow path cuts applied:  8
Gomory fractional cuts applied:  19

Root node processing (before b&c):
  Real time             =    0.05 sec. (7.39 ticks)
Parallel b&c, 4 threads:
  Real time             =    0.00 sec. (0.00 ticks)
  Sync time (average)   =    0.00 sec.
  Wait time (average)   =    0.00 sec.
                          ------------
Total (root+branch&cut) =    0.05 sec. (7.39 ticks)
Version identifier: 20.1.0.0 | 2020-11-10 | 9bedb6d68
CPXPARAM_Threads                                 4
CPXPARAM_Emphasis_Numerical                      1
CPXPARAM_RandomSeed                              1
CPXPARAM_Simplex_Tolerances_Optimality           1.0000000000000001e-09
CPXPARAM_Simplex_Tolerances_Feasibility          1.0000000000000001e-09
CPXPARAM_MIP_Tolerances_AbsMIPGap                9.9999999999999995e-08
CPXPARAM_MIP_Tolerances_MIPGap                   0
CPXPARAM_MIP_Tolerances_Integrality              0
Tried aggregator 1 time.
LP Presolve eliminated 93 rows and 108 columns.
Aggregator did 43 substitutions.
Reduced LP has 32 rows, 29 columns, and 76 nonzeros.
Presolve time = 0.00 sec. (0.13 ticks)
Symmetry aggregator did 36 additional substitutions.
Initializing dual steep norms . . .

Dual crossover.
  Dual:  Fixed no variables.
  Primal:  Fixed no variables.
