Version identifier: 20.1.0.0 | 2020-11-10 | 9bedb6d68
CPXPARAM_Threads                                 4
CPXPARAM_Emphasis_Numerical                      1
CPXPARAM_RandomSeed                              1
CPXPARAM_Simplex_Tolerances_Optimality           1.0000000000000001e-09
CPXPARAM_Simplex_Tolerances_Feasibility          1.0000000000000001e-09
CPXPARAM_MIP_Tolerances_AbsMIPGap                9.9999999999999995e-08
CPXPARAM_MIP_Tolerances_MIPGap                   0
CPXPARAM_MIP_Tolerances_Integrality              0
Found incumbent of value 1323.354000 after 0.00 sec. (0.02 ticks)
Tried aggregator 2 times.
MIP Presolve eliminated 10 rows and 10 columns.
MIP Presolve added 2 rows and 0 columns.
Aggregator did 22 substitutions.
Reduced MIP has 138 rows, 148 columns, and 358 nonzeros.
Reduced MIP has 55 binaries, 0 generals, 0 SOSs, and 0 indicators.
Presolve time = 0.00 sec. (0.34 ticks)
Probing fixed 0 vars, tightened 1 bounds.
Probing time = 0.00 sec. (0.13 ticks)
Tried aggregator 1 time.
Detecting symmetries...
MIP Presolve modified 4 coefficients.
Reduced MIP has 138 rows, 148 columns, and 358 nonzeros.
Reduced MIP has 55 binaries, 0 generals, 0 SOSs, and 0 indicators.
Presolve time = 0.00 sec. (0.26 ticks)
Probing time = 0.00 sec. (0.13 ticks)
MIP emphasis: balance optimality and feasibility.
MIP search method: dynamic search.
Parallel mode: deterministic, using up to 4 threads.
Root relaxation solution time = 0.00 sec. (0.33 ticks)

        Nodes                                         Cuts/
   Node  Left     Objective  IInf  Best Integer    Best Bound    ItCnt     Gap

*     0+    0                         1323.3540       40.4450            96.94%
*     0+    0                         1008.4900       40.4450            95.99%
*     0+    0                         1006.8480       40.4450            95.98%
      0     0      624.3294    30     1006.8480      624.3294       67   37.99%
*     0+    0                          773.2040      624.3294            19.25%
      0     0      688.6031    20      773.2040      Cuts: 81       96   10.94%
      0     0      729.2620    27      773.2040      Cuts: 66      152    5.68%
*     0+    0                          757.2320      729.2620             3.69%
      0     0      737.9501    27      757.2320      Cuts: 45      185    2.55%
      0     0      748.0826    32      757.2320      Cuts: 28      209    1.21%
      0     0      753.3488    26      757.2320      Cuts: 63      227    0.51%
      0     0      756.9070    15      757.2320      Cuts: 13      244    0.04%
      0     0        cutoff            757.2320                    248    0.00%
Elapsed time = 0.06 sec. (11.60 ticks, tree = 0.01 MB, solutions = 5)

Implied bound cuts applied:  1
Mixed integer rounding cuts applied:  9
Flow path cuts applied:  18

Root node processing (before b&c):
  Real time             =    0.08 sec. (11.62 ticks)
Parallel b&c, 4 threads:
  Real time             =    0.00 sec. (0.00 ticks)
  Sync time (average)   =    0.00 sec.
  Wait time (average)   =    0.00 sec.
                          ------------
Total (root+branch&cut) =    0.08 sec. (11.62 ticks)
Version identifier: 20.1.0.0 | 2020-11-10 | 9bedb6d68
CPXPARAM_Threads                                 4
CPXPARAM_Emphasis_Numerical                      1
CPXPARAM_RandomSeed                              1
CPXPARAM_Simplex_Tolerances_Optimality           1.0000000000000001e-09
CPXPARAM_Simplex_Tolerances_Feasibility          1.0000000000000001e-09
CPXPARAM_MIP_Tolerances_AbsMIPGap                9.9999999999999995e-08
CPXPARAM_MIP_Tolerances_MIPGap                   0
CPXPARAM_MIP_Tolerances_Integrality              0
Tried aggregator 1 time.
LP Presolve eliminated 118 rows and 130 columns.
Aggregator did 50 substitutions.
All rows and columns eliminated.
Presolve time = 0.00 sec. (0.10 ticks)
