Version identifier: 20.1.0.0 | 2020-11-10 | 9bedb6d68
CPXPARAM_Threads                                 4
CPXPARAM_Emphasis_Numerical                      1
CPXPARAM_RandomSeed                              1
CPXPARAM_Simplex_Tolerances_Optimality           1.0000000000000001e-09
CPXPARAM_Simplex_Tolerances_Feasibility          1.0000000000000001e-09
CPXPARAM_MIP_Tolerances_AbsMIPGap                9.9999999999999995e-08
CPXPARAM_MIP_Tolerances_MIPGap                   0
CPXPARAM_MIP_Tolerances_Integrality              0
Found incumbent of value 1716.000000 after 0.00 sec. (0.02 ticks)
Tried aggregator 2 times.
MIP Presolve eliminated 11 rows and 10 columns.
MIP Presolve added 2 rows and 0 columns.
Aggregator did 32 substitutions.
Reduced MIP has 127 rows, 138 columns, and 337 nonzeros.
Reduced MIP has 55 binaries, 0 generals, 0 SOSs, and 0 indicators.
Presolve time = 0.00 sec. (0.35 ticks)
Probing fixed 0 vars, tightened 1 bounds.
Probing time = 0.00 sec. (0.11 ticks)
Tried aggregator 1 time.
Detecting symmetries...
MIP Presolve modified 2 coefficients.
Reduced MIP has 127 rows, 138 columns, and 337 nonzeros.
Reduced MIP has 55 binaries, 0 generals, 0 SOSs, and 0 indicators.
Presolve time = 0.00 sec. (0.28 ticks)
Probing time = 0.00 sec. (0.10 ticks)
MIP emphasis: balance optimality and feasibility.
MIP search method: dynamic search.
Parallel mode: deterministic, using up to 4 threads.
Root relaxation solution time = 0.00 sec. (0.20 ticks)

        Nodes                                         Cuts/
   Node  Left     Objective  IInf  Best Integer    Best Bound    ItCnt     Gap

*     0+    0                         1716.0000        0.0000           100.00%
      0     0      774.3408    38     1716.0000      774.3408       51   54.88%
      0     0     1001.0950    24     1716.0000      Cuts: 86      107   41.66%
*     0+    0                         1369.0000     1001.0950            26.87%
      0     0     1029.0960    26     1369.0000      Cuts: 56      141   24.83%
*     0+    0                         1143.0000     1029.0960             9.97%
      0     0     1053.2334    27     1143.0000      Cuts: 43      164    7.85%
      0     0     1068.3053    26     1143.0000      Cuts: 92      194    6.53%
      0     0     1080.0365    26     1143.0000      Cuts: 28      229    5.51%
*     0+    0                         1127.0000     1080.0365             4.17%

Repeating presolve.
Tried aggregator 2 times.
MIP Presolve eliminated 78 rows and 78 columns.
MIP Presolve modified 2 coefficients.
Aggregator did 1 substitutions.
Reduced MIP has 48 rows, 59 columns, and 126 nonzeros.
Reduced MIP has 22 binaries, 0 generals, 0 SOSs, and 0 indicators.
Presolve time = 0.00 sec. (0.25 ticks)
Probing time = 0.00 sec. (0.01 ticks)
Tried aggregator 1 time.
Detecting symmetries...
Reduced MIP has 48 rows, 59 columns, and 126 nonzeros.
Reduced MIP has 22 binaries, 0 generals, 0 SOSs, and 0 indicators.
Presolve time = 0.00 sec. (0.08 ticks)
Represolve time = 0.02 sec. (0.78 ticks)
Probing time = 0.00 sec. (0.01 ticks)
MIP emphasis: balance optimality and feasibility.
MIP search method: dynamic search.
Parallel mode: deterministic, using up to 4 threads.
Root relaxation solution time = 0.00 sec. (0.38 ticks)

        Nodes                                         Cuts/
   Node  Left     Objective  IInf  Best Integer    Best Bound    ItCnt     Gap

*     0+    0                         1123.0000     1080.0365             3.83%
      0     0     1080.0365    10     1123.0000     1080.0365      284    3.83%
      0     0     1086.5519     8     1123.0000      Cuts: 22      296    3.25%
      0     0     1089.8672     7     1123.0000      Cuts: 12      301    2.95%
      0     0     1093.4182     9     1123.0000       Cuts: 9      308    2.63%
      0     0     1093.8604    12     1123.0000       Cuts: 3      311    2.59%
      0     0     1094.0571    12     1123.0000    MIRcuts: 1      313    2.58%
Detecting symmetries...
      0     0     1094.1470     9     1123.0000    MIRcuts: 2      318    2.57%
      0     0     1095.4029     9     1123.0000      Cuts: 23      324    2.46%
      0     0     1095.4082     9     1123.0000       Cuts: 7      325    2.46%
      0     0     1095.6546     8     1123.0000      Cuts: 12      327    2.44%
*     0+    0                         1122.0000     1095.6546             2.35%
      0     0        cutoff           1122.0000     1122.0000      327    0.00%
Elapsed time = 0.09 sec. (19.07 ticks, tree = 0.01 MB, solutions = 6)

Implied bound cuts applied:  9
Flow cuts applied:  9
Mixed integer rounding cuts applied:  21
Lift and project cuts applied:  1
Gomory fractional cuts applied:  10

Root node processing (before b&c):
  Real time             =    0.09 sec. (19.09 ticks)
Parallel b&c, 4 threads:
  Real time             =    0.00 sec. (0.00 ticks)
  Sync time (average)   =    0.00 sec.
  Wait time (average)   =    0.00 sec.
                          ------------
Total (root+branch&cut) =    0.09 sec. (19.09 ticks)
Version identifier: 20.1.0.0 | 2020-11-10 | 9bedb6d68
CPXPARAM_Threads                                 4
CPXPARAM_Emphasis_Numerical                      1
CPXPARAM_RandomSeed                              1
CPXPARAM_Simplex_Tolerances_Optimality           1.0000000000000001e-09
CPXPARAM_Simplex_Tolerances_Feasibility          1.0000000000000001e-09
CPXPARAM_MIP_Tolerances_AbsMIPGap                9.9999999999999995e-08
CPXPARAM_MIP_Tolerances_MIPGap                   0
CPXPARAM_MIP_Tolerances_Integrality              0
Tried aggregator 1 time.
LP Presolve eliminated 81 rows and 105 columns.
Aggregator did 40 substitutions.
Reduced LP has 47 rows, 35 columns, and 109 nonzeros.
Presolve time = 0.00 sec. (0.13 ticks)
Symmetry aggregator did 45 additional substitutions.
Initializing dual steep norms . . .

Dual crossover.
  Dual:  Fixed no variables.
  Primal:  Fixed no variables.
