Version identifier: 20.1.0.0 | 2020-11-10 | 9bedb6d68
CPXPARAM_Threads                                 4
CPXPARAM_Emphasis_Numerical                      1
CPXPARAM_RandomSeed                              1
CPXPARAM_Simplex_Tolerances_Optimality           1.0000000000000001e-09
CPXPARAM_Simplex_Tolerances_Feasibility          1.0000000000000001e-09
CPXPARAM_MIP_Tolerances_AbsMIPGap                9.9999999999999995e-08
CPXPARAM_MIP_Tolerances_MIPGap                   0
CPXPARAM_MIP_Tolerances_Integrality              0
Found incumbent of value 1563.900000 after 0.00 sec. (0.02 ticks)
Tried aggregator 2 times.
MIP Presolve eliminated 11 rows and 10 columns.
MIP Presolve added 2 rows and 0 columns.
Aggregator did 24 substitutions.
Reduced MIP has 135 rows, 146 columns, and 346 nonzeros.
Reduced MIP has 55 binaries, 0 generals, 0 SOSs, and 0 indicators.
Presolve time = 0.00 sec. (0.34 ticks)
Probing fixed 0 vars, tightened 1 bounds.
Probing time = 0.00 sec. (0.13 ticks)
Tried aggregator 1 time.
Detecting symmetries...
MIP Presolve modified 2 coefficients.
Reduced MIP has 135 rows, 146 columns, and 346 nonzeros.
Reduced MIP has 55 binaries, 0 generals, 0 SOSs, and 0 indicators.
Presolve time = 0.00 sec. (0.26 ticks)
Probing time = 0.00 sec. (0.12 ticks)
MIP emphasis: balance optimality and feasibility.
MIP search method: dynamic search.
Parallel mode: deterministic, using up to 4 threads.
Root relaxation solution time = 0.02 sec. (0.25 ticks)

        Nodes                                         Cuts/
   Node  Left     Objective  IInf  Best Integer    Best Bound    ItCnt     Gap

*     0+    0                         1563.9000        0.0000           100.00%
*     0+    0                         1303.8400        0.0000           100.00%
*     0+    0                         1289.4400        0.0000           100.00%
      0     0      745.0779    25     1289.4400      745.0779       61   42.22%
*     0+    0                          950.8800      745.0779            21.64%
      0     0      815.6934    30      950.8800      Cuts: 60       82   14.22%
      0     0      868.5198    35      950.8800      Cuts: 60      120    8.66%
      0     0      886.4885    37      950.8800      Cuts: 35      141    6.77%
      0     0      888.9559    40      950.8800       Cuts: 9      159    6.51%
      0     0      889.2057    31      950.8800       Cuts: 4      162    6.49%
*     0+    0                          898.9600      889.2057             1.09%
      0     0      889.4355    40      898.9600    MIRcuts: 3      171    1.06%
      0     0        cutoff            898.9600                    171    0.00%
Elapsed time = 0.09 sec. (14.85 ticks, tree = 0.01 MB, solutions = 5)

Flow cuts applied:  2
Mixed integer rounding cuts applied:  23
Flow path cuts applied:  7

Root node processing (before b&c):
  Real time             =    0.09 sec. (14.86 ticks)
Parallel b&c, 4 threads:
  Real time             =    0.00 sec. (0.00 ticks)
  Sync time (average)   =    0.00 sec.
  Wait time (average)   =    0.00 sec.
                          ------------
Total (root+branch&cut) =    0.09 sec. (14.86 ticks)
Version identifier: 20.1.0.0 | 2020-11-10 | 9bedb6d68
CPXPARAM_Threads                                 4
CPXPARAM_Emphasis_Numerical                      1
CPXPARAM_RandomSeed                              1
CPXPARAM_Simplex_Tolerances_Optimality           1.0000000000000001e-09
CPXPARAM_Simplex_Tolerances_Feasibility          1.0000000000000001e-09
CPXPARAM_MIP_Tolerances_AbsMIPGap                9.9999999999999995e-08
CPXPARAM_MIP_Tolerances_MIPGap                   0
CPXPARAM_MIP_Tolerances_Integrality              0
Tried aggregator 1 time.
LP Presolve eliminated 118 rows and 130 columns.
Aggregator did 50 substitutions.
All rows and columns eliminated.
Presolve time = 0.00 sec. (0.10 ticks)
