Version identifier: 20.1.0.0 | 2020-11-10 | 9bedb6d68
CPXPARAM_Threads                                 4
CPXPARAM_Emphasis_Numerical                      1
CPXPARAM_RandomSeed                              1
CPXPARAM_Simplex_Tolerances_Optimality           1.0000000000000001e-09
CPXPARAM_Simplex_Tolerances_Feasibility          1.0000000000000001e-09
CPXPARAM_MIP_Tolerances_AbsMIPGap                9.9999999999999995e-08
CPXPARAM_MIP_Tolerances_MIPGap                   0
CPXPARAM_MIP_Tolerances_Integrality              0
Found incumbent of value 813.130000 after 0.00 sec. (0.02 ticks)
Tried aggregator 2 times.
MIP Presolve eliminated 10 rows and 10 columns.
MIP Presolve added 2 rows and 0 columns.
Aggregator did 19 substitutions.
Reduced MIP has 141 rows, 151 columns, and 363 nonzeros.
Reduced MIP has 55 binaries, 0 generals, 0 SOSs, and 0 indicators.
Presolve time = 0.00 sec. (0.34 ticks)
Probing fixed 0 vars, tightened 1 bounds.
Probing time = 0.00 sec. (0.14 ticks)
Tried aggregator 1 time.
Detecting symmetries...
MIP Presolve modified 4 coefficients.
Reduced MIP has 141 rows, 151 columns, and 363 nonzeros.
Reduced MIP has 55 binaries, 0 generals, 0 SOSs, and 0 indicators.
Presolve time = 0.00 sec. (0.25 ticks)
Probing time = 0.00 sec. (0.14 ticks)
MIP emphasis: balance optimality and feasibility.
MIP search method: dynamic search.
Parallel mode: deterministic, using up to 4 threads.
Root relaxation solution time = 0.00 sec. (0.21 ticks)

        Nodes                                         Cuts/
   Node  Left     Objective  IInf  Best Integer    Best Bound    ItCnt     Gap

*     0+    0                          813.1300        0.0000           100.00%
      0     0      277.3312    39      813.1300      277.3312       46   65.89%
*     0+    0                          792.8000      277.3312            65.02%
      0     0      413.0758    10      792.8000     Cuts: 109       91   47.90%
*     0+    0                          555.8500      413.0758            25.69%
*     0+    0                          537.6000      413.0758            23.16%
      0     0      440.7113     9      537.6000      Cuts: 36      110   18.02%
*     0+    0                          474.8500      440.7113             7.19%
      0     0      446.4150     9      474.8500      Cuts: 15      124    5.99%
*     0+    0                          452.1000      446.4150             1.26%
      0     0      449.5349    10      452.1000      Cuts: 10      133    0.57%
      0     0      450.4280    12      452.1000       Cuts: 3      134    0.37%
Detecting symmetries...
      0     0      450.4768    13      452.1000       Cuts: 6      138    0.36%
      0     0      450.7082     9      452.1000       Cuts: 6      143    0.31%
      0     0      451.9834     8      452.1000       Cuts: 7      148    0.03%
      0     0        cutoff            452.1000                    149    0.00%
Elapsed time = 0.05 sec. (11.28 ticks, tree = 0.01 MB, solutions = 6)

Implied bound cuts applied:  18
Flow cuts applied:  27
Mixed integer rounding cuts applied:  23
Flow path cuts applied:  12
Gomory fractional cuts applied:  25

Root node processing (before b&c):
  Real time             =    0.05 sec. (11.30 ticks)
Parallel b&c, 4 threads:
  Real time             =    0.00 sec. (0.00 ticks)
  Sync time (average)   =    0.00 sec.
  Wait time (average)   =    0.00 sec.
                          ------------
Total (root+branch&cut) =    0.05 sec. (11.30 ticks)
Version identifier: 20.1.0.0 | 2020-11-10 | 9bedb6d68
CPXPARAM_Threads                                 4
CPXPARAM_Emphasis_Numerical                      1
CPXPARAM_RandomSeed                              1
CPXPARAM_Simplex_Tolerances_Optimality           1.0000000000000001e-09
CPXPARAM_Simplex_Tolerances_Feasibility          1.0000000000000001e-09
CPXPARAM_MIP_Tolerances_AbsMIPGap                9.9999999999999995e-08
CPXPARAM_MIP_Tolerances_MIPGap                   0
CPXPARAM_MIP_Tolerances_Integrality              0
Tried aggregator 1 time.
LP Presolve eliminated 82 rows and 91 columns.
Aggregator did 28 substitutions.
Reduced LP has 58 rows, 61 columns, and 147 nonzeros.
Presolve time = 0.00 sec. (0.14 ticks)
Initializing dual steep norms . . .

Iteration log . . .
Iteration:     1   Dual objective     =           416.100000
